  401238     304E Code                ABERROR_TEXT
  404288      1F9 Code                ABFILE_TEXT
  404484      249 Code                ABFUZZY_TEXT
  4046D0       C2 Code                ABRESIZE_TEXT
  404794      102 Code                ABTOOLBA_TEXT
  404898     1174 Code                ABUTIL_TEXT
  405A0C     20A0 Code                ABWINDOW_TEXT
  407AAC       D2 Code                CWSYNCHC_TEXT
  407B80       2D Code                IEXE32_TEXT
  407BB0      3D2 Code                INIT_TEXT
  407F84        D Code                INST00_TEXT
  407F94      478 Code                SCLOADLIBRARYHACK_TEXT
  40840C       31 Code                SVC001_TEXT
  408440     1F44 Code                SVC003_TEXT
  40A384     12AD Code                SVC004_TEXT
  40B634      CBF Code                SVC005_TEXT
  40C2F4      1C2 Code                SVC006_TEXT
  40C4B8     1482 Code                SVC007_TEXT
  40D93C      479 Code                SVC008_TEXT
  40DDB8      156 Code                SVC009_TEXT
  40DF10      5DA Code                SVC010_TEXT
  40E4EC      52D Code                SVC011_TEXT
  40EA1C      1F5 Code                SVC012_TEXT
  40EC14       6D Code                SVC013_TEXT
  40EC84       2D Code                SVC014_TEXT
  40ECB4      4BC Code                SVC015_TEXT
  40F170     6C2D Code                SVC016_TEXT
  415DA0      89E Code                SVC017_TEXT
  416640      C3D Code                SVC018_TEXT
  417280      345 Code                SVC019_TEXT
  4175C8      146 Code                SVC020_TEXT
  417710      146 Code                SVC021_TEXT
  417858      961 Code                SVC022_TEXT
  4181BC       F7 Code                SVC023_TEXT
  4182B4      75F Code                SVC024_TEXT
  418A14       B6 Code                SVC025_TEXT
  418ACC      614 Code                SVC026_TEXT
  4190E0     1C8A Code                SVC027_TEXT
  41AD6C      293 Code                SVC028_TEXT
  41B000      538 Code                SVC029_TEXT
  41B538      94D Code                SVC030_TEXT
  41BE88      193 Code                SVC031_TEXT
  41C01C       15 Code                SVCBC0_TEXT
  41C034       1B Code                SVCBC_TEXT
  41C050      7A3 Code                SVC_TEXT
  41D000   140CD4 Initialized Data    $GSCM:DEFAULTSERVICECONFIG2AGRP_
  55DCD4     6B29 Initialized Data    $GSCM:DEFAULTSERVICECONFIGAGRP_D
  564800       2A Initialized Data    ABEIP_CONST
  56482C       3C Initialized Data    ABEIP_DATA
  564868      6E8 Initialized Data    ABERROR_CONST
  564F50     1BF0 Initialized Data    ABERROR_DATA
  566B40        0 Initialized Data    ABFILE_CONST
  566B40      147 Initialized Data    ABFILE_DATA
  566C88       B4 Initialized Data    ABFUZZY_DATA
  566D3C       1D Initialized Data    ABTOOLBA_CONST
  566D5C      145 Initialized Data    ABUTIL_CONST
  566EA4       AB Initialized Data    ABUTIL_DATA
  566F50       39 Initialized Data    ABWINDOW_CONST
  566F8C       3F Initialized Data    ABWINDOW_DATA
  566FCC       48 Initialized Data    CWSYNCHC_DATA
  567014        E Initialized Data    CWUTIL_CONST
  567024       36 Initialized Data    CWUTIL_DATA
  56705C       3C Initialized Data    IEXE32_DATA
  567098       16 Initialized Data    SVC001_CONST
  5670B0     19DF Initialized Data    SVC003_CONST
  568A90     1253 Initialized Data    SVC004_CONST
  569CE4      A89 Initialized Data    SVC005_CONST
  56A770      113 Initialized Data    SVC006_CONST
  56A884     1795 Initialized Data    SVC007_CONST
  56C01C      332 Initialized Data    SVC008_CONST
  56C350      10D Initialized Data    SVC009_CONST
  56C460      878 Initialized Data    SVC010_CONST
  56CCD8      572 Initialized Data    SVC011_CONST
  56D24C      12A Initialized Data    SVC012_CONST
  56D378      34A Initialized Data    SVC015_CONST
  56D6C4     7956 Initialized Data    SVC016_CONST
  57501C      33C Initialized Data    SVC017_CONST
  575358      12B Initialized Data    SVC018_CONST
  575484       5A Initialized Data    SVC019_CONST
  5754E0       EE Initialized Data    SVC020_CONST
  5755D0       EC Initialized Data    SVC021_CONST
  5756BC      A34 Initialized Data    SVC022_CONST
  5760F0       8F Initialized Data    SVC023_CONST
  576180      66B Initialized Data    SVC024_CONST
  5767EC      3B6 Initialized Data    SVC026_CONST
  576BA4      C75 Initialized Data    SVC027_CONST
  57781C       4D Initialized Data    SVC028_CONST
  57786C      4BB Initialized Data    SVC029_CONST
  577D28      92B Initialized Data    SVC030_CONST
  578654      1A1 Initialized Data    SVC031_CONST
  5787F8      5B1 Initialized Data    SVC_CONST
  578DAC      5D5 Initialized Data    SVC_DATA
  579384        0 Initialized Data    __CPPINI_CONS
  579384      540 Initialized Data    __CPPINI_CONST
  5798C4        4 Initialized Data    __CPPINI_END
  5798C8        0 Initialized Data    __INIVMT_CONS
  5798C8       58 Initialized Data    __INIVMT_CONST
  579920        0 Initialized Data    __INIVMT_CONST_END
  579920   140CD3 Un-initialized Data $GSCM:CHANGESERVICECONFIG2AGRP_B
  6BA5F4     6401 Un-initialized Data $GSCM:DEPENDENCIESARRAYGRP_BSS
  6C09F8   140DD2 Un-initialized Data $GSCM:QUERYSERVICECONFIG2AGRP_BS
  8017CC     6B25 Un-initialized Data $GSCM:QUERYSERVICECONFIGAGRP_BSS
  8082F4       40 Un-initialized Data ABEIP_BSS
  808334      404 Un-initialized Data ABERROR_BSS
  808738       10 Un-initialized Data ABFILE_BSS
  808748        4 Un-initialized Data ABFUZZY_BSS
  80874C      104 Un-initialized Data ABUTIL_BSS
  808850        0 Un-initialized Data CWUTIL_BSS
  808850     4B1C Un-initialized Data SVC_BSS
  80E000        8 __T_L_S__DAT
  80E008      130 __T_L_S__DATA
  80E138        0 __T_L_S__DATA_END
  80E140        0 __T_L_S__BS
  80E140    11044 __T_L_S__BSS
  81F184        0 __T_L_S__BSS_END

  401238 REPLACE@FsbsbRsc
  401360 KILL_@_WINDOWCOMPONENT_@_HISTHANDLERCLASS@F15WINDOWCOMPONENT
  40136C RESET_@_WINDOWCOMPONENT_@_HISTHANDLERCLASS@F15WINDOWCOMPONENTUc
  401380 RESETREQUIRED_@_WINDOWCOMPONENT_@_HISTHANDLERCLASS@F15WINDOWCOMPONENT
  401390 SETALERTS_@_WINDOWCOMPONENT_@_HISTHANDLERCLASS@F15WINDOWCOMPONENT
  40139C TAKEEVENT_@_WINDOWCOMPONENT_@_HISTHANDLERCLASS@F15WINDOWCOMPONENT
  4013B8 UPDATE_@_WINDOWCOMPONENT_@_HISTHANDLERCLASS@F15WINDOWCOMPONENT
  4013C4 UPDATEWINDOW_@_WINDOWCOMPONENT_@_HISTHANDLERCLASS@F15WINDOWCOMPONENT
  4013E4 VLBPROC@F16HISTHANDLERCLASSls
  4014E0 TAKEEVENT@F16HISTHANDLERCLASS
  4015C0 INIT@F16HISTHANDLERCLASSBw10ERRORCLASS16ERRORHISTORYLIST
  4015F8 _VLBPROC@F16HISTHANDLERCLASSls
  401630 TAKEACCEPTED@F11MSGBOXCLASS
  401680 SETUPADDITIONALFEQS@F11MSGBOXCLASS
  401718 KILL@F11MSGBOXCLASS
  40176C INIT@F11MSGBOXCLASS
  401A58 INIT@F11MSGBOXCLASSBw10ERRORCLASSOsbllll
  401B14 FETCHSTDBUTTON@F11MSGBOXCLASSs
  401B68 GETALLSTATUSVARIABLES@F10ERRORCLASS16ERRORSTATUSGROUP
  401BE0 GETERRORBUFFERFATALITY@F10ERRORCLASS
  401C4C GETERRORBUFFERTITLE@F10ERRORCLASS
  401CC0 GETERRORBUFFERID@F10ERRORCLASS
  401D1C STOREERRORENTRY@F10ERRORCLASSUs
  401EAC GETHISTORYRESETONVIEW@F10ERRORCLASS
  401F00 SETHISTORYRESETONVIEW@F10ERRORCLASSUc
  401F58 GETHISTORYVIEWLEVEL@F10ERRORCLASS
  401FAC SETHISTORYVIEWLEVEL@F10ERRORCLASSl
  402004 GETHISTORYTHRESHOLD@F10ERRORCLASS
  402058 SETHISTORYTHRESHOLD@F10ERRORCLASSl
  4020B0 GETLOGERRORS@F10ERRORCLASS
  402104 GETSILENT@F10ERRORCLASS
  402158 SETDEFAULTCATEGORY@F10ERRORCLASSsa
  4021B0 GETDEFAULTCATEGORY@F10ERRORCLASS
  402204 VIEWHISTORY@F10ERRORCLASS
  402268 THROW@F10ERRORCLASSs
  402294 TAKEUSER@F10ERRORCLASS
  402304 TAKEPROGRAM@F10ERRORCLASS
  402320 TAKEOTHER@F10ERRORCLASS
  40233C TAKENOTIFY@F10ERRORCLASS
  402398 TAKEFATAL@F10ERRORCLASS
  402428 TAKEERROR@F10ERRORCLASSs
  40261C TAKEBENIGN@F10ERRORCLASS
  40262C SUBSSTRING@F10ERRORCLASS
  402A40 GETERRORENTRY@F10ERRORCLASSUs15ERRORENTRYGROUPl
  402AF0 GETERRORENTRY@F10ERRORCLASSUs15ERRORENTRYGROUP
  402B54 SETID@F10ERRORCLASSUsl
  402BD4 SETID@F10ERRORCLASSUs
  402C38 SETERRORS@F10ERRORCLASS
  402CFC SETERRORLOG@F10ERRORCLASS17ERRORLOGINTERFACE
  402DE4 SETCATEGORY@F10ERRORCLASSssa
  402E7C RESETHISTORY@F10ERRORCLASS
  402EE0 REMOVEERROR@F10ERRORCLASSUs
  402F80 MESSAGEBOX@F10ERRORCLASSUcsbOsbOsblll
  403014 MSG@F10ERRORCLASSsbOsbOsblll
  4033EC MESSAGE@F10ERRORCLASSsll
  403480 KILL@F10ERRORCLASS
  403550 INIT@F10ERRORCLASS16ERRORSTATUSCLASS
  4035BC INIT@F10ERRORCLASS
  4036DC HISTORYMSG@F10ERRORCLASSsblll
  4038A0 GETPROCEDURENAME@F10ERRORCLASS
  4039E4 GETCATEGORY@F10ERRORCLASSs
  403A98 ADDHISTORY@F10ERRORCLASS
  403B2C ADDERRORS@F10ERRORCLASS10ERRORBLOCK
  403D04 ADDERROR@F10ERRORCLASSUsRsbRsbUcsa
  403E2C DESTRUCT@F10ERRORCLASS
  403E54 CONSTRUCT@F10ERRORCLASS
  403E78 DESTRUCT@F16ERRORSTATUSCLASS
  403EBC CONSTRUCT@F16ERRORSTATUSCLASS
  404030 CLOSE_@_ERRORLOGINTERFACE_@_STANDARDERRORLOGCLASS@F17ERRORLOGINTERFACEUc
  404050 OPEN_@_ERRORLOGINTERFACE_@_STANDARDERRORLOGCLASS@F17ERRORLOGINTERFACEUc
  404070 TAKE_@_ERRORLOGINTERFACE_@_STANDARDERRORLOGCLASS@F17ERRORLOGINTERFACEsb
  404118 CLOSE@F21STANDARDERRORLOGCLASSUc
  4041A4 OPEN@F21STANDARDERRORLOGCLASSUc
  404258 DESTRUCT@F21STANDARDERRORLOGCLASS
  404270 CONSTRUCT@F21STANDARDERRORLOGCLASS
  404288 DESTRUCT@F12FILESMANAGER
  4042E4 CONSTRUCT@F12FILESMANAGER
  404348 TRYREGET@F11FILEMANAGERsb
  4043F8 POSITION@F11FILEMANAGER
  404484 SETOPTION@F10FUZZYCLASSUcUc
  40450C KILL@F10FUZZYCLASS
  404518 INIT@F10FUZZYCLASS
  404540 CONSTRUCT@F10FUZZYCLASS
  4046D0 TAKERESIZE@F17WINDOWRESIZECLASS
  4046EC KILL@F17WINDOWRESIZECLASS
  404794 SETTARGET@F12TOOLBARCLASSl
  404898 UPDATEQUEUE@F8INICLASSsbsbBqRuPuPuPu
  404AC4 UPDATE@F8INICLASSsbsbsb
  404B84 UPDATE@F8INICLASS
  404B90 TRYFETCH@F8INICLASSsbsb
  404C08 REMOVE@F8INICLASSsbsb
  404D98 KILL@F8INICLASS
  404EDC INIT@F8INICLASSsbll
  405018 FETCHQUEUE@F8INICLASSsbsbBqRuPuPuPu
  405284 FETCHFIELD@F8INICLASSsbsbUc
  4053F0 FETCH@F8INICLASSsbsb
  405578 FETCH@F8INICLASS
  405584 UPDATE@F8INICLASSsbsbsbsb
  405784 FETCH@F8INICLASSsbsbsbsb
  4059C8 DESTRUCT@F8INICLASS
  4059F0 CONSTRUCT@F8INICLASS
  405A0C SAVEONINSERTACTION@F13WINDOWMANAGER
  405AF0 SAVEONCHANGEACTION@F13WINDOWMANAGER
  405C44 DELETEACTION@F13WINDOWMANAGER
  405E40 CHANGEACTION@F13WINDOWMANAGER
  406258 INSERTACTION@F13WINDOWMANAGER
  4064BC TAKEDISABLEBUTTON@F13WINDOWMANAGERlUc
  406500 UPDATE@F13WINDOWMANAGER
  406558 TAKEWINDOWEVENT@F13WINDOWMANAGER
  4066BC TAKESELECTED@F13WINDOWMANAGER
  4066CC TAKEREJECTED@F13WINDOWMANAGER
  406714 TAKENOTIFY@F13WINDOWMANAGERlll
  40673C TAKENEWSELECTION@F13WINDOWMANAGER
  4067C0 TAKEFIELDEVENT@F13WINDOWMANAGER
  4067D0 TAKEEVENT@F13WINDOWMANAGER
  4069AC TAKECLOSEEVENT@F13WINDOWMANAGER
  406BA4 TAKECOMPLETED@F13WINDOWMANAGER
  406CC8 TAKEACCEPTED@F13WINDOWMANAGER
  406E00 SETRESPONSE@F13WINDOWMANAGERUc
  406E60 SETALERTS@F13WINDOWMANAGER
  406F38 SAVEHISTORY@F13WINDOWMANAGER
  407004 RUN@F13WINDOWMANAGERUsUc
  407024 RUN@F13WINDOWMANAGER
  407074 RESTOREFIELD@F13WINDOWMANAGERl
  407254 RESETBUFFERS@F13WINDOWMANAGERUc
  4072BC RESET@F13WINDOWMANAGERUc
  407374 PRIMEUPDATE@F13WINDOWMANAGER
  407520 PRIMEFIELDS@F13WINDOWMANAGER
  40752C POSTCOMPLETED@F13WINDOWMANAGER
  4075E0 OPEN@F13WINDOWMANAGERBwBw
  407644 OPEN@F13WINDOWMANAGER
  407690 KILL@F13WINDOWMANAGER
  40784C INIT@F13WINDOWMANAGER
  4078F4 ASK@F13WINDOWMANAGER
  407964 ADDITEM@F13WINDOWMANAGER15WINDOWCOMPONENT
  4079D4 DISABLECANCELCONTROLS@F13WINDOWMANAGER
  407A40 ENABLECANCELCONTROLS@F13WINDOWMANAGER
  407AAC DESTRUCT@F15CRITICALSECTION
  407ACC CONSTRUCT@F15CRITICALSECTION
  407AE8 KILL@F17CRITICALPROCEDURE
  407B1C INIT@F17CRITICALPROCEDURE11ISYNCOBJECT
  407B54 DESTRUCT@F17CRITICALPROCEDURE
  407B68 CONSTRUCT@F17CRITICALPROCEDURE
  407F84 __thr_inst0
  407F94 ISWA_WaitForMultipleObjectsEx
  407FCC ISWA_SetEvent
  407FEC ISWA_CloseHandle
  40800C ISWA_CreateEventExA
  408044 ISWA_CreateEventA
  40807C ISWA_Process32Next
  4080A4 ISWA_Process32First
  4080CC ISWA_CreateToolhelp32Snapshot
  4080F4 ISWA_GetACP
  408108 ISWA_WideCharToMultiByte
  40814C ISWA_GetCurrentProcess
  408160 ISWA_NtQueryInformationProcess
  408198 ISWA_GetVersionExA
  4081B8 ISWA_SetServiceStatus
  4081E0 ISWA_RegisterServiceCtrlHandlerExA
  408210 ISWA_StartServiceCtrlDispatcherA
  408230 ISWA_ChangeServiceConfig2A
  408260 ISWA_ChangeServiceConfigA
  4082AC ISWA_QueryServiceConfig2A
  4082E4 ISWA_QueryServiceConfigA
  40831C ISWA_DeleteService
  40833C ISWA_OpenServiceA
  40836C ISWA_CreateServiceA
  4083BC ISWA_CloseServiceHandle
  4083DC ISWA_OpenSCManagerA
  40840C MAIN@F
  408440 SERVICEHANDLEREXA
  40A4CC LOADLIBRARYEX@F
  40B89C COUNT_CLARIONSERVICE_INSTANCES@F
  40C2F4 FREELIBRARYEX@F
  40C4B8 SERVICEMAIN
  40D93C SETSERVICESTATUS@F
  40DDB8 SETSERVICESTATUSSERVICETYPE@FOUl
  40DF10 SETSERVICESTATUSCONTROLSACCEPTED@FOUl
  40E4EC SETSERVICESTATUSEXITCODE@FOUlOUl
  40EA1C SETSERVICESTATUSCURRENTSTATE@FUlOUlOUl
  40EC14 DSS@Fsb
  40EC84 DSC@FRsc
  40ECB4 COMMANDLINEPROCESSOR@F
  40F170 SVC016$CREATEWAITOBJECTEVENTHANDLES@F
  415DA0 SVC017$OPENSCMANAGERA@F
  416640 SVC018$CHANGESERVICECONFIG2A@F
  417280 SVC019$CHANGESERVICECONFIGA@F
  4175C8 SVC020$CLOSESCMANAGERHANDLE@F
  417710 SVC021$CLOSESERVICEHANDLE@F
  417858 SVC022$CREATESERVICEA@F
  4181BC SVC023$DELETESERVICE@F
  4182B4 NTQUERYINFORMATIONPROCESS@F
  418A14 UNICODESTRINGTOANSISTRING@FlRsc
  418ACC SVC026$OPENSERVICEA@F
  4190E0 SVC027$QUERYSERVICECONFIG2A@F
  41AD6C SVC028$QUERYSERVICECONFIGA@F
  41B000 SERVICEINSTALLCHECKDELETE@F
  41B538 GETVERSIONEXA@F
  41BE88 SVC031$CLOSEWAITOBJECTEVENTHANDLES@F
  41C01C SVCBC0$SVCBC0:FILESINIT@F
  41C024 SVCBC0$SVCBC0:DCTKILL@F
  41C02C SVCBC0$SVCBC0:DCTINIT@F
  41C034 DCTKILL@F
  41C040 DCTINIT@F
  41C050 _main
  41C7C4 DESTRUCT@F10DICTIONARY
  41C7D8 CONSTRUCT@F10DICTIONARY
  41D000 $GSCM:DEFAULTSERVICECONFIG2AGRP
  55DCD4 $GSCM:DEFAULTSERVICECONFIGAGRP
  56482C TYPE$COLORMAP
  564858 TCB$COLORMAP
  564F50 STDERRORFILE$TYPE$RECORD
  564F68 $STDERRORFILE
  564FB4 TYPE$PNQ
  564FD4 TYPE$DEFAULTERRORS
  565234 $DEFAULTERRORS
  5663A8 TYPE$HISTHANDLERCLASS
  5663F0 VMT$HISTHANDLERCLASS
  566420 TYPE$MSGBOXCLASS
  566698 VMT$MSGBOXCLASS
  566720 TYPE$ERRORCLASS
  5669A4 VMT$ERRORCLASS
  5669F0 TYPE$STANDARDERRORLOGCLASS
  566A28 VMT$STANDARDERRORLOGCLASS
  566A40 TYPE$ERRORSTATUSCLASS
  566B34 VMT$ERRORSTATUSCLASS
  566B40 TYPE$UNTHREADEDFILEOPENERMAP
  566B64 TCB$UNTHREADEDFILEOPENERMAP
  566B74 TYPE$FILESMANAGER
  566BB8 VMT$FILESMANAGER
  566BC4 TYPE$FILEMAPPING_T
  566BF0 TYPE$FILEMAPPING_R
  566C20 TYPE$STATUSQ_T
  566C88 TYPE$FUZZYCLASS
  566D30 VMT$FUZZYCLASS
  566EBC TYPE$INICLASS
  566F04 VMT$INICLASS
  566F8C TYPE$BUTTONLIST
  566FB0 TYPE$COMPONENTLIST
  566FCC TYPE$CRITICALSECTION
  566FE4 VMT$CRITICALSECTION
  566FF0 TYPE$CRITICALPROCEDURE
  567008 VMT$CRITICALPROCEDURE
  578DAC TYPE$GLLQ:GLOBALLOADLIBRARYQ
  578E24 TCB$GLLQ:GLOBALLOADLIBRARYQ
  578E34 TYPE$DICTIONARY
  578E44 VMT$DICTIONARY
  578E50 $GSCM:SERVICENAME
  578F50 $GSS:SERVICESTATUS
  578F6C $GSCM:SERVICESTARTNAME
  57936C $GSCM:ERRORCONTROL
  579370 $GSCM:STARTTYPE
  579374 $GSCM:SERVICETYPE
  579378 $GSCM:SERVICEDESIREDACCESS
  57937C $GSCM:SCMDESIREDACCESS
  579380 $GCL:COMMANDLINEACTION
  5798C8 VMTP$DICTIONARY
  5798D0 VMTP$FILESMANAGER
  5798D8 VMTP$INICLASS
  5798E0 VMTP$HISTHANDLERCLASS
  5798E8 VMTP$MSGBOXCLASS
  5798F0 VMTP$ERRORCLASS
  5798F8 VMTP$STANDARDERRORLOGCLASS
  579900 VMTP$ERRORSTATUSCLASS
  579908 VMTP$FUZZYCLASS
  579910 VMTP$CRITICALSECTION
  579918 VMTP$CRITICALPROCEDURE
  579920 $GSCM:CHANGESERVICECONFIG2AGRP
  6BA5F4 $GSCM:DEPENDENCIESARRAYGRP
  6C09F8 $GSCM:QUERYSERVICECONFIG2AGRP
  8017CC $GSCM:QUERYSERVICECONFIGAGRP
  8082F4 $COLORMAP
  80832C $MULTIWINDOW
  808330 $TXTWINDOW
  808334 $WINDOW
  808338 STDERRORFILE$RECORD
  808738 $UNTHREADEDFILEOPENERMAP
  808740 $CREATEOPENERCRIT
  808748 P197$MEMOS$DBTEXTLOGFILE
  808850 $GOVIE:OSVERSIONINFOEXA
  8088EC $GSCV:SERVICETABLEENTRYA
  80893C $GLLQ:GLOBALLOADLIBRARYQ
  809148 $FUZZYMATCHER
  80A76C $GLOBALERRORS
  80A7A0 $INIMGR
  80A8B8 $GNTQ:PROCESSBASICINFORMATIONGRP
  80A8D0 $GSPD:SCMPROCESSID
  80A8D4 $GLO:SERVICEINSTANCES
  80A8D8 $GLO:RVBOOL
  80A8DC $GLLA:STARTSERVICECTRLDISPATCHERA
  80A8E0 $GLO:LASTERROR
  80A8E4 $LCURRENTFDSETTING
  80A8E8 $LADJFDSETTING
  80A8EC $GSCV:SERVICECTRLHANDLERHANDLE
  80A8F0 $GLLA:WAITFORMULTIPLEOBJECTSEX
  80A8F4 $GLLA:WAITFORSINGLEOBJECT
  80A8F8 $GLLA:GETPROCADDRESS
  80A8FC $GLLA:GETMODULEHANDLEA
  80A900 $GLLA:RESETEVENT
  80A904 $GLLA:SETEVENT
  80A908 $GLLA:PROCESS32NEXT
  80A90C $GLLA:PROCESS32FIRST
  80A910 $GLLA:CREATETOOLHELP32SNAPSHOT
  80A914 $GLLA:GETCURRENTPROCESSID
  80A918 $GLLA:GETPROCESSIMAGEFILENAMEA
  80A91C $GLLA:LSTRLENW
  80A920 $GLLA:GETACP
  80A924 $GLLA:WIDECHARTOMULTIBYTE
  80A928 $GLLA:GETCURRENTPROCESS
  80A92C $GLLA:NTQUERYINFORMATIONPROCESS
  80A930 $GLLA:SHGETFOLDERPATHA
  80A934 $GLLA:GETMODULEFILENAMEEXA
  80A938 $GLLA:OPENPROCESS
  80A93C $GLLA:EXITPROCESS
  80A940 $GLLA:GETVERSIONEXA
  80A944 $GLLA:CLOSEHANDLE
  80A948 $GLLA:CREATEEVENTEXA
  80A94C $GLLA:CREATEEVENTA
  80A950 $GLLA:SETSERVICESTATUS
  80A954 $GLLA:REGISTERSERVICECTRLHANDLERA
  80A958 $GLLA:CHANGESERVICECONFIG2A
  80A95C $GLLA:CHANGESERVICECONFIGA
  80A960 $GLLA:QUERYSERVICECONFIG2A
  80A964 $GLLA:QUERYSERVICECONFIGA
  80A968 $GLLA:DELETESERVICE
  80A96C $GLLA:OPENSERVICEA
  80A970 $GLLA:CREATESERVICEA
  80A974 $GLLA:CLOSESERVICEHANDLE
  80A978 $GLLA:OPENSCMANAGERA
  80A97C $GS:PROCESSENTRY32
  80AAA4 $GSCM:CHANGESERVICECONFIGAGRP
  80AACC $GSCM:PASSWORD
  80AECC $GSCM:TAGID
  80AED0 $GSCM:LOADORDERGROUP
  80AFD0 $GSCM:BINARYPATHNAME
  80B3D0 $GSCM:SERVICELASTERROR
  80B3D4 $GSCM:SERVICEHANDLE
  80B3D8 $GSCM:SCMLASTERROR
  80B3DC $GSCM:SCMHANDLE
  80B3E0 $GSCM:DATABASENAME
  80B7E0 $GSCM:MACHINENAME
  80BBE0 $GEC:EXITCODE
  80BBE4 $GEC:EXITAPP
  80BBE8 $GCL:BINARYFILENAME
  80BFE8 $GCL:BINARYPATH
  80C3E8 $GCL:COMMANDLINEFLAGS
  80C7E8 $GCL:COMMANDLINE
  80CBE8 $GWOS:RV:WAITOBJECT:SIGNALEVENT
  80CBEC $GWOE:EVENT:SERVICE_ACCEPT_USERMODEREBOOT
  80CBF0 $GWOE:EVENT:SERVICE_ACCEPT_TRIGGEREVENT
  80CBF4 $GWOE:EVENT:SERVICE_ACCEPT_TIMECHANGE
  80CBF8 $GWOE:EVENT:SERVICE_ACCEPT_PRESHUTDOWN
  80CBFC $GWOE:EVENT:SERVICE_ACCEPT_SESSIONCHANGE
  80CC00 $GWOE:EVENT:SERVICE_ACCEPT_POWEREVENT
  80CC04 $GWOE:EVENT:SERVICE_ACCEPT_HARDWAREPROFILECHANGE
  80CC08 $GWOE:EVENT:SERVICE_ACCEPT_DEVICEEVENT
  80CC0C $GWOE:EVENT:SERVICE_ACCEPT_NETBINDDISABLE
  80CC10 $GWOE:EVENT:SERVICE_ACCEPT_NETBINDENABLE
  80CC14 $GWOE:EVENT:SERVICE_ACCEPT_NETBINDREMOVE
  80CC18 $GWOE:EVENT:SERVICE_ACCEPT_NETBINDCHANGE
  80CC1C $GWOE:EVENT:SERVICE_ACCEPT_NETBINDADD
  80CC20 $GWOE:EVENT:SERVICE_ACCEPT_PARAMCHANGE
  80CC24 $GWOE:EVENT:SERVICE_ACCEPT_SHUTDOWN
  80CC28 $GWOE:EVENT:SERVICE_ACCEPT_INTERROGATE
  80CC2C $GWOE:EVENT:SERVICE_ACCEPT_CONTINUE
  80CC30 $GWOE:EVENT:SERVICE_ACCEPT_PAUSE
  80CC34 $GWOE:EVENT:SERVICE_ACCEPT_STOP
  80CC38 $GWOE:EVENT:WAITOBJECTHANDLESARRAYCNT
  80CC3C $GWOE:EVENT:WAITOBJECTHANDLESARRAY
  80CD3C $GOVIE:WINDOWSVERSION
  80CD44 $GNN:HIGHESTNODENUMBER
  80CD48 $GNTQ:RTL_USER_PROCESS_PARAMETERS
  80CD90 $GNTQ:PEB
  80CF68 $GSPD:SCMMODULEFILENAME
  80D368 $GSPD:SCMPROCESSHANDLE
  80E008 P20$OUTFILE
  80E054 P21$INFILE
  80E0A0 P197$DBTEXTLOGFILE
  80E0EC P82$EXTRACTFILE
  80E144 P20$OUTFILE$OUTFILE@:RECORD
  816148 P21$INFILE$INFILE@:RECORD
  81E148 $GLOBALERRORSTATUS
  81E868 $GLOBALREQUEST
  81E86C $GLOBALRESPONSE
  81E870 $VCRREQUEST
  81E874 $DICTIONARY
  81E878 $FILESMANAGER
  81E890 $SZDBTEXTLOG
  81E998 P197$DBTEXTLOGFILE$RECORD
  81ED84 P82$EXTRACTFILE$EXTRACTFILE@:RECORD
  820000 __import_section_start
  8210EC __import_section_end

Imports
c60ascx:ASCII 820080
c60dosx:DOS 820090
c60runx:AttachThreadToClarion 8202C8,401000
c60runx:Cla$ACCEPTED 8202CC,401008
c60runx:Cla$ADDqueue 8202D0
c60runx:Cla$AssertFailed 8202D4
c60runx:Cla$AssertFailedM 8202D8
c60runx:Cla$AssignRefUfo 8202DC
c60runx:Cla$BEEP 8202E0,401010
c60runx:Cla$CLEAR 8202E4
c60runx:Cla$clearstr 8202E8
c60runx:Cla$ClearType 8202EC
c60runx:Cla$CLOCK 8202F0,401018
c60runx:Cla$CLOSEwindow 8202F4,401020
c60runx:Cla$code 8202F8
c60runx:Cla$COMMAND 8202FC,401028
c60runx:Cla$comparestr 820300
c60runx:Cla$DecAdd 820304
c60runx:Cla$DecDistinct 820308
c60runx:Cla$DecDistinctR 82030C
c60runx:Cla$DecDivide 820310
c60runx:Cla$DecSub 820314
c60runx:Cla$DELETEqueue 820318,401030
c60runx:Cla$DELETEREG 82031C,401038
c60runx:Cla$DISABLE 820320,401040
c60runx:Cla$DISPLAY 820324,401048
c60runx:Cla$DISPOSEqueue 820328
c60runx:Cla$DISPOSEref 82032C
c60runx:Cla$Dlongpower 820330
c60runx:Cla$DPopDec 820334
c60runx:Cla$DPopLong 820338
c60runx:Cla$DPopReal 82033C
c60runx:Cla$DPopUlong 820340
c60runx:Cla$DPushConstant 820344
c60runx:Cla$DPushDec 820348
c60runx:Cla$DPushLong 82034C
c60runx:Cla$DPushULong 820350
c60runx:Cla$duplicate 820354
c60runx:Cla$ENABLE 820358,401050
c60runx:Cla$EndEventLoop 82035C
c60runx:Cla$ERRORCODE 820360,401058
c60runx:Cla$EVENT 820364,401060
c60runx:Cla$FIELD 820368,401068
c60runx:Cla$FILEERRORCODE 82036C,401070
c60runx:Cla$FILEERRORMSG 820370,401078
c60runx:Cla$FileExists 820374,401080
c60runx:Cla$FILE_ADDf 820378
c60runx:Cla$FILE_CLOSE 82037C,401088
c60runx:Cla$FILE_CREATE 820380
c60runx:CLA$FILE_DESTROY 820384
c60runx:Cla$FILE_NAME 820388,401090
c60runx:Cla$FILE_OPEN 82038C,401098
c60runx:Cla$FILE_POSITIONf 820390,4010A0
c60runx:Cla$FILE_POSITIONk 820394,4010A8
c60runx:Cla$FILE_REGETf 820398,4010B0
c60runx:Cla$FILE_REGETk 82039C,4010B8
c60runx:Cla$FOCUS 8203A0,4010C0
c60runx:Cla$FREEqueue 8203A4
c60runx:Cla$FREEqueuea 8203A8,4010C8
c60runx:Cla$freestr 8203AC
c60runx:Cla$FreeUfo 8203B0
c60runx:Cla$freewindow 8203B4
c60runx:Cla$GETINI 8203B8,4010D0
c60runx:Cla$GetPropS 8203BC
c60runx:Cla$GETqueuekey 8203C0,4010D8
c60runx:Cla$GETqueueptr 8203C4
c60runx:Cla$GETREG 8203C8,4010E0
c60runx:Cla$HALT 8203CC,4010E8
c60runx:Cla$init 8203D0
c60runx:Cla$INSTANCE 8203D4,4010F0
c60runx:Cla$KEYCODE 8203D8,4010F8
c60runx:Cla$loaddec 8203DC
c60runx:Cla$longtostr 8203E0
c60runx:Cla$Mem2Ufo 8203E4
c60runx:Cla$MessageBox 8203E8,401100
c60runx:Cla$NewCriticalSection 8203EC,401108
c60runx:Cla$NewMemB 8203F0
c60runx:Cla$NewMemT 8203F4
c60runx:Cla$NewMemZ 8203F8
c60runx:Cla$NEWqueue 8203FC
c60runx:Cla$NOTIFICATION 820400,401110
c60runx:Cla$OPENowned 820404,401118
c60runx:Cla$OPENwindow 820408,401120
c60runx:Cla$PEEK 82040C
c60runx:Cla$POINTERqueue 820410,401128
c60runx:Cla$PopAString 820414
c60runx:Cla$PopBind 820418,401130
c60runx:Cla$PopCString 82041C
c60runx:Cla$PopString 820420
c60runx:Cla$PopTemp 820424
c60runx:Cla$POST 820428,401138
c60runx:Cla$PushAString 82042C
c60runx:Cla$PushBind 820430,401140
c60runx:Cla$PushCString 820434
c60runx:Cla$PushLong 820438
c60runx:Cla$PushPictLong 82043C
c60runx:Cla$PushReal 820440
c60runx:Cla$PushString 820444
c60runx:Cla$PushUfo 820448
c60runx:Cla$PUTINI 82044C,401148
c60runx:Cla$PUTqueue 820450
c60runx:Cla$PUTREG 820454,401150
c60runx:Cla$pwopen 820458,401158
c60runx:Cla$realdistinct 82045C
c60runx:Cla$RECORDSqueue 820460,401160
c60runx:Cla$RefAssignAny 820464
c60runx:Cla$REGULAR 820468,401168
c60runx:Cla$SELECT 82046C,401170
c60runx:Cla$SETCURSOR 820470,401178
c60runx:Cla$SETKEYCODE 820474,401180
c60runx:Cla$SetPropS 820478
c60runx:Cla$SetPropV 82047C
c60runx:Cla$Stack2DStack 820480
c60runx:Cla$Stack2Ufo 820484
c60runx:Cla$StackCLIP 820488,401188
c60runx:Cla$StackCompareN 82048C
c60runx:Cla$StackCompareNEQ 820490
c60runx:Cla$StackConcat 820494
c60runx:Cla$StackConcatR 820498
c60runx:Cla$StackErrstr 82049C,401190
c60runx:Cla$StackHeap 8204A0
c60runx:Cla$StackINSTRING 8204A4,401198
c60runx:Cla$StackLen 8204A8,4011A0
c60runx:Cla$StackRotate 8204AC
c60runx:Cla$StackSUB 8204B0,4011A8
c60runx:Cla$StackUPPER 8204B4,4011B0
c60runx:Cla$StartEventLoop 8204B8
c60runx:Cla$storecstr 8204BC
c60runx:Cla$storestr 8204C0
c60runx:Cla$THREAD 8204C4,4011B8
c60runx:Cla$TODAY 8204C8,4011C0
c60runx:Cla$UNHIDE 8204CC,4011C8
c60runx:Cla$UNREGISTEREVENT 8204D0,4011D0
c60runx:Cla$WHAT 8204D4,4011D8
c60runx:THR$GetInstance 8204D8,4011E0
c60runx:Wsl$CloseDown 8204DC,4011E8
c60runx:_exit 8204E0,4011F0
c60runx:_free 8204E4
c60runx:_malloc 8204E8
c60runx:__sysinit 8204EC,4011F8
c60runx:__sysstart 8204F0,401200
KERNEL32.dll:FreeLibrary 820514,401208
KERNEL32.dll:GetLastError 820518,401210
KERNEL32.dll:GetProcAddress 82051C,401218
KERNEL32.dll:LoadLibraryExA 820520,401220
KERNEL32.dll:lstrcpyA 820524,401228
KERNEL32.dll:OutputDebugStringA 820528,401230
USER32.dll:SystemParametersInfoA 820538



Entry Point:   407B80