  401230     304E Code                ABERROR_TEXT
  404280      1F9 Code                ABFILE_TEXT
  40447C      249 Code                ABFUZZY_TEXT
  4046C8       C2 Code                ABRESIZE_TEXT
  40478C      102 Code                ABTOOLBA_TEXT
  404890     1174 Code                ABUTIL_TEXT
  405A04     20A0 Code                ABWINDOW_TEXT
  407AA4       D2 Code                CWSYNCHC_TEXT
  407B78       2D Code                IEXE32_TEXT
  407BA8      386 Code                INIT_TEXT
  407F30        D Code                INST00_TEXT
  407F40      17E Code                SCLOADLIBRARYHACK_TEXT
  4080C0       31 Code                SVC001_TEXT
  4080F4      A5F Code                SVC003_TEXT
  408B54      950 Code                SVC004_TEXT
  4094A4      195 Code                SVC005_TEXT
  40963C      1C2 Code                SVC006_TEXT
  409800     3CC6 Code                SVC007_TEXT
  40D4C8      479 Code                SVC008_TEXT
  40D944      156 Code                SVC009_TEXT
  40DA9C      293 Code                SVC010_TEXT
  40DD30      52D Code                SVC011_TEXT
  40E260      1F5 Code                SVC012_TEXT
  40E458       6D Code                SVC013_TEXT
  40E4C8       2D Code                SVC014_TEXT
  40E4F8      187 Code                SVC015_TEXT
  40E680       15 Code                SVCBC0_TEXT
  40E698       1B Code                SVCBC_TEXT
  40E6B4      54F Code                SVC_TEXT
  40F000       2A Initialized Data    ABEIP_CONST
  40F02C       3C Initialized Data    ABEIP_DATA
  40F068      6E8 Initialized Data    ABERROR_CONST
  40F750     1BF0 Initialized Data    ABERROR_DATA
  411340        0 Initialized Data    ABFILE_CONST
  411340      147 Initialized Data    ABFILE_DATA
  411488       B4 Initialized Data    ABFUZZY_DATA
  41153C       1D Initialized Data    ABTOOLBA_CONST
  41155C      145 Initialized Data    ABUTIL_CONST
  4116A4       AB Initialized Data    ABUTIL_DATA
  411750       39 Initialized Data    ABWINDOW_CONST
  41178C       3F Initialized Data    ABWINDOW_DATA
  4117CC       48 Initialized Data    CWSYNCHC_DATA
  411814        E Initialized Data    CWUTIL_CONST
  411824       36 Initialized Data    CWUTIL_DATA
  41185C       3C Initialized Data    IEXE32_DATA
  411898       16 Initialized Data    SVC001_CONST
  4118B0      907 Initialized Data    SVC003_CONST
  4121B8      455 Initialized Data    SVC004_CONST
  412610        D Initialized Data    SVC005_CONST
  412620      113 Initialized Data    SVC006_CONST
  412734     3635 Initialized Data    SVC007_CONST
  415D6C      332 Initialized Data    SVC008_CONST
  4160A0      10D Initialized Data    SVC009_CONST
  4161B0      354 Initialized Data    SVC010_CONST
  416504      572 Initialized Data    SVC011_CONST
  416A78      12A Initialized Data    SVC012_CONST
  416BA4       21 Initialized Data    SVC015_CONST
  416BC8      3AD Initialized Data    SVC_CONST
  416F78      1C1 Initialized Data    SVC_DATA
  41713C        0 Initialized Data    __CPPINI_CONS
  41713C      380 Initialized Data    __CPPINI_CONST
  4174BC        4 Initialized Data    __CPPINI_END
  4174C0        0 Initialized Data    __INIVMT_CONS
  4174C0       58 Initialized Data    __INIVMT_CONST
  417518        0 Initialized Data    __INIVMT_CONST_END
  417520       40 Un-initialized Data ABEIP_BSS
  417560      404 Un-initialized Data ABERROR_BSS
  417964       10 Un-initialized Data ABFILE_BSS
  417974        4 Un-initialized Data ABFUZZY_BSS
  417978      104 Un-initialized Data ABUTIL_BSS
  417A7C        0 Un-initialized Data CWUTIL_BSS
  417A7C     32D4 Un-initialized Data SVC_BSS
  41B000        8 __T_L_S__DAT
  41B008      130 __T_L_S__DATA
  41B138        0 __T_L_S__DATA_END
  41B140        0 __T_L_S__BS
  41B140    11044 __T_L_S__BSS
  42C184        0 __T_L_S__BSS_END

  401230 REPLACE@FsbsbRsc
  401358 KILL_@_WINDOWCOMPONENT_@_HISTHANDLERCLASS@F15WINDOWCOMPONENT
  401364 RESET_@_WINDOWCOMPONENT_@_HISTHANDLERCLASS@F15WINDOWCOMPONENTUc
  401378 RESETREQUIRED_@_WINDOWCOMPONENT_@_HISTHANDLERCLASS@F15WINDOWCOMPONENT
  401388 SETALERTS_@_WINDOWCOMPONENT_@_HISTHANDLERCLASS@F15WINDOWCOMPONENT
  401394 TAKEEVENT_@_WINDOWCOMPONENT_@_HISTHANDLERCLASS@F15WINDOWCOMPONENT
  4013B0 UPDATE_@_WINDOWCOMPONENT_@_HISTHANDLERCLASS@F15WINDOWCOMPONENT
  4013BC UPDATEWINDOW_@_WINDOWCOMPONENT_@_HISTHANDLERCLASS@F15WINDOWCOMPONENT
  4013DC VLBPROC@F16HISTHANDLERCLASSls
  4014D8 TAKEEVENT@F16HISTHANDLERCLASS
  4015B8 INIT@F16HISTHANDLERCLASSBw10ERRORCLASS16ERRORHISTORYLIST
  4015F0 _VLBPROC@F16HISTHANDLERCLASSls
  401628 TAKEACCEPTED@F11MSGBOXCLASS
  401678 SETUPADDITIONALFEQS@F11MSGBOXCLASS
  401710 KILL@F11MSGBOXCLASS
  401764 INIT@F11MSGBOXCLASS
  401A50 INIT@F11MSGBOXCLASSBw10ERRORCLASSOsbllll
  401B0C FETCHSTDBUTTON@F11MSGBOXCLASSs
  401B60 GETALLSTATUSVARIABLES@F10ERRORCLASS16ERRORSTATUSGROUP
  401BD8 GETERRORBUFFERFATALITY@F10ERRORCLASS
  401C44 GETERRORBUFFERTITLE@F10ERRORCLASS
  401CB8 GETERRORBUFFERID@F10ERRORCLASS
  401D14 STOREERRORENTRY@F10ERRORCLASSUs
  401EA4 GETHISTORYRESETONVIEW@F10ERRORCLASS
  401EF8 SETHISTORYRESETONVIEW@F10ERRORCLASSUc
  401F50 GETHISTORYVIEWLEVEL@F10ERRORCLASS
  401FA4 SETHISTORYVIEWLEVEL@F10ERRORCLASSl
  401FFC GETHISTORYTHRESHOLD@F10ERRORCLASS
  402050 SETHISTORYTHRESHOLD@F10ERRORCLASSl
  4020A8 GETLOGERRORS@F10ERRORCLASS
  4020FC GETSILENT@F10ERRORCLASS
  402150 SETDEFAULTCATEGORY@F10ERRORCLASSsa
  4021A8 GETDEFAULTCATEGORY@F10ERRORCLASS
  4021FC VIEWHISTORY@F10ERRORCLASS
  402260 THROW@F10ERRORCLASSs
  40228C TAKEUSER@F10ERRORCLASS
  4022FC TAKEPROGRAM@F10ERRORCLASS
  402318 TAKEOTHER@F10ERRORCLASS
  402334 TAKENOTIFY@F10ERRORCLASS
  402390 TAKEFATAL@F10ERRORCLASS
  402420 TAKEERROR@F10ERRORCLASSs
  402614 TAKEBENIGN@F10ERRORCLASS
  402624 SUBSSTRING@F10ERRORCLASS
  402A38 GETERRORENTRY@F10ERRORCLASSUs15ERRORENTRYGROUPl
  402AE8 GETERRORENTRY@F10ERRORCLASSUs15ERRORENTRYGROUP
  402B4C SETID@F10ERRORCLASSUsl
  402BCC SETID@F10ERRORCLASSUs
  402C30 SETERRORS@F10ERRORCLASS
  402CF4 SETERRORLOG@F10ERRORCLASS17ERRORLOGINTERFACE
  402DDC SETCATEGORY@F10ERRORCLASSssa
  402E74 RESETHISTORY@F10ERRORCLASS
  402ED8 REMOVEERROR@F10ERRORCLASSUs
  402F78 MESSAGEBOX@F10ERRORCLASSUcsbOsbOsblll
  40300C MSG@F10ERRORCLASSsbOsbOsblll
  4033E4 MESSAGE@F10ERRORCLASSsll
  403478 KILL@F10ERRORCLASS
  403548 INIT@F10ERRORCLASS16ERRORSTATUSCLASS
  4035B4 INIT@F10ERRORCLASS
  4036D4 HISTORYMSG@F10ERRORCLASSsblll
  403898 GETPROCEDURENAME@F10ERRORCLASS
  4039DC GETCATEGORY@F10ERRORCLASSs
  403A90 ADDHISTORY@F10ERRORCLASS
  403B24 ADDERRORS@F10ERRORCLASS10ERRORBLOCK
  403CFC ADDERROR@F10ERRORCLASSUsRsbRsbUcsa
  403E24 DESTRUCT@F10ERRORCLASS
  403E4C CONSTRUCT@F10ERRORCLASS
  403E70 DESTRUCT@F16ERRORSTATUSCLASS
  403EB4 CONSTRUCT@F16ERRORSTATUSCLASS
  404028 CLOSE_@_ERRORLOGINTERFACE_@_STANDARDERRORLOGCLASS@F17ERRORLOGINTERFACEUc
  404048 OPEN_@_ERRORLOGINTERFACE_@_STANDARDERRORLOGCLASS@F17ERRORLOGINTERFACEUc
  404068 TAKE_@_ERRORLOGINTERFACE_@_STANDARDERRORLOGCLASS@F17ERRORLOGINTERFACEsb
  404110 CLOSE@F21STANDARDERRORLOGCLASSUc
  40419C OPEN@F21STANDARDERRORLOGCLASSUc
  404250 DESTRUCT@F21STANDARDERRORLOGCLASS
  404268 CONSTRUCT@F21STANDARDERRORLOGCLASS
  404280 DESTRUCT@F12FILESMANAGER
  4042DC CONSTRUCT@F12FILESMANAGER
  404340 TRYREGET@F11FILEMANAGERsb
  4043F0 POSITION@F11FILEMANAGER
  40447C SETOPTION@F10FUZZYCLASSUcUc
  404504 KILL@F10FUZZYCLASS
  404510 INIT@F10FUZZYCLASS
  404538 CONSTRUCT@F10FUZZYCLASS
  4046C8 TAKERESIZE@F17WINDOWRESIZECLASS
  4046E4 KILL@F17WINDOWRESIZECLASS
  40478C SETTARGET@F12TOOLBARCLASSl
  404890 UPDATEQUEUE@F8INICLASSsbsbBqRuPuPuPu
  404ABC UPDATE@F8INICLASSsbsbsb
  404B7C UPDATE@F8INICLASS
  404B88 TRYFETCH@F8INICLASSsbsb
  404C00 REMOVE@F8INICLASSsbsb
  404D90 KILL@F8INICLASS
  404ED4 INIT@F8INICLASSsbll
  405010 FETCHQUEUE@F8INICLASSsbsbBqRuPuPuPu
  40527C FETCHFIELD@F8INICLASSsbsbUc
  4053E8 FETCH@F8INICLASSsbsb
  405570 FETCH@F8INICLASS
  40557C UPDATE@F8INICLASSsbsbsbsb
  40577C FETCH@F8INICLASSsbsbsbsb
  4059C0 DESTRUCT@F8INICLASS
  4059E8 CONSTRUCT@F8INICLASS
  405A04 SAVEONINSERTACTION@F13WINDOWMANAGER
  405AE8 SAVEONCHANGEACTION@F13WINDOWMANAGER
  405C3C DELETEACTION@F13WINDOWMANAGER
  405E38 CHANGEACTION@F13WINDOWMANAGER
  406250 INSERTACTION@F13WINDOWMANAGER
  4064B4 TAKEDISABLEBUTTON@F13WINDOWMANAGERlUc
  4064F8 UPDATE@F13WINDOWMANAGER
  406550 TAKEWINDOWEVENT@F13WINDOWMANAGER
  4066B4 TAKESELECTED@F13WINDOWMANAGER
  4066C4 TAKEREJECTED@F13WINDOWMANAGER
  40670C TAKENOTIFY@F13WINDOWMANAGERlll
  406734 TAKENEWSELECTION@F13WINDOWMANAGER
  4067B8 TAKEFIELDEVENT@F13WINDOWMANAGER
  4067C8 TAKEEVENT@F13WINDOWMANAGER
  4069A4 TAKECLOSEEVENT@F13WINDOWMANAGER
  406B9C TAKECOMPLETED@F13WINDOWMANAGER
  406CC0 TAKEACCEPTED@F13WINDOWMANAGER
  406DF8 SETRESPONSE@F13WINDOWMANAGERUc
  406E58 SETALERTS@F13WINDOWMANAGER
  406F30 SAVEHISTORY@F13WINDOWMANAGER
  406FFC RUN@F13WINDOWMANAGERUsUc
  40701C RUN@F13WINDOWMANAGER
  40706C RESTOREFIELD@F13WINDOWMANAGERl
  40724C RESETBUFFERS@F13WINDOWMANAGERUc
  4072B4 RESET@F13WINDOWMANAGERUc
  40736C PRIMEUPDATE@F13WINDOWMANAGER
  407518 PRIMEFIELDS@F13WINDOWMANAGER
  407524 POSTCOMPLETED@F13WINDOWMANAGER
  4075D8 OPEN@F13WINDOWMANAGERBwBw
  40763C OPEN@F13WINDOWMANAGER
  407688 KILL@F13WINDOWMANAGER
  407844 INIT@F13WINDOWMANAGER
  4078EC ASK@F13WINDOWMANAGER
  40795C ADDITEM@F13WINDOWMANAGER15WINDOWCOMPONENT
  4079CC DISABLECANCELCONTROLS@F13WINDOWMANAGER
  407A38 ENABLECANCELCONTROLS@F13WINDOWMANAGER
  407AA4 DESTRUCT@F15CRITICALSECTION
  407AC4 CONSTRUCT@F15CRITICALSECTION
  407AE0 KILL@F17CRITICALPROCEDURE
  407B14 INIT@F17CRITICALPROCEDURE11ISYNCOBJECT
  407B4C DESTRUCT@F17CRITICALPROCEDURE
  407B60 CONSTRUCT@F17CRITICALPROCEDURE
  407F30 __thr_inst0
  407F40 ISWA_WaitForMultipleObjectsEx
  407F78 ISWA_SetEvent
  407F98 ISWA_CreateEventExA
  407FD0 ISWA_Process32Next
  407FF8 ISWA_Process32First
  408020 ISWA_CreateToolhelp32Snapshot
  408048 ISWA_SetServiceStatus
  408070 ISWA_RegisterServiceCtrlHandlerExA
  4080A0 ISWA_StartServiceCtrlDispatcherA
  4080C0 MAIN@F
  4080F4 SERVICEHANDLEREXA
  408C9C LOADLIBRARYEX@F
  4094A4 COUNT_SERVICE_INSTANCES@F
  40963C FREELIBRARYEX@F
  409800 SERVICEMAIN
  40D4C8 SETSERVICESTATUS@F
  40D944 SETSERVICESTATUSSERVICETYPE@FOUl
  40DA9C SETSERVICESTATUSCONTROLSACCEPTED@FOUl
  40DD30 SETSERVICESTATUSEXITCODE@FOUlOUl
  40E260 SETSERVICESTATUSCURRENTSTATE@FUlOUlOUl
  40E458 DSS@Fsb
  40E4C8 DSC@FRsc
  40E4F8 COMMANDLINEPROCESSOR@F
  40E680 SVCBC0$SVCBC0:FILESINIT@F
  40E688 SVCBC0$SVCBC0:DCTKILL@F
  40E690 SVCBC0$SVCBC0:DCTINIT@F
  40E698 DCTKILL@F
  40E6A4 DCTINIT@F
  40E6B4 _main
  40EBD4 DESTRUCT@F10DICTIONARY
  40EBE8 CONSTRUCT@F10DICTIONARY
  40F02C TYPE$COLORMAP
  40F058 TCB$COLORMAP
  40F750 STDERRORFILE$TYPE$RECORD
  40F768 $STDERRORFILE
  40F7B4 TYPE$PNQ
  40F7D4 TYPE$DEFAULTERRORS
  40FA34 $DEFAULTERRORS
  410BA8 TYPE$HISTHANDLERCLASS
  410BF0 VMT$HISTHANDLERCLASS
  410C20 TYPE$MSGBOXCLASS
  410E98 VMT$MSGBOXCLASS
  410F20 TYPE$ERRORCLASS
  4111A4 VMT$ERRORCLASS
  4111F0 TYPE$STANDARDERRORLOGCLASS
  411228 VMT$STANDARDERRORLOGCLASS
  411240 TYPE$ERRORSTATUSCLASS
  411334 VMT$ERRORSTATUSCLASS
  411340 TYPE$UNTHREADEDFILEOPENERMAP
  411364 TCB$UNTHREADEDFILEOPENERMAP
  411374 TYPE$FILESMANAGER
  4113B8 VMT$FILESMANAGER
  4113C4 TYPE$FILEMAPPING_T
  4113F0 TYPE$FILEMAPPING_R
  411420 TYPE$STATUSQ_T
  411488 TYPE$FUZZYCLASS
  411530 VMT$FUZZYCLASS
  4116BC TYPE$INICLASS
  411704 VMT$INICLASS
  41178C TYPE$BUTTONLIST
  4117B0 TYPE$COMPONENTLIST
  4117CC TYPE$CRITICALSECTION
  4117E4 VMT$CRITICALSECTION
  4117F0 TYPE$CRITICALPROCEDURE
  411808 VMT$CRITICALPROCEDURE
  416F78 TYPE$GLLQ:GLOBALLOADLIBRARYQ
  416FF0 TCB$GLLQ:GLOBALLOADLIBRARYQ
  417000 TYPE$DICTIONARY
  417010 VMT$DICTIONARY
  41701C $GSCM:SERVICENAME
  41711C $GSS:SERVICESTATUS
  417138 $GCL:COMMANDLINEACTION
  4174C0 VMTP$DICTIONARY
  4174C8 VMTP$FILESMANAGER
  4174D0 VMTP$INICLASS
  4174D8 VMTP$HISTHANDLERCLASS
  4174E0 VMTP$MSGBOXCLASS
  4174E8 VMTP$ERRORCLASS
  4174F0 VMTP$STANDARDERRORLOGCLASS
  4174F8 VMTP$ERRORSTATUSCLASS
  417500 VMTP$FUZZYCLASS
  417508 VMTP$CRITICALSECTION
  417510 VMTP$CRITICALPROCEDURE
  417520 $COLORMAP
  417558 $MULTIWINDOW
  41755C $TXTWINDOW
  417560 $WINDOW
  417564 STDERRORFILE$RECORD
  417964 $UNTHREADEDFILEOPENERMAP
  41796C $CREATEOPENERCRIT
  417974 P197$MEMOS$DBTEXTLOGFILE
  417A7C P82$KEYS$EXTRACTFILE
  417ACC $GLLQ:GLOBALLOADLIBRARYQ
  4182D8 $FUZZYMATCHER
  4198FC $GLOBALERRORS
  419930 $INIMGR
  419A48 $GLO:SERVICEINSTANCES
  419A4C $GLO:RVBOOL
  419A50 $GLLA:STARTSERVICECTRLDISPATCHERA
  419A54 $GLO:LASTERROR
  419A58 $LCURRENTFDSETTING
  419A5C $LADJFDSETTING
  419A60 $GSCV:SERVICECTRLHANDLERHANDLE
  419A64 $GLLA:WAITFORMULTIPLEOBJECTSEX
  419A68 $GLLA:WAITFORSINGLEOBJECT
  419A6C $GLLA:GETPROCADDRESS
  419A70 $GLLA:GETMODULEHANDLEA
  419A74 $GLLA:RESETEVENT
  419A78 $GLLA:SETEVENT
  419A7C $GLLA:PROCESS32NEXT
  419A80 $GLLA:PROCESS32FIRST
  419A84 $GLLA:CREATETOOLHELP32SNAPSHOT
  419A88 $GLLA:GETCURRENTPROCESSID
  419A8C $GLLA:GETPROCESSIMAGEFILENAMEA
  419A90 $GLLA:LSTRLENW
  419A94 $GLLA:GETACP
  419A98 $GLLA:WIDECHARTOMULTIBYTE
  419A9C $GLLA:GETCURRENTPROCESS
  419AA0 $GLLA:NTQUERYINFORMATIONPROCESS
  419AA4 $GLLA:SHGETFOLDERPATHA
  419AA8 $GLLA:GETMODULEFILENAMEEXA
  419AAC $GLLA:OPENPROCESS
  419AB0 $GLLA:EXITPROCESS
  419AB4 $GLLA:GETVERSIONEXA
  419AB8 $GLLA:CREATEEVENTEXA
  419ABC $GLLA:CREATEEVENTA
  419AC0 $GLLA:SETSERVICESTATUS
  419AC4 $GLLA:REGISTERSERVICECTRLHANDLERA
  419AC8 $GLLA:CHANGESERVICECONFIG2A
  419ACC $GLLA:CHANGESERVICECONFIGA
  419AD0 $GLLA:QUERYSERVICECONFIG2A
  419AD4 $GLLA:QUERYSERVICECONFIGA
  419AD8 $GLLA:DELETESERVICE
  419ADC $GLLA:OPENSERVICEA
  419AE0 $GLLA:CREATESERVICEA
  419AE4 $GLLA:CLOSESERVICEHANDLE
  419AE8 $GLLA:OPENSCMANAGERA
  419AEC $GS:PROCESSENTRY32
  419C14 $GCL:BINARYFILENAME
  41A014 $GCL:BINARYPATH
  41A414 $GCL:COMMANDLINEFLAGS
  41A814 $GCL:COMMANDLINE
  41AC14 $GWOS:RV:WAITOBJECT:SIGNALEVENT
  41AC18 $GWOE:EVENT:SERVICE_ACCEPT_USERMODEREBOOT
  41AC1C $GWOE:EVENT:SERVICE_ACCEPT_TRIGGEREVENT
  41AC20 $GWOE:EVENT:SERVICE_ACCEPT_TIMECHANGE
  41AC24 $GWOE:EVENT:SERVICE_ACCEPT_PRESHUTDOWN
  41AC28 $GWOE:EVENT:SERVICE_ACCEPT_SESSIONCHANGE
  41AC2C $GWOE:EVENT:SERVICE_ACCEPT_POWEREVENT
  41AC30 $GWOE:EVENT:SERVICE_ACCEPT_HARDWAREPROFILECHANGE
  41AC34 $GWOE:EVENT:SERVICE_ACCEPT_NETBINDCHANGE
  41AC38 $GWOE:EVENT:SERVICE_ACCEPT_PARAMCHANGE
  41AC3C $GWOE:EVENT:SERVICE_ACCEPT_SHUTDOWN
  41AC40 $GWOE:EVENT:SERVICE_ACCEPT_CONTINUE
  41AC44 $GWOE:EVENT:SERVICE_ACCEPT_PAUSE
  41AC48 $GWOE:EVENT:SERVICE_ACCEPT_STOP
  41AC4C $GWOE:EVENT:WAITOBJECTHANDLESCNT
  41AC50 $GWOE:EVENT:WAITOBJECTHANDLES
  41B008 P20$OUTFILE
  41B054 P21$INFILE
  41B0A0 P197$DBTEXTLOGFILE
  41B0EC P82$EXTRACTFILE
  41B144 P20$OUTFILE$OUTFILE@:RECORD
  423148 P21$INFILE$INFILE@:RECORD
  42B148 $GLOBALERRORSTATUS
  42B868 $GLOBALREQUEST
  42B86C $GLOBALRESPONSE
  42B870 $VCRREQUEST
  42B874 $DICTIONARY
  42B878 $FILESMANAGER
  42B890 $SZDBTEXTLOG
  42B998 P197$DBTEXTLOGFILE$RECORD
  42BD84 P82$EXTRACTFILE$EXTRACTFILE@:RECORD
  42D000 __import_section_start
  42E018 __import_section_end

Imports
c60ascx:ASCII 42D080
c60dosx:DOS 42D090
c60runx:AttachThreadToClarion 42D2AC,401000
c60runx:Cla$ACCEPTED 42D2B0,401008
c60runx:Cla$ADDqueue 42D2B4
c60runx:Cla$AssertFailed 42D2B8
c60runx:Cla$AssertFailedM 42D2BC
c60runx:Cla$AssignRefUfo 42D2C0
c60runx:Cla$BEEP 42D2C4,401010
c60runx:Cla$CLEAR 42D2C8
c60runx:Cla$ClearType 42D2CC
c60runx:Cla$CLOCK 42D2D0,401018
c60runx:Cla$CLOSEwindow 42D2D4,401020
c60runx:Cla$code 42D2D8
c60runx:Cla$COMMAND 42D2DC,401028
c60runx:Cla$comparestr 42D2E0
c60runx:Cla$DecAdd 42D2E4
c60runx:Cla$DecDistinct 42D2E8
c60runx:Cla$DecDistinctR 42D2EC
c60runx:Cla$DecSub 42D2F0
c60runx:Cla$DELETEqueue 42D2F4,401030
c60runx:Cla$DELETEREG 42D2F8,401038
c60runx:Cla$DISABLE 42D2FC,401040
c60runx:Cla$DISPLAY 42D300,401048
c60runx:Cla$DISPOSEqueue 42D304
c60runx:Cla$DISPOSEref 42D308
c60runx:Cla$Dlongpower 42D30C
c60runx:Cla$DPopLong 42D310
c60runx:Cla$DPopReal 42D314
c60runx:Cla$DPopUlong 42D318
c60runx:Cla$DPushLong 42D31C
c60runx:Cla$DPushULong 42D320
c60runx:Cla$duplicate 42D324
c60runx:Cla$ENABLE 42D328,401050
c60runx:Cla$EndEventLoop 42D32C
c60runx:Cla$ERRORCODE 42D330,401058
c60runx:Cla$EVENT 42D334,401060
c60runx:Cla$FIELD 42D338,401068
c60runx:Cla$FILEERRORCODE 42D33C,401070
c60runx:Cla$FILEERRORMSG 42D340,401078
c60runx:Cla$FileExists 42D344,401080
c60runx:Cla$FILE_ADDf 42D348
c60runx:Cla$FILE_CLOSE 42D34C,401088
c60runx:Cla$FILE_CREATE 42D350
c60runx:CLA$FILE_DESTROY 42D354
c60runx:Cla$FILE_NAME 42D358,401090
c60runx:Cla$FILE_OPEN 42D35C,401098
c60runx:Cla$FILE_POSITIONf 42D360,4010A0
c60runx:Cla$FILE_POSITIONk 42D364,4010A8
c60runx:Cla$FILE_REGETf 42D368,4010B0
c60runx:Cla$FILE_REGETk 42D36C,4010B8
c60runx:Cla$FOCUS 42D370,4010C0
c60runx:Cla$FREEqueue 42D374
c60runx:Cla$FREEqueuea 42D378,4010C8
c60runx:Cla$freestr 42D37C
c60runx:Cla$FreeUfo 42D380
c60runx:Cla$freewindow 42D384
c60runx:Cla$GETINI 42D388,4010D0
c60runx:Cla$GetPropS 42D38C
c60runx:Cla$GETqueuekey 42D390,4010D8
c60runx:Cla$GETqueueptr 42D394
c60runx:Cla$GETREG 42D398,4010E0
c60runx:Cla$HALT 42D39C,4010E8
c60runx:Cla$init 42D3A0
c60runx:Cla$INSTANCE 42D3A4,4010F0
c60runx:Cla$KEYCODE 42D3A8,4010F8
c60runx:Cla$longtostr 42D3AC
c60runx:Cla$Mem2Ufo 42D3B0
c60runx:Cla$MessageBox 42D3B4,401100
c60runx:Cla$NewCriticalSection 42D3B8,401108
c60runx:Cla$NewMemB 42D3BC
c60runx:Cla$NewMemT 42D3C0
c60runx:Cla$NewMemZ 42D3C4
c60runx:Cla$NEWqueue 42D3C8
c60runx:Cla$NOTIFICATION 42D3CC,401110
c60runx:Cla$OPENowned 42D3D0,401118
c60runx:Cla$OPENwindow 42D3D4,401120
c60runx:Cla$POINTERqueue 42D3D8,401128
c60runx:Cla$PopAString 42D3DC
c60runx:Cla$PopBind 42D3E0,401130
c60runx:Cla$PopCString 42D3E4
c60runx:Cla$PopString 42D3E8
c60runx:Cla$PopTemp 42D3EC
c60runx:Cla$POST 42D3F0,401138
c60runx:Cla$PushAString 42D3F4
c60runx:Cla$PushBind 42D3F8,401140
c60runx:Cla$PushCString 42D3FC
c60runx:Cla$PushLong 42D400
c60runx:Cla$PushPictLong 42D404
c60runx:Cla$PushReal 42D408
c60runx:Cla$PushString 42D40C
c60runx:Cla$PushUfo 42D410
c60runx:Cla$PUTINI 42D414,401148
c60runx:Cla$PUTqueue 42D418
c60runx:Cla$PUTREG 42D41C,401150
c60runx:Cla$pwopen 42D420,401158
c60runx:Cla$realdistinct 42D424
c60runx:Cla$RECORDSqueue 42D428,401160
c60runx:Cla$RefAssignAny 42D42C
c60runx:Cla$REGULAR 42D430,401168
c60runx:Cla$SELECT 42D434,401170
c60runx:Cla$SETCURSOR 42D438,401178
c60runx:Cla$SETKEYCODE 42D43C,401180
c60runx:Cla$SetPropS 42D440
c60runx:Cla$SetPropV 42D444
c60runx:Cla$Stack2DStack 42D448
c60runx:Cla$Stack2Ufo 42D44C
c60runx:Cla$StackCLIP 42D450,401188
c60runx:Cla$StackCompareN 42D454
c60runx:Cla$StackCompareNEQ 42D458
c60runx:Cla$StackConcat 42D45C
c60runx:Cla$StackConcatR 42D460
c60runx:Cla$StackErrstr 42D464,401190
c60runx:Cla$StackHeap 42D468
c60runx:Cla$StackINSTRING 42D46C,401198
c60runx:Cla$StackLen 42D470,4011A0
c60runx:Cla$StackRotate 42D474
c60runx:Cla$StackSUB 42D478,4011A8
c60runx:Cla$StackUPPER 42D47C,4011B0
c60runx:Cla$StartEventLoop 42D480
c60runx:Cla$storecstr 42D484
c60runx:Cla$storestr 42D488
c60runx:Cla$THREAD 42D48C,4011B8
c60runx:Cla$TODAY 42D490,4011C0
c60runx:Cla$UNHIDE 42D494,4011C8
c60runx:Cla$UNREGISTEREVENT 42D498,4011D0
c60runx:Cla$WHAT 42D49C,4011D8
c60runx:THR$GetInstance 42D4A0,4011E0
c60runx:Wsl$CloseDown 42D4A4,4011E8
c60runx:_exit 42D4A8,4011F0
c60runx:_free 42D4AC
c60runx:_malloc 42D4B0
c60runx:__sysinit 42D4B4,4011F8
c60runx:__sysstart 42D4B8,401200
KERNEL32.dll:FreeLibrary 42D4D8,401208
KERNEL32.dll:GetLastError 42D4DC,401210
KERNEL32.dll:GetProcAddress 42D4E0,401218
KERNEL32.dll:LoadLibraryExA 42D4E4,401220
KERNEL32.dll:OutputDebugStringA 42D4E8,401228
USER32.dll:SystemParametersInfoA 42D4F8



Entry Point:   407B78