  401238     304E Code                ABERROR_TEXT
  404288      1F9 Code                ABFILE_TEXT
  404484      249 Code                ABFUZZY_TEXT
  4046D0       C2 Code                ABRESIZE_TEXT
  404794      102 Code                ABTOOLBA_TEXT
  404898     1174 Code                ABUTIL_TEXT
  405A0C     20A0 Code                ABWINDOW_TEXT
  407AAC       D2 Code                CWSYNCHC_TEXT
  407B80       2D Code                IEXE32_TEXT
  407BB0      3D2 Code                INIT_TEXT
  407F84        D Code                INST00_TEXT
  407F94      458 Code                SCLOADLIBRARYHACK_TEXT
  4083EC       31 Code                SVC001_TEXT
  408420     1F45 Code                SVC003_TEXT
  40A368     123D Code                SVC004_TEXT
  40B5A8      CBF Code                SVC005_TEXT
  40C268      1C2 Code                SVC006_TEXT
  40C42C     147D Code                SVC007_TEXT
  40D8AC      479 Code                SVC008_TEXT
  40DD28      156 Code                SVC009_TEXT
  40DE80      691 Code                SVC010_TEXT
  40E514      52D Code                SVC011_TEXT
  40EA44      1F5 Code                SVC012_TEXT
  40EC3C       6D Code                SVC013_TEXT
  40ECAC       2D Code                SVC014_TEXT
  40ECDC      4BC Code                SVC015_TEXT
  40F198     6C2D Code                SVC016_TEXT
  415DC8      89E Code                SVC017_TEXT
  416668      C3D Code                SVC018_TEXT
  4172A8      345 Code                SVC019_TEXT
  4175F0      146 Code                SVC020_TEXT
  417738      146 Code                SVC021_TEXT
  417880      961 Code                SVC022_TEXT
  4181E4       F7 Code                SVC023_TEXT
  4182DC      75F Code                SVC024_TEXT
  418A3C       B6 Code                SVC025_TEXT
  418AF4      614 Code                SVC026_TEXT
  419108     1C8A Code                SVC027_TEXT
  41AD94      293 Code                SVC028_TEXT
  41B028      538 Code                SVC029_TEXT
  41B560      94D Code                SVC030_TEXT
  41BEB0       15 Code                SVCBC0_TEXT
  41BEC8       1B Code                SVCBC_TEXT
  41BEE4      7A3 Code                SVC_TEXT
  41D000   140CD4 Initialized Data    $GSCM:DEFAULTSERVICECONFIG2AGRP_
  55DCD4     6B29 Initialized Data    $GSCM:DEFAULTSERVICECONFIGAGRP_D
  564800       2A Initialized Data    ABEIP_CONST
  56482C       3C Initialized Data    ABEIP_DATA
  564868      6E8 Initialized Data    ABERROR_CONST
  564F50     1BF0 Initialized Data    ABERROR_DATA
  566B40        0 Initialized Data    ABFILE_CONST
  566B40      147 Initialized Data    ABFILE_DATA
  566C88       B4 Initialized Data    ABFUZZY_DATA
  566D3C       1D Initialized Data    ABTOOLBA_CONST
  566D5C      145 Initialized Data    ABUTIL_CONST
  566EA4       AB Initialized Data    ABUTIL_DATA
  566F50       39 Initialized Data    ABWINDOW_CONST
  566F8C       3F Initialized Data    ABWINDOW_DATA
  566FCC       48 Initialized Data    CWSYNCHC_DATA
  567014        E Initialized Data    CWUTIL_CONST
  567024       36 Initialized Data    CWUTIL_DATA
  56705C       3C Initialized Data    IEXE32_DATA
  567098       16 Initialized Data    SVC001_CONST
  5670B0     19CB Initialized Data    SVC003_CONST
  568A7C     11E7 Initialized Data    SVC004_CONST
  569C64      A89 Initialized Data    SVC005_CONST
  56A6F0      113 Initialized Data    SVC006_CONST
  56A804     1795 Initialized Data    SVC007_CONST
  56BF9C      332 Initialized Data    SVC008_CONST
  56C2D0      10D Initialized Data    SVC009_CONST
  56C3E0      980 Initialized Data    SVC010_CONST
  56CD60      572 Initialized Data    SVC011_CONST
  56D2D4      12A Initialized Data    SVC012_CONST
  56D400      346 Initialized Data    SVC015_CONST
  56D748     6F50 Initialized Data    SVC016_CONST
  574698      33C Initialized Data    SVC017_CONST
  5749D4      12B Initialized Data    SVC018_CONST
  574B00       5A Initialized Data    SVC019_CONST
  574B5C       EE Initialized Data    SVC020_CONST
  574C4C       EC Initialized Data    SVC021_CONST
  574D38      A34 Initialized Data    SVC022_CONST
  57576C       8F Initialized Data    SVC023_CONST
  5757FC      66B Initialized Data    SVC024_CONST
  575E68      3B2 Initialized Data    SVC026_CONST
  57621C      C75 Initialized Data    SVC027_CONST
  576E94       4D Initialized Data    SVC028_CONST
  576EE4      4BB Initialized Data    SVC029_CONST
  5773A0      92B Initialized Data    SVC030_CONST
  577CCC      5B1 Initialized Data    SVC_CONST
  578280      5D5 Initialized Data    SVC_DATA
  578858        0 Initialized Data    __CPPINI_CONS
  578858      524 Initialized Data    __CPPINI_CONST
  578D7C        4 Initialized Data    __CPPINI_END
  578D80        0 Initialized Data    __INIVMT_CONS
  578D80       58 Initialized Data    __INIVMT_CONST
  578DD8        0 Initialized Data    __INIVMT_CONST_END
  578DE0   140CD3 Un-initialized Data $GSCM:CHANGESERVICECONFIG2AGRP_B
  6B9AB4     6401 Un-initialized Data $GSCM:DEPENDENCIESARRAYGRP_BSS
  6BFEB8   140DD2 Un-initialized Data $GSCM:QUERYSERVICECONFIG2AGRP_BS
  800C8C     6B25 Un-initialized Data $GSCM:QUERYSERVICECONFIGAGRP_BSS
  8077B4       40 Un-initialized Data ABEIP_BSS
  8077F4      404 Un-initialized Data ABERROR_BSS
  807BF8       10 Un-initialized Data ABFILE_BSS
  807C08        4 Un-initialized Data ABFUZZY_BSS
  807C0C      104 Un-initialized Data ABUTIL_BSS
  807D10        0 Un-initialized Data CWUTIL_BSS
  807D10     4B18 Un-initialized Data SVC_BSS
  80D000        8 __T_L_S__DAT
  80D008      130 __T_L_S__DATA
  80D138        0 __T_L_S__DATA_END
  80D140        0 __T_L_S__BS
  80D140    11044 __T_L_S__BSS
  81E184        0 __T_L_S__BSS_END

  401238 REPLACE@FsbsbRsc
  401360 KILL_@_WINDOWCOMPONENT_@_HISTHANDLERCLASS@F15WINDOWCOMPONENT
  40136C RESET_@_WINDOWCOMPONENT_@_HISTHANDLERCLASS@F15WINDOWCOMPONENTUc
  401380 RESETREQUIRED_@_WINDOWCOMPONENT_@_HISTHANDLERCLASS@F15WINDOWCOMPONENT
  401390 SETALERTS_@_WINDOWCOMPONENT_@_HISTHANDLERCLASS@F15WINDOWCOMPONENT
  40139C TAKEEVENT_@_WINDOWCOMPONENT_@_HISTHANDLERCLASS@F15WINDOWCOMPONENT
  4013B8 UPDATE_@_WINDOWCOMPONENT_@_HISTHANDLERCLASS@F15WINDOWCOMPONENT
  4013C4 UPDATEWINDOW_@_WINDOWCOMPONENT_@_HISTHANDLERCLASS@F15WINDOWCOMPONENT
  4013E4 VLBPROC@F16HISTHANDLERCLASSls
  4014E0 TAKEEVENT@F16HISTHANDLERCLASS
  4015C0 INIT@F16HISTHANDLERCLASSBw10ERRORCLASS16ERRORHISTORYLIST
  4015F8 _VLBPROC@F16HISTHANDLERCLASSls
  401630 TAKEACCEPTED@F11MSGBOXCLASS
  401680 SETUPADDITIONALFEQS@F11MSGBOXCLASS
  401718 KILL@F11MSGBOXCLASS
  40176C INIT@F11MSGBOXCLASS
  401A58 INIT@F11MSGBOXCLASSBw10ERRORCLASSOsbllll
  401B14 FETCHSTDBUTTON@F11MSGBOXCLASSs
  401B68 GETALLSTATUSVARIABLES@F10ERRORCLASS16ERRORSTATUSGROUP
  401BE0 GETERRORBUFFERFATALITY@F10ERRORCLASS
  401C4C GETERRORBUFFERTITLE@F10ERRORCLASS
  401CC0 GETERRORBUFFERID@F10ERRORCLASS
  401D1C STOREERRORENTRY@F10ERRORCLASSUs
  401EAC GETHISTORYRESETONVIEW@F10ERRORCLASS
  401F00 SETHISTORYRESETONVIEW@F10ERRORCLASSUc
  401F58 GETHISTORYVIEWLEVEL@F10ERRORCLASS
  401FAC SETHISTORYVIEWLEVEL@F10ERRORCLASSl
  402004 GETHISTORYTHRESHOLD@F10ERRORCLASS
  402058 SETHISTORYTHRESHOLD@F10ERRORCLASSl
  4020B0 GETLOGERRORS@F10ERRORCLASS
  402104 GETSILENT@F10ERRORCLASS
  402158 SETDEFAULTCATEGORY@F10ERRORCLASSsa
  4021B0 GETDEFAULTCATEGORY@F10ERRORCLASS
  402204 VIEWHISTORY@F10ERRORCLASS
  402268 THROW@F10ERRORCLASSs
  402294 TAKEUSER@F10ERRORCLASS
  402304 TAKEPROGRAM@F10ERRORCLASS
  402320 TAKEOTHER@F10ERRORCLASS
  40233C TAKENOTIFY@F10ERRORCLASS
  402398 TAKEFATAL@F10ERRORCLASS
  402428 TAKEERROR@F10ERRORCLASSs
  40261C TAKEBENIGN@F10ERRORCLASS
  40262C SUBSSTRING@F10ERRORCLASS
  402A40 GETERRORENTRY@F10ERRORCLASSUs15ERRORENTRYGROUPl
  402AF0 GETERRORENTRY@F10ERRORCLASSUs15ERRORENTRYGROUP
  402B54 SETID@F10ERRORCLASSUsl
  402BD4 SETID@F10ERRORCLASSUs
  402C38 SETERRORS@F10ERRORCLASS
  402CFC SETERRORLOG@F10ERRORCLASS17ERRORLOGINTERFACE
  402DE4 SETCATEGORY@F10ERRORCLASSssa
  402E7C RESETHISTORY@F10ERRORCLASS
  402EE0 REMOVEERROR@F10ERRORCLASSUs
  402F80 MESSAGEBOX@F10ERRORCLASSUcsbOsbOsblll
  403014 MSG@F10ERRORCLASSsbOsbOsblll
  4033EC MESSAGE@F10ERRORCLASSsll
  403480 KILL@F10ERRORCLASS
  403550 INIT@F10ERRORCLASS16ERRORSTATUSCLASS
  4035BC INIT@F10ERRORCLASS
  4036DC HISTORYMSG@F10ERRORCLASSsblll
  4038A0 GETPROCEDURENAME@F10ERRORCLASS
  4039E4 GETCATEGORY@F10ERRORCLASSs
  403A98 ADDHISTORY@F10ERRORCLASS
  403B2C ADDERRORS@F10ERRORCLASS10ERRORBLOCK
  403D04 ADDERROR@F10ERRORCLASSUsRsbRsbUcsa
  403E2C DESTRUCT@F10ERRORCLASS
  403E54 CONSTRUCT@F10ERRORCLASS
  403E78 DESTRUCT@F16ERRORSTATUSCLASS
  403EBC CONSTRUCT@F16ERRORSTATUSCLASS
  404030 CLOSE_@_ERRORLOGINTERFACE_@_STANDARDERRORLOGCLASS@F17ERRORLOGINTERFACEUc
  404050 OPEN_@_ERRORLOGINTERFACE_@_STANDARDERRORLOGCLASS@F17ERRORLOGINTERFACEUc
  404070 TAKE_@_ERRORLOGINTERFACE_@_STANDARDERRORLOGCLASS@F17ERRORLOGINTERFACEsb
  404118 CLOSE@F21STANDARDERRORLOGCLASSUc
  4041A4 OPEN@F21STANDARDERRORLOGCLASSUc
  404258 DESTRUCT@F21STANDARDERRORLOGCLASS
  404270 CONSTRUCT@F21STANDARDERRORLOGCLASS
  404288 DESTRUCT@F12FILESMANAGER
  4042E4 CONSTRUCT@F12FILESMANAGER
  404348 TRYREGET@F11FILEMANAGERsb
  4043F8 POSITION@F11FILEMANAGER
  404484 SETOPTION@F10FUZZYCLASSUcUc
  40450C KILL@F10FUZZYCLASS
  404518 INIT@F10FUZZYCLASS
  404540 CONSTRUCT@F10FUZZYCLASS
  4046D0 TAKERESIZE@F17WINDOWRESIZECLASS
  4046EC KILL@F17WINDOWRESIZECLASS
  404794 SETTARGET@F12TOOLBARCLASSl
  404898 UPDATEQUEUE@F8INICLASSsbsbBqRuPuPuPu
  404AC4 UPDATE@F8INICLASSsbsbsb
  404B84 UPDATE@F8INICLASS
  404B90 TRYFETCH@F8INICLASSsbsb
  404C08 REMOVE@F8INICLASSsbsb
  404D98 KILL@F8INICLASS
  404EDC INIT@F8INICLASSsbll
  405018 FETCHQUEUE@F8INICLASSsbsbBqRuPuPuPu
  405284 FETCHFIELD@F8INICLASSsbsbUc
  4053F0 FETCH@F8INICLASSsbsb
  405578 FETCH@F8INICLASS
  405584 UPDATE@F8INICLASSsbsbsbsb
  405784 FETCH@F8INICLASSsbsbsbsb
  4059C8 DESTRUCT@F8INICLASS
  4059F0 CONSTRUCT@F8INICLASS
  405A0C SAVEONINSERTACTION@F13WINDOWMANAGER
  405AF0 SAVEONCHANGEACTION@F13WINDOWMANAGER
  405C44 DELETEACTION@F13WINDOWMANAGER
  405E40 CHANGEACTION@F13WINDOWMANAGER
  406258 INSERTACTION@F13WINDOWMANAGER
  4064BC TAKEDISABLEBUTTON@F13WINDOWMANAGERlUc
  406500 UPDATE@F13WINDOWMANAGER
  406558 TAKEWINDOWEVENT@F13WINDOWMANAGER
  4066BC TAKESELECTED@F13WINDOWMANAGER
  4066CC TAKEREJECTED@F13WINDOWMANAGER
  406714 TAKENOTIFY@F13WINDOWMANAGERlll
  40673C TAKENEWSELECTION@F13WINDOWMANAGER
  4067C0 TAKEFIELDEVENT@F13WINDOWMANAGER
  4067D0 TAKEEVENT@F13WINDOWMANAGER
  4069AC TAKECLOSEEVENT@F13WINDOWMANAGER
  406BA4 TAKECOMPLETED@F13WINDOWMANAGER
  406CC8 TAKEACCEPTED@F13WINDOWMANAGER
  406E00 SETRESPONSE@F13WINDOWMANAGERUc
  406E60 SETALERTS@F13WINDOWMANAGER
  406F38 SAVEHISTORY@F13WINDOWMANAGER
  407004 RUN@F13WINDOWMANAGERUsUc
  407024 RUN@F13WINDOWMANAGER
  407074 RESTOREFIELD@F13WINDOWMANAGERl
  407254 RESETBUFFERS@F13WINDOWMANAGERUc
  4072BC RESET@F13WINDOWMANAGERUc
  407374 PRIMEUPDATE@F13WINDOWMANAGER
  407520 PRIMEFIELDS@F13WINDOWMANAGER
  40752C POSTCOMPLETED@F13WINDOWMANAGER
  4075E0 OPEN@F13WINDOWMANAGERBwBw
  407644 OPEN@F13WINDOWMANAGER
  407690 KILL@F13WINDOWMANAGER
  40784C INIT@F13WINDOWMANAGER
  4078F4 ASK@F13WINDOWMANAGER
  407964 ADDITEM@F13WINDOWMANAGER15WINDOWCOMPONENT
  4079D4 DISABLECANCELCONTROLS@F13WINDOWMANAGER
  407A40 ENABLECANCELCONTROLS@F13WINDOWMANAGER
  407AAC DESTRUCT@F15CRITICALSECTION
  407ACC CONSTRUCT@F15CRITICALSECTION
  407AE8 KILL@F17CRITICALPROCEDURE
  407B1C INIT@F17CRITICALPROCEDURE11ISYNCOBJECT
  407B54 DESTRUCT@F17CRITICALPROCEDURE
  407B68 CONSTRUCT@F17CRITICALPROCEDURE
  407F84 __thr_inst0
  407F94 ISWA_WaitForMultipleObjectsEx
  407FCC ISWA_SetEvent
  407FEC ISWA_CreateEventExA
  408024 ISWA_CreateEventA
  40805C ISWA_Process32Next
  408084 ISWA_Process32First
  4080AC ISWA_CreateToolhelp32Snapshot
  4080D4 ISWA_GetACP
  4080E8 ISWA_WideCharToMultiByte
  40812C ISWA_GetCurrentProcess
  408140 ISWA_NtQueryInformationProcess
  408178 ISWA_GetVersionExA
  408198 ISWA_SetServiceStatus
  4081C0 ISWA_RegisterServiceCtrlHandlerExA
  4081F0 ISWA_StartServiceCtrlDispatcherA
  408210 ISWA_ChangeServiceConfig2A
  408240 ISWA_ChangeServiceConfigA
  40828C ISWA_QueryServiceConfig2A
  4082C4 ISWA_QueryServiceConfigA
  4082FC ISWA_DeleteService
  40831C ISWA_OpenServiceA
  40834C ISWA_CreateServiceA
  40839C ISWA_CloseServiceHandle
  4083BC ISWA_OpenSCManagerA
  4083EC MAIN@F
  408420 SERVICEHANDLEREXA
  40A4B0 LOADLIBRARYEX@F
  40B810 COUNT_CLARIONSERVICE_INSTANCES@F
  40C268 FREELIBRARYEX@F
  40C42C SERVICEMAIN
  40D8AC SETSERVICESTATUS@F
  40DD28 SETSERVICESTATUSSERVICETYPE@FOUl
  40DE80 SETSERVICESTATUSCONTROLSACCEPTED@FOUl
  40E514 SETSERVICESTATUSEXITCODE@FOUlOUl
  40EA44 SETSERVICESTATUSCURRENTSTATE@FUlOUlOUl
  40EC3C DSS@Fsb
  40ECAC DSC@FRsc
  40ECDC COMMANDLINEPROCESSOR@F
  40F198 SVC016$CREATEWAITOBJECTEVENTS@F
  415DC8 SVC017$OPENSCMANAGERA@F
  416668 SVC018$CHANGESERVICECONFIG2A@F
  4172A8 SVC019$CHANGESERVICECONFIGA@F
  4175F0 SVC020$CLOSESCMANAGERHANDLE@F
  417738 SVC021$CLOSESERVICEHANDLE@F
  417880 SVC022$CREATESERVICEA@F
  4181E4 SVC023$DELETESERVICE@F
  4182DC NTQUERYINFORMATIONPROCESS@F
  418A3C UNICODESTRINGTOANSISTRING@FlRsc
  418AF4 SVC026$OPENSERVICEA@F
  419108 SVC027$QUERYSERVICECONFIG2A@F
  41AD94 SVC028$QUERYSERVICECONFIGA@F
  41B028 SERVICEINSTALLCHECKDELETE@F
  41B560 GETVERSIONEXA@F
  41BEB0 SVCBC0$SVCBC0:FILESINIT@F
  41BEB8 SVCBC0$SVCBC0:DCTKILL@F
  41BEC0 SVCBC0$SVCBC0:DCTINIT@F
  41BEC8 DCTKILL@F
  41BED4 DCTINIT@F
  41BEE4 _main
  41C658 DESTRUCT@F10DICTIONARY
  41C66C CONSTRUCT@F10DICTIONARY
  41D000 $GSCM:DEFAULTSERVICECONFIG2AGRP
  55DCD4 $GSCM:DEFAULTSERVICECONFIGAGRP
  56482C TYPE$COLORMAP
  564858 TCB$COLORMAP
  564F50 STDERRORFILE$TYPE$RECORD
  564F68 $STDERRORFILE
  564FB4 TYPE$PNQ
  564FD4 TYPE$DEFAULTERRORS
  565234 $DEFAULTERRORS
  5663A8 TYPE$HISTHANDLERCLASS
  5663F0 VMT$HISTHANDLERCLASS
  566420 TYPE$MSGBOXCLASS
  566698 VMT$MSGBOXCLASS
  566720 TYPE$ERRORCLASS
  5669A4 VMT$ERRORCLASS
  5669F0 TYPE$STANDARDERRORLOGCLASS
  566A28 VMT$STANDARDERRORLOGCLASS
  566A40 TYPE$ERRORSTATUSCLASS
  566B34 VMT$ERRORSTATUSCLASS
  566B40 TYPE$UNTHREADEDFILEOPENERMAP
  566B64 TCB$UNTHREADEDFILEOPENERMAP
  566B74 TYPE$FILESMANAGER
  566BB8 VMT$FILESMANAGER
  566BC4 TYPE$FILEMAPPING_T
  566BF0 TYPE$FILEMAPPING_R
  566C20 TYPE$STATUSQ_T
  566C88 TYPE$FUZZYCLASS
  566D30 VMT$FUZZYCLASS
  566EBC TYPE$INICLASS
  566F04 VMT$INICLASS
  566F8C TYPE$BUTTONLIST
  566FB0 TYPE$COMPONENTLIST
  566FCC TYPE$CRITICALSECTION
  566FE4 VMT$CRITICALSECTION
  566FF0 TYPE$CRITICALPROCEDURE
  567008 VMT$CRITICALPROCEDURE
  578280 TYPE$GLLQ:GLOBALLOADLIBRARYQ
  5782F8 TCB$GLLQ:GLOBALLOADLIBRARYQ
  578308 TYPE$DICTIONARY
  578318 VMT$DICTIONARY
  578324 $GSCM:SERVICENAME
  578424 $GSS:SERVICESTATUS
  578440 $GSCM:SERVICESTARTNAME
  578840 $GSCM:ERRORCONTROL
  578844 $GSCM:STARTTYPE
  578848 $GSCM:SERVICETYPE
  57884C $GSCM:SERVICEDESIREDACCESS
  578850 $GSCM:SCMDESIREDACCESS
  578854 $GCL:COMMANDLINEACTION
  578D80 VMTP$DICTIONARY
  578D88 VMTP$FILESMANAGER
  578D90 VMTP$INICLASS
  578D98 VMTP$HISTHANDLERCLASS
  578DA0 VMTP$MSGBOXCLASS
  578DA8 VMTP$ERRORCLASS
  578DB0 VMTP$STANDARDERRORLOGCLASS
  578DB8 VMTP$ERRORSTATUSCLASS
  578DC0 VMTP$FUZZYCLASS
  578DC8 VMTP$CRITICALSECTION
  578DD0 VMTP$CRITICALPROCEDURE
  578DE0 $GSCM:CHANGESERVICECONFIG2AGRP
  6B9AB4 $GSCM:DEPENDENCIESARRAYGRP
  6BFEB8 $GSCM:QUERYSERVICECONFIG2AGRP
  800C8C $GSCM:QUERYSERVICECONFIGAGRP
  8077B4 $COLORMAP
  8077EC $MULTIWINDOW
  8077F0 $TXTWINDOW
  8077F4 $WINDOW
  8077F8 STDERRORFILE$RECORD
  807BF8 $UNTHREADEDFILEOPENERMAP
  807C00 $CREATEOPENERCRIT
  807C08 P197$MEMOS$DBTEXTLOGFILE
  807D10 $GOVIE:OSVERSIONINFOEXA
  807DAC $GSCV:SERVICETABLEENTRYA
  807DFC $GLLQ:GLOBALLOADLIBRARYQ
  808608 $FUZZYMATCHER
  809C2C $GLOBALERRORS
  809C60 $INIMGR
  809D78 $GNTQ:PROCESSBASICINFORMATIONGRP
  809D90 $GSPD:SCMPROCESSID
  809D94 $GLO:SERVICEINSTANCES
  809D98 $GLO:RVBOOL
  809D9C $GLLA:STARTSERVICECTRLDISPATCHERA
  809DA0 $GLO:LASTERROR
  809DA4 $LCURRENTFDSETTING
  809DA8 $LADJFDSETTING
  809DAC $GSCV:SERVICECTRLHANDLERHANDLE
  809DB0 $GLLA:WAITFORMULTIPLEOBJECTSEX
  809DB4 $GLLA:WAITFORSINGLEOBJECT
  809DB8 $GLLA:GETPROCADDRESS
  809DBC $GLLA:GETMODULEHANDLEA
  809DC0 $GLLA:RESETEVENT
  809DC4 $GLLA:SETEVENT
  809DC8 $GLLA:PROCESS32NEXT
  809DCC $GLLA:PROCESS32FIRST
  809DD0 $GLLA:CREATETOOLHELP32SNAPSHOT
  809DD4 $GLLA:GETCURRENTPROCESSID
  809DD8 $GLLA:GETPROCESSIMAGEFILENAMEA
  809DDC $GLLA:LSTRLENW
  809DE0 $GLLA:GETACP
  809DE4 $GLLA:WIDECHARTOMULTIBYTE
  809DE8 $GLLA:GETCURRENTPROCESS
  809DEC $GLLA:NTQUERYINFORMATIONPROCESS
  809DF0 $GLLA:SHGETFOLDERPATHA
  809DF4 $GLLA:GETMODULEFILENAMEEXA
  809DF8 $GLLA:OPENPROCESS
  809DFC $GLLA:EXITPROCESS
  809E00 $GLLA:GETVERSIONEXA
  809E04 $GLLA:CREATEEVENTEXA
  809E08 $GLLA:CREATEEVENTA
  809E0C $GLLA:SETSERVICESTATUS
  809E10 $GLLA:REGISTERSERVICECTRLHANDLERA
  809E14 $GLLA:CHANGESERVICECONFIG2A
  809E18 $GLLA:CHANGESERVICECONFIGA
  809E1C $GLLA:QUERYSERVICECONFIG2A
  809E20 $GLLA:QUERYSERVICECONFIGA
  809E24 $GLLA:DELETESERVICE
  809E28 $GLLA:OPENSERVICEA
  809E2C $GLLA:CREATESERVICEA
  809E30 $GLLA:CLOSESERVICEHANDLE
  809E34 $GLLA:OPENSCMANAGERA
  809E38 $GS:PROCESSENTRY32
  809F60 $GSCM:CHANGESERVICECONFIGAGRP
  809F88 $GSCM:PASSWORD
  80A388 $GSCM:TAGID
  80A38C $GSCM:LOADORDERGROUP
  80A48C $GSCM:BINARYPATHNAME
  80A88C $GSCM:SERVICELASTERROR
  80A890 $GSCM:SERVICEHANDLE
  80A894 $GSCM:SCMLASTERROR
  80A898 $GSCM:SCMHANDLE
  80A89C $GSCM:DATABASENAME
  80AC9C $GSCM:MACHINENAME
  80B09C $GEC:EXITCODE
  80B0A0 $GEC:EXITAPP
  80B0A4 $GCL:BINARYFILENAME
  80B4A4 $GCL:BINARYPATH
  80B8A4 $GCL:COMMANDLINEFLAGS
  80BCA4 $GCL:COMMANDLINE
  80C0A4 $GWOS:RV:WAITOBJECT:SIGNALEVENT
  80C0A8 $GWOE:EVENT:SERVICE_ACCEPT_USERMODEREBOOT
  80C0AC $GWOE:EVENT:SERVICE_ACCEPT_TRIGGEREVENT
  80C0B0 $GWOE:EVENT:SERVICE_ACCEPT_TIMECHANGE
  80C0B4 $GWOE:EVENT:SERVICE_ACCEPT_PRESHUTDOWN
  80C0B8 $GWOE:EVENT:SERVICE_ACCEPT_SESSIONCHANGE
  80C0BC $GWOE:EVENT:SERVICE_ACCEPT_POWEREVENT
  80C0C0 $GWOE:EVENT:SERVICE_ACCEPT_HARDWAREPROFILECHANGE
  80C0C4 $GWOE:EVENT:SERVICE_ACCEPT_DEVICEEVENT
  80C0C8 $GWOE:EVENT:SERVICE_ACCEPT_NETBINDDISABLE
  80C0CC $GWOE:EVENT:SERVICE_ACCEPT_NETBINDENABLE
  80C0D0 $GWOE:EVENT:SERVICE_ACCEPT_NETBINDREMOVE
  80C0D4 $GWOE:EVENT:SERVICE_ACCEPT_NETBINDCHANGE
  80C0D8 $GWOE:EVENT:SERVICE_ACCEPT_NETBINDADD
  80C0DC $GWOE:EVENT:SERVICE_ACCEPT_PARAMCHANGE
  80C0E0 $GWOE:EVENT:SERVICE_ACCEPT_SHUTDOWN
  80C0E4 $GWOE:EVENT:SERVICE_ACCEPT_INTERROGATE
  80C0E8 $GWOE:EVENT:SERVICE_ACCEPT_CONTINUE
  80C0EC $GWOE:EVENT:SERVICE_ACCEPT_PAUSE
  80C0F0 $GWOE:EVENT:SERVICE_ACCEPT_STOP
  80C0F4 $GWOE:EVENT:WAITOBJECTHANDLESARRAYCNT
  80C0F8 $GWOE:EVENT:WAITOBJECTHANDLESARRAY
  80C1F8 $GOVIE:WINDOWSVERSION
  80C200 $GNN:HIGHESTNODENUMBER
  80C204 $GNTQ:RTL_USER_PROCESS_PARAMETERS
  80C24C $GNTQ:PEB
  80C424 $GSPD:SCMMODULEFILENAME
  80C824 $GSPD:SCMPROCESSHANDLE
  80D008 P20$OUTFILE
  80D054 P21$INFILE
  80D0A0 P197$DBTEXTLOGFILE
  80D0EC P82$EXTRACTFILE
  80D144 P20$OUTFILE$OUTFILE@:RECORD
  815148 P21$INFILE$INFILE@:RECORD
  81D148 $GLOBALERRORSTATUS
  81D868 $GLOBALREQUEST
  81D86C $GLOBALRESPONSE
  81D870 $VCRREQUEST
  81D874 $DICTIONARY
  81D878 $FILESMANAGER
  81D890 $SZDBTEXTLOG
  81D998 P197$DBTEXTLOGFILE$RECORD
  81DD84 P82$EXTRACTFILE$EXTRACTFILE@:RECORD
  81F000 __import_section_start
  8200EC __import_section_end

Imports
c60ascx:ASCII 81F080
c60dosx:DOS 81F090
c60runx:AttachThreadToClarion 81F2C8,401000
c60runx:Cla$ACCEPTED 81F2CC,401008
c60runx:Cla$ADDqueue 81F2D0
c60runx:Cla$AssertFailed 81F2D4
c60runx:Cla$AssertFailedM 81F2D8
c60runx:Cla$AssignRefUfo 81F2DC
c60runx:Cla$BEEP 81F2E0,401010
c60runx:Cla$CLEAR 81F2E4
c60runx:Cla$clearstr 81F2E8
c60runx:Cla$ClearType 81F2EC
c60runx:Cla$CLOCK 81F2F0,401018
c60runx:Cla$CLOSEwindow 81F2F4,401020
c60runx:Cla$code 81F2F8
c60runx:Cla$COMMAND 81F2FC,401028
c60runx:Cla$comparestr 81F300
c60runx:Cla$DecAdd 81F304
c60runx:Cla$DecDistinct 81F308
c60runx:Cla$DecDistinctR 81F30C
c60runx:Cla$DecDivide 81F310
c60runx:Cla$DecSub 81F314
c60runx:Cla$DELETEqueue 81F318,401030
c60runx:Cla$DELETEREG 81F31C,401038
c60runx:Cla$DISABLE 81F320,401040
c60runx:Cla$DISPLAY 81F324,401048
c60runx:Cla$DISPOSEqueue 81F328
c60runx:Cla$DISPOSEref 81F32C
c60runx:Cla$Dlongpower 81F330
c60runx:Cla$DPopDec 81F334
c60runx:Cla$DPopLong 81F338
c60runx:Cla$DPopReal 81F33C
c60runx:Cla$DPopUlong 81F340
c60runx:Cla$DPushConstant 81F344
c60runx:Cla$DPushDec 81F348
c60runx:Cla$DPushLong 81F34C
c60runx:Cla$DPushULong 81F350
c60runx:Cla$duplicate 81F354
c60runx:Cla$ENABLE 81F358,401050
c60runx:Cla$EndEventLoop 81F35C
c60runx:Cla$ERRORCODE 81F360,401058
c60runx:Cla$EVENT 81F364,401060
c60runx:Cla$FIELD 81F368,401068
c60runx:Cla$FILEERRORCODE 81F36C,401070
c60runx:Cla$FILEERRORMSG 81F370,401078
c60runx:Cla$FileExists 81F374,401080
c60runx:Cla$FILE_ADDf 81F378
c60runx:Cla$FILE_CLOSE 81F37C,401088
c60runx:Cla$FILE_CREATE 81F380
c60runx:CLA$FILE_DESTROY 81F384
c60runx:Cla$FILE_NAME 81F388,401090
c60runx:Cla$FILE_OPEN 81F38C,401098
c60runx:Cla$FILE_POSITIONf 81F390,4010A0
c60runx:Cla$FILE_POSITIONk 81F394,4010A8
c60runx:Cla$FILE_REGETf 81F398,4010B0
c60runx:Cla$FILE_REGETk 81F39C,4010B8
c60runx:Cla$FOCUS 81F3A0,4010C0
c60runx:Cla$FREEqueue 81F3A4
c60runx:Cla$FREEqueuea 81F3A8,4010C8
c60runx:Cla$freestr 81F3AC
c60runx:Cla$FreeUfo 81F3B0
c60runx:Cla$freewindow 81F3B4
c60runx:Cla$GETINI 81F3B8,4010D0
c60runx:Cla$GetPropS 81F3BC
c60runx:Cla$GETqueuekey 81F3C0,4010D8
c60runx:Cla$GETqueueptr 81F3C4
c60runx:Cla$GETREG 81F3C8,4010E0
c60runx:Cla$HALT 81F3CC,4010E8
c60runx:Cla$init 81F3D0
c60runx:Cla$INSTANCE 81F3D4,4010F0
c60runx:Cla$KEYCODE 81F3D8,4010F8
c60runx:Cla$loaddec 81F3DC
c60runx:Cla$longtostr 81F3E0
c60runx:Cla$Mem2Ufo 81F3E4
c60runx:Cla$MessageBox 81F3E8,401100
c60runx:Cla$NewCriticalSection 81F3EC,401108
c60runx:Cla$NewMemB 81F3F0
c60runx:Cla$NewMemT 81F3F4
c60runx:Cla$NewMemZ 81F3F8
c60runx:Cla$NEWqueue 81F3FC
c60runx:Cla$NOTIFICATION 81F400,401110
c60runx:Cla$OPENowned 81F404,401118
c60runx:Cla$OPENwindow 81F408,401120
c60runx:Cla$PEEK 81F40C
c60runx:Cla$POINTERqueue 81F410,401128
c60runx:Cla$PopAString 81F414
c60runx:Cla$PopBind 81F418,401130
c60runx:Cla$PopCString 81F41C
c60runx:Cla$PopString 81F420
c60runx:Cla$PopTemp 81F424
c60runx:Cla$POST 81F428,401138
c60runx:Cla$PushAString 81F42C
c60runx:Cla$PushBind 81F430,401140
c60runx:Cla$PushCString 81F434
c60runx:Cla$PushLong 81F438
c60runx:Cla$PushPictLong 81F43C
c60runx:Cla$PushReal 81F440
c60runx:Cla$PushString 81F444
c60runx:Cla$PushUfo 81F448
c60runx:Cla$PUTINI 81F44C,401148
c60runx:Cla$PUTqueue 81F450
c60runx:Cla$PUTREG 81F454,401150
c60runx:Cla$pwopen 81F458,401158
c60runx:Cla$realdistinct 81F45C
c60runx:Cla$RECORDSqueue 81F460,401160
c60runx:Cla$RefAssignAny 81F464
c60runx:Cla$REGULAR 81F468,401168
c60runx:Cla$SELECT 81F46C,401170
c60runx:Cla$SETCURSOR 81F470,401178
c60runx:Cla$SETKEYCODE 81F474,401180
c60runx:Cla$SetPropS 81F478
c60runx:Cla$SetPropV 81F47C
c60runx:Cla$Stack2DStack 81F480
c60runx:Cla$Stack2Ufo 81F484
c60runx:Cla$StackCLIP 81F488,401188
c60runx:Cla$StackCompareN 81F48C
c60runx:Cla$StackCompareNEQ 81F490
c60runx:Cla$StackConcat 81F494
c60runx:Cla$StackConcatR 81F498
c60runx:Cla$StackErrstr 81F49C,401190
c60runx:Cla$StackHeap 81F4A0
c60runx:Cla$StackINSTRING 81F4A4,401198
c60runx:Cla$StackLen 81F4A8,4011A0
c60runx:Cla$StackRotate 81F4AC
c60runx:Cla$StackSUB 81F4B0,4011A8
c60runx:Cla$StackUPPER 81F4B4,4011B0
c60runx:Cla$StartEventLoop 81F4B8
c60runx:Cla$storecstr 81F4BC
c60runx:Cla$storestr 81F4C0
c60runx:Cla$THREAD 81F4C4,4011B8
c60runx:Cla$TODAY 81F4C8,4011C0
c60runx:Cla$UNHIDE 81F4CC,4011C8
c60runx:Cla$UNREGISTEREVENT 81F4D0,4011D0
c60runx:Cla$WHAT 81F4D4,4011D8
c60runx:THR$GetInstance 81F4D8,4011E0
c60runx:Wsl$CloseDown 81F4DC,4011E8
c60runx:_exit 81F4E0,4011F0
c60runx:_free 81F4E4
c60runx:_malloc 81F4E8
c60runx:__sysinit 81F4EC,4011F8
c60runx:__sysstart 81F4F0,401200
KERNEL32.dll:FreeLibrary 81F514,401208
KERNEL32.dll:GetLastError 81F518,401210
KERNEL32.dll:GetProcAddress 81F51C,401218
KERNEL32.dll:LoadLibraryExA 81F520,401220
KERNEL32.dll:lstrcpyA 81F524,401228
KERNEL32.dll:OutputDebugStringA 81F528,401230
USER32.dll:SystemParametersInfoA 81F538



Entry Point:   407B80