  401238     304E Code                ABERROR_TEXT
  404288      1F9 Code                ABFILE_TEXT
  404484      249 Code                ABFUZZY_TEXT
  4046D0       C2 Code                ABRESIZE_TEXT
  404794      102 Code                ABTOOLBA_TEXT
  404898     1174 Code                ABUTIL_TEXT
  405A0C     20A0 Code                ABWINDOW_TEXT
  407AAC       D2 Code                CWSYNCHC_TEXT
  407B80       2D Code                IEXE32_TEXT
  407BB0      3D2 Code                INIT_TEXT
  407F84        D Code                INST00_TEXT
  407F94      430 Code                SCLOADLIBRARYHACK_TEXT
  4083C4       31 Code                SVC001_TEXT
  4083F8     1F45 Code                SVC003_TEXT
  40A340     123D Code                SVC004_TEXT
  40B580      195 Code                SVC005_TEXT
  40B718      1C2 Code                SVC006_TEXT
  40B8DC     147D Code                SVC007_TEXT
  40CD5C      479 Code                SVC008_TEXT
  40D1D8      156 Code                SVC009_TEXT
  40D330      293 Code                SVC010_TEXT
  40D5C4      52D Code                SVC011_TEXT
  40DAF4      1F5 Code                SVC012_TEXT
  40DCEC       6D Code                SVC013_TEXT
  40DD5C       2D Code                SVC014_TEXT
  40DD8C      4BC Code                SVC015_TEXT
  40E248     38DF Code                SVC016_TEXT
  411B28      89E Code                SVC017_TEXT
  4123C8      C3D Code                SVC018_TEXT
  413008      345 Code                SVC019_TEXT
  413350      180 Code                SVC020_TEXT
  4134D0      146 Code                SVC021_TEXT
  413618      7FE Code                SVC022_TEXT
  413E18       F7 Code                SVC023_TEXT
  413F10      75F Code                SVC024_TEXT
  414670       B6 Code                SVC025_TEXT
  414728      37E Code                SVC026_TEXT
  414AA8     1C8A Code                SVC027_TEXT
  416734      293 Code                SVC028_TEXT
  4169C8      538 Code                SVC029_TEXT
  416F00      16A Code                SVC030_TEXT
  41706C       15 Code                SVCBC0_TEXT
  417084       1B Code                SVCBC_TEXT
  4170A0      59F Code                SVC_TEXT
  418000   140CD4 Initialized Data    $GSCM:DEFAULTSERVICECONFIG2AGRP_
  558CD4     6B29 Initialized Data    $GSCM:DEFAULTSERVICECONFIGAGRP_D
  55F800       2A Initialized Data    ABEIP_CONST
  55F82C       3C Initialized Data    ABEIP_DATA
  55F868      6E8 Initialized Data    ABERROR_CONST
  55FF50     1BF0 Initialized Data    ABERROR_DATA
  561B40        0 Initialized Data    ABFILE_CONST
  561B40      147 Initialized Data    ABFILE_DATA
  561C88       B4 Initialized Data    ABFUZZY_DATA
  561D3C       1D Initialized Data    ABTOOLBA_CONST
  561D5C      145 Initialized Data    ABUTIL_CONST
  561EA4       AB Initialized Data    ABUTIL_DATA
  561F50       39 Initialized Data    ABWINDOW_CONST
  561F8C       3F Initialized Data    ABWINDOW_DATA
  561FCC       48 Initialized Data    CWSYNCHC_DATA
  562014        E Initialized Data    CWUTIL_CONST
  562024       36 Initialized Data    CWUTIL_DATA
  56205C       3C Initialized Data    IEXE32_DATA
  562098       16 Initialized Data    SVC001_CONST
  5620B0     19CB Initialized Data    SVC003_CONST
  563A7C     11E7 Initialized Data    SVC004_CONST
  564C64        D Initialized Data    SVC005_CONST
  564C74      113 Initialized Data    SVC006_CONST
  564D88     1795 Initialized Data    SVC007_CONST
  566520      332 Initialized Data    SVC008_CONST
  566854      10D Initialized Data    SVC009_CONST
  566964      354 Initialized Data    SVC010_CONST
  566CB8      572 Initialized Data    SVC011_CONST
  56722C      12A Initialized Data    SVC012_CONST
  567358      326 Initialized Data    SVC015_CONST
  567680     3024 Initialized Data    SVC016_CONST
  56A6A4      33C Initialized Data    SVC017_CONST
  56A9E0      12B Initialized Data    SVC018_CONST
  56AB0C       5A Initialized Data    SVC019_CONST
  56AB68      108 Initialized Data    SVC020_CONST
  56AC70       EC Initialized Data    SVC021_CONST
  56AD5C      2DC Initialized Data    SVC022_CONST
  56B038       8F Initialized Data    SVC023_CONST
  56B0C8      637 Initialized Data    SVC024_CONST
  56B700      18A Initialized Data    SVC026_CONST
  56B88C      C75 Initialized Data    SVC027_CONST
  56C504       4D Initialized Data    SVC028_CONST
  56C554      3CE Initialized Data    SVC029_CONST
  56C924      143 Initialized Data    SVC030_CONST
  56CA68      3AD Initialized Data    SVC_CONST
  56CE18      5D5 Initialized Data    SVC_DATA
  56D3F0        0 Initialized Data    __CPPINI_CONS
  56D3F0      524 Initialized Data    __CPPINI_CONST
  56D914        4 Initialized Data    __CPPINI_END
  56D918        0 Initialized Data    __INIVMT_CONS
  56D918       58 Initialized Data    __INIVMT_CONST
  56D970        0 Initialized Data    __INIVMT_CONST_END
  56D970   140CD3 Un-initialized Data $GSCM:CHANGESERVICECONFIG2AGRP_B
  6AE644     6401 Un-initialized Data $GSCM:DEPENDENCIESARRAYGRP_BSS
  6B4A48   140DD2 Un-initialized Data $GSCM:QUERYSERVICECONFIG2AGRP_BS
  7F581C     6B25 Un-initialized Data $GSCM:QUERYSERVICECONFIGAGRP_BSS
  7FC344       40 Un-initialized Data ABEIP_BSS
  7FC384      404 Un-initialized Data ABERROR_BSS
  7FC788       10 Un-initialized Data ABFILE_BSS
  7FC798        4 Un-initialized Data ABFUZZY_BSS
  7FC79C      104 Un-initialized Data ABUTIL_BSS
  7FC8A0        0 Un-initialized Data CWUTIL_BSS
  7FC8A0     4B0C Un-initialized Data SVC_BSS
  802000        8 __T_L_S__DAT
  802008      130 __T_L_S__DATA
  802138        0 __T_L_S__DATA_END
  802140        0 __T_L_S__BS
  802140    11044 __T_L_S__BSS
  813184        0 __T_L_S__BSS_END

  401238 REPLACE@FsbsbRsc
  401360 KILL_@_WINDOWCOMPONENT_@_HISTHANDLERCLASS@F15WINDOWCOMPONENT
  40136C RESET_@_WINDOWCOMPONENT_@_HISTHANDLERCLASS@F15WINDOWCOMPONENTUc
  401380 RESETREQUIRED_@_WINDOWCOMPONENT_@_HISTHANDLERCLASS@F15WINDOWCOMPONENT
  401390 SETALERTS_@_WINDOWCOMPONENT_@_HISTHANDLERCLASS@F15WINDOWCOMPONENT
  40139C TAKEEVENT_@_WINDOWCOMPONENT_@_HISTHANDLERCLASS@F15WINDOWCOMPONENT
  4013B8 UPDATE_@_WINDOWCOMPONENT_@_HISTHANDLERCLASS@F15WINDOWCOMPONENT
  4013C4 UPDATEWINDOW_@_WINDOWCOMPONENT_@_HISTHANDLERCLASS@F15WINDOWCOMPONENT
  4013E4 VLBPROC@F16HISTHANDLERCLASSls
  4014E0 TAKEEVENT@F16HISTHANDLERCLASS
  4015C0 INIT@F16HISTHANDLERCLASSBw10ERRORCLASS16ERRORHISTORYLIST
  4015F8 _VLBPROC@F16HISTHANDLERCLASSls
  401630 TAKEACCEPTED@F11MSGBOXCLASS
  401680 SETUPADDITIONALFEQS@F11MSGBOXCLASS
  401718 KILL@F11MSGBOXCLASS
  40176C INIT@F11MSGBOXCLASS
  401A58 INIT@F11MSGBOXCLASSBw10ERRORCLASSOsbllll
  401B14 FETCHSTDBUTTON@F11MSGBOXCLASSs
  401B68 GETALLSTATUSVARIABLES@F10ERRORCLASS16ERRORSTATUSGROUP
  401BE0 GETERRORBUFFERFATALITY@F10ERRORCLASS
  401C4C GETERRORBUFFERTITLE@F10ERRORCLASS
  401CC0 GETERRORBUFFERID@F10ERRORCLASS
  401D1C STOREERRORENTRY@F10ERRORCLASSUs
  401EAC GETHISTORYRESETONVIEW@F10ERRORCLASS
  401F00 SETHISTORYRESETONVIEW@F10ERRORCLASSUc
  401F58 GETHISTORYVIEWLEVEL@F10ERRORCLASS
  401FAC SETHISTORYVIEWLEVEL@F10ERRORCLASSl
  402004 GETHISTORYTHRESHOLD@F10ERRORCLASS
  402058 SETHISTORYTHRESHOLD@F10ERRORCLASSl
  4020B0 GETLOGERRORS@F10ERRORCLASS
  402104 GETSILENT@F10ERRORCLASS
  402158 SETDEFAULTCATEGORY@F10ERRORCLASSsa
  4021B0 GETDEFAULTCATEGORY@F10ERRORCLASS
  402204 VIEWHISTORY@F10ERRORCLASS
  402268 THROW@F10ERRORCLASSs
  402294 TAKEUSER@F10ERRORCLASS
  402304 TAKEPROGRAM@F10ERRORCLASS
  402320 TAKEOTHER@F10ERRORCLASS
  40233C TAKENOTIFY@F10ERRORCLASS
  402398 TAKEFATAL@F10ERRORCLASS
  402428 TAKEERROR@F10ERRORCLASSs
  40261C TAKEBENIGN@F10ERRORCLASS
  40262C SUBSSTRING@F10ERRORCLASS
  402A40 GETERRORENTRY@F10ERRORCLASSUs15ERRORENTRYGROUPl
  402AF0 GETERRORENTRY@F10ERRORCLASSUs15ERRORENTRYGROUP
  402B54 SETID@F10ERRORCLASSUsl
  402BD4 SETID@F10ERRORCLASSUs
  402C38 SETERRORS@F10ERRORCLASS
  402CFC SETERRORLOG@F10ERRORCLASS17ERRORLOGINTERFACE
  402DE4 SETCATEGORY@F10ERRORCLASSssa
  402E7C RESETHISTORY@F10ERRORCLASS
  402EE0 REMOVEERROR@F10ERRORCLASSUs
  402F80 MESSAGEBOX@F10ERRORCLASSUcsbOsbOsblll
  403014 MSG@F10ERRORCLASSsbOsbOsblll
  4033EC MESSAGE@F10ERRORCLASSsll
  403480 KILL@F10ERRORCLASS
  403550 INIT@F10ERRORCLASS16ERRORSTATUSCLASS
  4035BC INIT@F10ERRORCLASS
  4036DC HISTORYMSG@F10ERRORCLASSsblll
  4038A0 GETPROCEDURENAME@F10ERRORCLASS
  4039E4 GETCATEGORY@F10ERRORCLASSs
  403A98 ADDHISTORY@F10ERRORCLASS
  403B2C ADDERRORS@F10ERRORCLASS10ERRORBLOCK
  403D04 ADDERROR@F10ERRORCLASSUsRsbRsbUcsa
  403E2C DESTRUCT@F10ERRORCLASS
  403E54 CONSTRUCT@F10ERRORCLASS
  403E78 DESTRUCT@F16ERRORSTATUSCLASS
  403EBC CONSTRUCT@F16ERRORSTATUSCLASS
  404030 CLOSE_@_ERRORLOGINTERFACE_@_STANDARDERRORLOGCLASS@F17ERRORLOGINTERFACEUc
  404050 OPEN_@_ERRORLOGINTERFACE_@_STANDARDERRORLOGCLASS@F17ERRORLOGINTERFACEUc
  404070 TAKE_@_ERRORLOGINTERFACE_@_STANDARDERRORLOGCLASS@F17ERRORLOGINTERFACEsb
  404118 CLOSE@F21STANDARDERRORLOGCLASSUc
  4041A4 OPEN@F21STANDARDERRORLOGCLASSUc
  404258 DESTRUCT@F21STANDARDERRORLOGCLASS
  404270 CONSTRUCT@F21STANDARDERRORLOGCLASS
  404288 DESTRUCT@F12FILESMANAGER
  4042E4 CONSTRUCT@F12FILESMANAGER
  404348 TRYREGET@F11FILEMANAGERsb
  4043F8 POSITION@F11FILEMANAGER
  404484 SETOPTION@F10FUZZYCLASSUcUc
  40450C KILL@F10FUZZYCLASS
  404518 INIT@F10FUZZYCLASS
  404540 CONSTRUCT@F10FUZZYCLASS
  4046D0 TAKERESIZE@F17WINDOWRESIZECLASS
  4046EC KILL@F17WINDOWRESIZECLASS
  404794 SETTARGET@F12TOOLBARCLASSl
  404898 UPDATEQUEUE@F8INICLASSsbsbBqRuPuPuPu
  404AC4 UPDATE@F8INICLASSsbsbsb
  404B84 UPDATE@F8INICLASS
  404B90 TRYFETCH@F8INICLASSsbsb
  404C08 REMOVE@F8INICLASSsbsb
  404D98 KILL@F8INICLASS
  404EDC INIT@F8INICLASSsbll
  405018 FETCHQUEUE@F8INICLASSsbsbBqRuPuPuPu
  405284 FETCHFIELD@F8INICLASSsbsbUc
  4053F0 FETCH@F8INICLASSsbsb
  405578 FETCH@F8INICLASS
  405584 UPDATE@F8INICLASSsbsbsbsb
  405784 FETCH@F8INICLASSsbsbsbsb
  4059C8 DESTRUCT@F8INICLASS
  4059F0 CONSTRUCT@F8INICLASS
  405A0C SAVEONINSERTACTION@F13WINDOWMANAGER
  405AF0 SAVEONCHANGEACTION@F13WINDOWMANAGER
  405C44 DELETEACTION@F13WINDOWMANAGER
  405E40 CHANGEACTION@F13WINDOWMANAGER
  406258 INSERTACTION@F13WINDOWMANAGER
  4064BC TAKEDISABLEBUTTON@F13WINDOWMANAGERlUc
  406500 UPDATE@F13WINDOWMANAGER
  406558 TAKEWINDOWEVENT@F13WINDOWMANAGER
  4066BC TAKESELECTED@F13WINDOWMANAGER
  4066CC TAKEREJECTED@F13WINDOWMANAGER
  406714 TAKENOTIFY@F13WINDOWMANAGERlll
  40673C TAKENEWSELECTION@F13WINDOWMANAGER
  4067C0 TAKEFIELDEVENT@F13WINDOWMANAGER
  4067D0 TAKEEVENT@F13WINDOWMANAGER
  4069AC TAKECLOSEEVENT@F13WINDOWMANAGER
  406BA4 TAKECOMPLETED@F13WINDOWMANAGER
  406CC8 TAKEACCEPTED@F13WINDOWMANAGER
  406E00 SETRESPONSE@F13WINDOWMANAGERUc
  406E60 SETALERTS@F13WINDOWMANAGER
  406F38 SAVEHISTORY@F13WINDOWMANAGER
  407004 RUN@F13WINDOWMANAGERUsUc
  407024 RUN@F13WINDOWMANAGER
  407074 RESTOREFIELD@F13WINDOWMANAGERl
  407254 RESETBUFFERS@F13WINDOWMANAGERUc
  4072BC RESET@F13WINDOWMANAGERUc
  407374 PRIMEUPDATE@F13WINDOWMANAGER
  407520 PRIMEFIELDS@F13WINDOWMANAGER
  40752C POSTCOMPLETED@F13WINDOWMANAGER
  4075E0 OPEN@F13WINDOWMANAGERBwBw
  407644 OPEN@F13WINDOWMANAGER
  407690 KILL@F13WINDOWMANAGER
  40784C INIT@F13WINDOWMANAGER
  4078F4 ASK@F13WINDOWMANAGER
  407964 ADDITEM@F13WINDOWMANAGER15WINDOWCOMPONENT
  4079D4 DISABLECANCELCONTROLS@F13WINDOWMANAGER
  407A40 ENABLECANCELCONTROLS@F13WINDOWMANAGER
  407AAC DESTRUCT@F15CRITICALSECTION
  407ACC CONSTRUCT@F15CRITICALSECTION
  407AE8 KILL@F17CRITICALPROCEDURE
  407B1C INIT@F17CRITICALPROCEDURE11ISYNCOBJECT
  407B54 DESTRUCT@F17CRITICALPROCEDURE
  407B68 CONSTRUCT@F17CRITICALPROCEDURE
  407F84 __thr_inst0
  407F94 ISWA_WaitForMultipleObjectsEx
  407FCC ISWA_SetEvent
  407FEC ISWA_CreateEventExA
  408024 ISWA_Process32Next
  40804C ISWA_Process32First
  408074 ISWA_CreateToolhelp32Snapshot
  40809C ISWA_GetACP
  4080B0 ISWA_WideCharToMultiByte
  4080F4 ISWA_GetCurrentProcess
  408108 ISWA_NtQueryInformationProcess
  408140 ISWA_ExitProcess
  408150 ISWA_GetVersionExA
  408170 ISWA_SetServiceStatus
  408198 ISWA_RegisterServiceCtrlHandlerExA
  4081C8 ISWA_StartServiceCtrlDispatcherA
  4081E8 ISWA_ChangeServiceConfig2A
  408218 ISWA_ChangeServiceConfigA
  408264 ISWA_QueryServiceConfig2A
  40829C ISWA_QueryServiceConfigA
  4082D4 ISWA_DeleteService
  4082F4 ISWA_OpenServiceA
  408324 ISWA_CreateServiceA
  408374 ISWA_CloseServiceHandle
  408394 ISWA_OpenSCManagerA
  4083C4 MAIN@F
  4083F8 SERVICEHANDLEREXA
  40A488 LOADLIBRARYEX@F
  40B580 COUNT_SERVICE_INSTANCES@F
  40B718 FREELIBRARYEX@F
  40B8DC SERVICEMAIN
  40CD5C SETSERVICESTATUS@F
  40D1D8 SETSERVICESTATUSSERVICETYPE@FOUl
  40D330 SETSERVICESTATUSCONTROLSACCEPTED@FOUl
  40D5C4 SETSERVICESTATUSEXITCODE@FOUlOUl
  40DAF4 SETSERVICESTATUSCURRENTSTATE@FUlOUlOUl
  40DCEC DSS@Fsb
  40DD5C DSC@FRsc
  40DD8C COMMANDLINEPROCESSOR@F
  40E248 SVC016$CREATEWAITOBJECTEVENTS@F
  411B28 SVC017$OPENSCMANAGERA@F
  4123C8 SVC018$CHANGESERVICECONFIG2A@F
  413008 SVC019$CHANGESERVICECONFIGA@F
  413350 SVC020$CLOSESCMANAGERHANDLE@F
  4134D0 SVC021$CLOSESERVICEHANDLE@F
  413618 SVC022$CREATESERVICEA@F
  413E18 SVC023$DELETESERVICE@F
  413F10 NTQUERYINFORMATIONPROCESS@F
  414670 UNICODESTRINGTOANSISTRING@FlRsc
  414728 SVC026$OPENSERVICEA@F
  414AA8 SVC027$QUERYSERVICECONFIG2A@F
  416734 SVC028$QUERYSERVICECONFIGA@F
  4169C8 SERVICECHECK@F
  416F00 GETVERSIONEXA@F
  41706C SVCBC0$SVCBC0:FILESINIT@F
  417074 SVCBC0$SVCBC0:DCTKILL@F
  41707C SVCBC0$SVCBC0:DCTINIT@F
  417084 DCTKILL@F
  417090 DCTINIT@F
  4170A0 _main
  417610 DESTRUCT@F10DICTIONARY
  417624 CONSTRUCT@F10DICTIONARY
  418000 $GSCM:DEFAULTSERVICECONFIG2AGRP
  558CD4 $GSCM:DEFAULTSERVICECONFIGAGRP
  55F82C TYPE$COLORMAP
  55F858 TCB$COLORMAP
  55FF50 STDERRORFILE$TYPE$RECORD
  55FF68 $STDERRORFILE
  55FFB4 TYPE$PNQ
  55FFD4 TYPE$DEFAULTERRORS
  560234 $DEFAULTERRORS
  5613A8 TYPE$HISTHANDLERCLASS
  5613F0 VMT$HISTHANDLERCLASS
  561420 TYPE$MSGBOXCLASS
  561698 VMT$MSGBOXCLASS
  561720 TYPE$ERRORCLASS
  5619A4 VMT$ERRORCLASS
  5619F0 TYPE$STANDARDERRORLOGCLASS
  561A28 VMT$STANDARDERRORLOGCLASS
  561A40 TYPE$ERRORSTATUSCLASS
  561B34 VMT$ERRORSTATUSCLASS
  561B40 TYPE$UNTHREADEDFILEOPENERMAP
  561B64 TCB$UNTHREADEDFILEOPENERMAP
  561B74 TYPE$FILESMANAGER
  561BB8 VMT$FILESMANAGER
  561BC4 TYPE$FILEMAPPING_T
  561BF0 TYPE$FILEMAPPING_R
  561C20 TYPE$STATUSQ_T
  561C88 TYPE$FUZZYCLASS
  561D30 VMT$FUZZYCLASS
  561EBC TYPE$INICLASS
  561F04 VMT$INICLASS
  561F8C TYPE$BUTTONLIST
  561FB0 TYPE$COMPONENTLIST
  561FCC TYPE$CRITICALSECTION
  561FE4 VMT$CRITICALSECTION
  561FF0 TYPE$CRITICALPROCEDURE
  562008 VMT$CRITICALPROCEDURE
  56CE18 TYPE$GLLQ:GLOBALLOADLIBRARYQ
  56CE90 TCB$GLLQ:GLOBALLOADLIBRARYQ
  56CEA0 TYPE$DICTIONARY
  56CEB0 VMT$DICTIONARY
  56CEBC $GSCM:SERVICENAME
  56CFBC $GSS:SERVICESTATUS
  56CFD8 $GSCM:SERVICESTARTNAME
  56D3D8 $GSCM:ERRORCONTROL
  56D3DC $GSCM:STARTTYPE
  56D3E0 $GSCM:SERVICETYPE
  56D3E4 $GSCM:SERVICEDESIREDACCESS
  56D3E8 $GSCM:SCMDESIREDACCESS
  56D3EC $GCL:COMMANDLINEACTION
  56D918 VMTP$DICTIONARY
  56D920 VMTP$FILESMANAGER
  56D928 VMTP$INICLASS
  56D930 VMTP$HISTHANDLERCLASS
  56D938 VMTP$MSGBOXCLASS
  56D940 VMTP$ERRORCLASS
  56D948 VMTP$STANDARDERRORLOGCLASS
  56D950 VMTP$ERRORSTATUSCLASS
  56D958 VMTP$FUZZYCLASS
  56D960 VMTP$CRITICALSECTION
  56D968 VMTP$CRITICALPROCEDURE
  56D970 $GSCM:CHANGESERVICECONFIG2AGRP
  6AE644 $GSCM:DEPENDENCIESARRAYGRP
  6B4A48 $GSCM:QUERYSERVICECONFIG2AGRP
  7F581C $GSCM:QUERYSERVICECONFIGAGRP
  7FC344 $COLORMAP
  7FC37C $MULTIWINDOW
  7FC380 $TXTWINDOW
  7FC384 $WINDOW
  7FC388 STDERRORFILE$RECORD
  7FC788 $UNTHREADEDFILEOPENERMAP
  7FC790 $CREATEOPENERCRIT
  7FC798 P197$MEMOS$DBTEXTLOGFILE
  7FC8A0 $GOVIE:OSVERSIONINFOEXA
  7FC93C $GSCV:SERVICETABLEENTRYA
  7FC98C $GLLQ:GLOBALLOADLIBRARYQ
  7FD198 $FUZZYMATCHER
  7FE7BC $GLOBALERRORS
  7FE7F0 $INIMGR
  7FE908 $GEC:EXITAPP
  7FE90C $GEC:EXITCODE
  7FE910 $GLLA:EXITPROCESS
  7FE914 $GLO:SERVICEINSTANCES
  7FE918 $GLO:RVBOOL
  7FE91C $GLLA:STARTSERVICECTRLDISPATCHERA
  7FE920 $GLO:LASTERROR
  7FE924 $LCURRENTFDSETTING
  7FE928 $LADJFDSETTING
  7FE92C $GSCV:SERVICECTRLHANDLERHANDLE
  7FE930 $GSCV:SERVICEMODE
  7FE934 $GLLA:WAITFORMULTIPLEOBJECTSEX
  7FE938 $GLLA:WAITFORSINGLEOBJECT
  7FE93C $GLLA:GETPROCADDRESS
  7FE940 $GLLA:GETMODULEHANDLEA
  7FE944 $GLLA:RESETEVENT
  7FE948 $GLLA:SETEVENT
  7FE94C $GLLA:PROCESS32NEXT
  7FE950 $GLLA:PROCESS32FIRST
  7FE954 $GLLA:CREATETOOLHELP32SNAPSHOT
  7FE958 $GLLA:GETCURRENTPROCESSID
  7FE95C $GLLA:GETPROCESSIMAGEFILENAMEA
  7FE960 $GLLA:LSTRLENW
  7FE964 $GLLA:GETACP
  7FE968 $GLLA:WIDECHARTOMULTIBYTE
  7FE96C $GLLA:GETCURRENTPROCESS
  7FE970 $GLLA:NTQUERYINFORMATIONPROCESS
  7FE974 $GLLA:SHGETFOLDERPATHA
  7FE978 $GLLA:GETMODULEFILENAMEEXA
  7FE97C $GLLA:OPENPROCESS
  7FE980 $GLLA:GETVERSIONEXA
  7FE984 $GLLA:CREATEEVENTEXA
  7FE988 $GLLA:CREATEEVENTA
  7FE98C $GLLA:SETSERVICESTATUS
  7FE990 $GLLA:REGISTERSERVICECTRLHANDLERA
  7FE994 $GLLA:CHANGESERVICECONFIG2A
  7FE998 $GLLA:CHANGESERVICECONFIGA
  7FE99C $GLLA:QUERYSERVICECONFIG2A
  7FE9A0 $GLLA:QUERYSERVICECONFIGA
  7FE9A4 $GLLA:DELETESERVICE
  7FE9A8 $GLLA:OPENSERVICEA
  7FE9AC $GLLA:CREATESERVICEA
  7FE9B0 $GLLA:CLOSESERVICEHANDLE
  7FE9B4 $GLLA:OPENSCMANAGERA
  7FE9B8 $GS:PROCESSENTRY32
  7FEAE0 $GSCM:CHANGESERVICECONFIGAGRP
  7FEB08 $GSCM:PASSWORD
  7FEF08 $GSCM:TAGID
  7FEF0C $GSCM:LOADORDERGROUP
  7FF00C $GSCM:BINARYPATHNAME
  7FF40C $GSCM:SERVICELASTERROR
  7FF410 $GSCM:SERVICEHANDLE
  7FF414 $GSCM:SCMLASTERROR
  7FF418 $GSCM:SCMHANDLE
  7FF41C $GSCM:DATABASENAME
  7FF81C $GSCM:MACHINENAME
  7FFC1C $GCL:BINARYFILENAME
  80001C $GCL:BINARYPATH
  80041C $GCL:COMMANDLINEFLAGS
  80081C $GCL:COMMANDLINE
  800C1C $GWOS:RV:WAITOBJECT:SIGNALEVENT
  800C20 $GWOE:EVENT:SERVICE_ACCEPT_USERMODEREBOOT
  800C24 $GWOE:EVENT:SERVICE_ACCEPT_TRIGGEREVENT
  800C28 $GWOE:EVENT:SERVICE_ACCEPT_TIMECHANGE
  800C2C $GWOE:EVENT:SERVICE_ACCEPT_PRESHUTDOWN
  800C30 $GWOE:EVENT:SERVICE_ACCEPT_SESSIONCHANGE
  800C34 $GWOE:EVENT:SERVICE_ACCEPT_POWEREVENT
  800C38 $GWOE:EVENT:SERVICE_ACCEPT_HARDWAREPROFILECHANGE
  800C3C $GWOE:EVENT:SERVICE_ACCEPT_DEVICEEVENT
  800C40 $GWOE:EVENT:SERVICE_ACCEPT_NETBINDDISABLE
  800C44 $GWOE:EVENT:SERVICE_ACCEPT_NETBINDENABLE
  800C48 $GWOE:EVENT:SERVICE_ACCEPT_NETBINDREMOVE
  800C4C $GWOE:EVENT:SERVICE_ACCEPT_NETBINDCHANGE
  800C50 $GWOE:EVENT:SERVICE_ACCEPT_NETBINDADD
  800C54 $GWOE:EVENT:SERVICE_ACCEPT_PARAMCHANGE
  800C58 $GWOE:EVENT:SERVICE_ACCEPT_SHUTDOWN
  800C5C $GWOE:EVENT:SERVICE_ACCEPT_INTERROGATE
  800C60 $GWOE:EVENT:SERVICE_ACCEPT_CONTINUE
  800C64 $GWOE:EVENT:SERVICE_ACCEPT_PAUSE
  800C68 $GWOE:EVENT:SERVICE_ACCEPT_STOP
  800C6C $GWOE:EVENT:WAITOBJECTHANDLESARRAYCNT
  800C70 $GWOE:EVENT:WAITOBJECTHANDLESARRAY
  800D70 $GNN:HIGHESTNODENUMBER
  800D74 $GNTQ:RTL_USER_PROCESS_PARAMETERS
  800DBC $GNTQ:PEB
  800F94 $GNTQ:PROCESSBASICINFORMATIONGRP
  800FAC $GPP:MODULEFILENAME
  802008 P20$OUTFILE
  802054 P21$INFILE
  8020A0 P197$DBTEXTLOGFILE
  8020EC P82$EXTRACTFILE
  802144 P20$OUTFILE$OUTFILE@:RECORD
  80A148 P21$INFILE$INFILE@:RECORD
  812148 $GLOBALERRORSTATUS
  812868 $GLOBALREQUEST
  81286C $GLOBALRESPONSE
  812870 $VCRREQUEST
  812874 $DICTIONARY
  812878 $FILESMANAGER
  812890 $SZDBTEXTLOG
  812998 P197$DBTEXTLOGFILE$RECORD
  812D84 P82$EXTRACTFILE$EXTRACTFILE@:RECORD
  814000 __import_section_start
  815064 __import_section_end

Imports
c60ascx:ASCII 814080
c60dosx:DOS 814090
c60runx:AttachThreadToClarion 8142B4,401000
c60runx:Cla$ACCEPTED 8142B8,401008
c60runx:Cla$ADDqueue 8142BC
c60runx:Cla$AssertFailed 8142C0
c60runx:Cla$AssertFailedM 8142C4
c60runx:Cla$AssignRefUfo 8142C8
c60runx:Cla$BEEP 8142CC,401010
c60runx:Cla$CLEAR 8142D0
c60runx:Cla$clearstr 8142D4
c60runx:Cla$ClearType 8142D8
c60runx:Cla$CLOCK 8142DC,401018
c60runx:Cla$CLOSEwindow 8142E0,401020
c60runx:Cla$code 8142E4
c60runx:Cla$COMMAND 8142E8,401028
c60runx:Cla$comparestr 8142EC
c60runx:Cla$DecAdd 8142F0
c60runx:Cla$DecDistinct 8142F4
c60runx:Cla$DecDistinctR 8142F8
c60runx:Cla$DecSub 8142FC
c60runx:Cla$DELETEqueue 814300,401030
c60runx:Cla$DELETEREG 814304,401038
c60runx:Cla$DISABLE 814308,401040
c60runx:Cla$DISPLAY 81430C,401048
c60runx:Cla$DISPOSEqueue 814310
c60runx:Cla$DISPOSEref 814314
c60runx:Cla$Dlongpower 814318
c60runx:Cla$DPopLong 81431C
c60runx:Cla$DPopReal 814320
c60runx:Cla$DPopUlong 814324
c60runx:Cla$DPushLong 814328
c60runx:Cla$DPushULong 81432C
c60runx:Cla$duplicate 814330
c60runx:Cla$ENABLE 814334,401050
c60runx:Cla$EndEventLoop 814338
c60runx:Cla$ERRORCODE 81433C,401058
c60runx:Cla$EVENT 814340,401060
c60runx:Cla$FIELD 814344,401068
c60runx:Cla$FILEERRORCODE 814348,401070
c60runx:Cla$FILEERRORMSG 81434C,401078
c60runx:Cla$FileExists 814350,401080
c60runx:Cla$FILE_ADDf 814354
c60runx:Cla$FILE_CLOSE 814358,401088
c60runx:Cla$FILE_CREATE 81435C
c60runx:CLA$FILE_DESTROY 814360
c60runx:Cla$FILE_NAME 814364,401090
c60runx:Cla$FILE_OPEN 814368,401098
c60runx:Cla$FILE_POSITIONf 81436C,4010A0
c60runx:Cla$FILE_POSITIONk 814370,4010A8
c60runx:Cla$FILE_REGETf 814374,4010B0
c60runx:Cla$FILE_REGETk 814378,4010B8
c60runx:Cla$FOCUS 81437C,4010C0
c60runx:Cla$FREEqueue 814380
c60runx:Cla$FREEqueuea 814384,4010C8
c60runx:Cla$freestr 814388
c60runx:Cla$FreeUfo 81438C
c60runx:Cla$freewindow 814390
c60runx:Cla$GETINI 814394,4010D0
c60runx:Cla$GetPropS 814398
c60runx:Cla$GETqueuekey 81439C,4010D8
c60runx:Cla$GETqueueptr 8143A0
c60runx:Cla$GETREG 8143A4,4010E0
c60runx:Cla$HALT 8143A8,4010E8
c60runx:Cla$init 8143AC
c60runx:Cla$INSTANCE 8143B0,4010F0
c60runx:Cla$KEYCODE 8143B4,4010F8
c60runx:Cla$longtostr 8143B8
c60runx:Cla$Mem2Ufo 8143BC
c60runx:Cla$MessageBox 8143C0,401100
c60runx:Cla$NewCriticalSection 8143C4,401108
c60runx:Cla$NewMemB 8143C8
c60runx:Cla$NewMemT 8143CC
c60runx:Cla$NewMemZ 8143D0
c60runx:Cla$NEWqueue 8143D4
c60runx:Cla$NOTIFICATION 8143D8,401110
c60runx:Cla$OPENowned 8143DC,401118
c60runx:Cla$OPENwindow 8143E0,401120
c60runx:Cla$PEEK 8143E4
c60runx:Cla$POINTERqueue 8143E8,401128
c60runx:Cla$PopAString 8143EC
c60runx:Cla$PopBind 8143F0,401130
c60runx:Cla$PopCString 8143F4
c60runx:Cla$PopString 8143F8
c60runx:Cla$PopTemp 8143FC
c60runx:Cla$POST 814400,401138
c60runx:Cla$PushAString 814404
c60runx:Cla$PushBind 814408,401140
c60runx:Cla$PushCString 81440C
c60runx:Cla$PushLong 814410
c60runx:Cla$PushPictLong 814414
c60runx:Cla$PushReal 814418
c60runx:Cla$PushString 81441C
c60runx:Cla$PushUfo 814420
c60runx:Cla$PUTINI 814424,401148
c60runx:Cla$PUTqueue 814428
c60runx:Cla$PUTREG 81442C,401150
c60runx:Cla$pwopen 814430,401158
c60runx:Cla$realdistinct 814434
c60runx:Cla$RECORDSqueue 814438,401160
c60runx:Cla$RefAssignAny 81443C
c60runx:Cla$REGULAR 814440,401168
c60runx:Cla$SELECT 814444,401170
c60runx:Cla$SETCURSOR 814448,401178
c60runx:Cla$SETKEYCODE 81444C,401180
c60runx:Cla$SetPropS 814450
c60runx:Cla$SetPropV 814454
c60runx:Cla$Stack2DStack 814458
c60runx:Cla$Stack2Ufo 81445C
c60runx:Cla$StackCLIP 814460,401188
c60runx:Cla$StackCompareN 814464
c60runx:Cla$StackCompareNEQ 814468
c60runx:Cla$StackConcat 81446C
c60runx:Cla$StackConcatR 814470
c60runx:Cla$StackErrstr 814474,401190
c60runx:Cla$StackHeap 814478
c60runx:Cla$StackINSTRING 81447C,401198
c60runx:Cla$StackLen 814480,4011A0
c60runx:Cla$StackRotate 814484
c60runx:Cla$StackSUB 814488,4011A8
c60runx:Cla$StackUPPER 81448C,4011B0
c60runx:Cla$StartEventLoop 814490
c60runx:Cla$storecstr 814494
c60runx:Cla$storestr 814498
c60runx:Cla$THREAD 81449C,4011B8
c60runx:Cla$TODAY 8144A0,4011C0
c60runx:Cla$UNHIDE 8144A4,4011C8
c60runx:Cla$UNREGISTEREVENT 8144A8,4011D0
c60runx:Cla$WHAT 8144AC,4011D8
c60runx:THR$GetInstance 8144B0,4011E0
c60runx:Wsl$CloseDown 8144B4,4011E8
c60runx:_exit 8144B8,4011F0
c60runx:_free 8144BC
c60runx:_malloc 8144C0
c60runx:__sysinit 8144C4,4011F8
c60runx:__sysstart 8144C8,401200
KERNEL32.dll:FreeLibrary 8144EC,401208
KERNEL32.dll:GetLastError 8144F0,401210
KERNEL32.dll:GetProcAddress 8144F4,401218
KERNEL32.dll:LoadLibraryExA 8144F8,401220
KERNEL32.dll:lstrcpyA 8144FC,401228
KERNEL32.dll:OutputDebugStringA 814500,401230
USER32.dll:SystemParametersInfoA 814510



Entry Point:   407B80