  401238     304E Code                ABERROR_TEXT
  404288      1F9 Code                ABFILE_TEXT
  404484      249 Code                ABFUZZY_TEXT
  4046D0       C2 Code                ABRESIZE_TEXT
  404794      102 Code                ABTOOLBA_TEXT
  404898     1174 Code                ABUTIL_TEXT
  405A0C     20A0 Code                ABWINDOW_TEXT
  407AAC       D2 Code                CWSYNCHC_TEXT
  407B80       2D Code                IEXE32_TEXT
  407BB0      3D2 Code                INIT_TEXT
  407F84        D Code                INST00_TEXT
  407F94      430 Code                SCLOADLIBRARYHACK_TEXT
  4083C4       31 Code                SVC001_TEXT
  4083F8     1F45 Code                SVC003_TEXT
  40A340      950 Code                SVC004_TEXT
  40AC90      195 Code                SVC005_TEXT
  40AE28      1C2 Code                SVC006_TEXT
  40AFEC     147D Code                SVC007_TEXT
  40C46C      479 Code                SVC008_TEXT
  40C8E8      156 Code                SVC009_TEXT
  40CA40      293 Code                SVC010_TEXT
  40CCD4      52D Code                SVC011_TEXT
  40D204      1F5 Code                SVC012_TEXT
  40D3FC       6D Code                SVC013_TEXT
  40D46C       2D Code                SVC014_TEXT
  40D49C      187 Code                SVC015_TEXT
  40D624     38DF Code                SVC016_TEXT
  410F04      89E Code                SVC017_TEXT
  4117A4      C3D Code                SVC018_TEXT
  4123E4      345 Code                SVC019_TEXT
  41272C      180 Code                SVC020_TEXT
  4128AC      146 Code                SVC021_TEXT
  4129F4      7FE Code                SVC022_TEXT
  4131F4       F7 Code                SVC023_TEXT
  4132EC      75F Code                SVC024_TEXT
  413A4C       B6 Code                SVC025_TEXT
  413B04      37E Code                SVC026_TEXT
  413E84     1C8A Code                SVC027_TEXT
  415B10      293 Code                SVC028_TEXT
  415DA4      538 Code                SVC029_TEXT
  4162DC      16A Code                SVC030_TEXT
  416448       15 Code                SVCBC0_TEXT
  416460       1B Code                SVCBC_TEXT
  41647C      59F Code                SVC_TEXT
  417000   140CD4 Initialized Data    $GSCM:DEFAULTSERVICECONFIG2AGRP_
  557CD4     6B29 Initialized Data    $GSCM:DEFAULTSERVICECONFIGAGRP_D
  55E800       2A Initialized Data    ABEIP_CONST
  55E82C       3C Initialized Data    ABEIP_DATA
  55E868      6E8 Initialized Data    ABERROR_CONST
  55EF50     1BF0 Initialized Data    ABERROR_DATA
  560B40        0 Initialized Data    ABFILE_CONST
  560B40      147 Initialized Data    ABFILE_DATA
  560C88       B4 Initialized Data    ABFUZZY_DATA
  560D3C       1D Initialized Data    ABTOOLBA_CONST
  560D5C      145 Initialized Data    ABUTIL_CONST
  560EA4       AB Initialized Data    ABUTIL_DATA
  560F50       39 Initialized Data    ABWINDOW_CONST
  560F8C       3F Initialized Data    ABWINDOW_DATA
  560FCC       48 Initialized Data    CWSYNCHC_DATA
  561014        E Initialized Data    CWUTIL_CONST
  561024       36 Initialized Data    CWUTIL_DATA
  56105C       3C Initialized Data    IEXE32_DATA
  561098       16 Initialized Data    SVC001_CONST
  5610B0     19CB Initialized Data    SVC003_CONST
  562A7C      455 Initialized Data    SVC004_CONST
  562ED4        D Initialized Data    SVC005_CONST
  562EE4      113 Initialized Data    SVC006_CONST
  562FF8     1795 Initialized Data    SVC007_CONST
  564790      332 Initialized Data    SVC008_CONST
  564AC4      10D Initialized Data    SVC009_CONST
  564BD4      354 Initialized Data    SVC010_CONST
  564F28      572 Initialized Data    SVC011_CONST
  56549C      12A Initialized Data    SVC012_CONST
  5655C8       21 Initialized Data    SVC015_CONST
  5655EC     3024 Initialized Data    SVC016_CONST
  568610      33C Initialized Data    SVC017_CONST
  56894C      12B Initialized Data    SVC018_CONST
  568A78       5A Initialized Data    SVC019_CONST
  568AD4      108 Initialized Data    SVC020_CONST
  568BDC       EC Initialized Data    SVC021_CONST
  568CC8      2DC Initialized Data    SVC022_CONST
  568FA4       8F Initialized Data    SVC023_CONST
  569034      637 Initialized Data    SVC024_CONST
  56966C      186 Initialized Data    SVC026_CONST
  5697F4      C75 Initialized Data    SVC027_CONST
  56A46C       4D Initialized Data    SVC028_CONST
  56A4BC      3CE Initialized Data    SVC029_CONST
  56A88C      143 Initialized Data    SVC030_CONST
  56A9D0      3AD Initialized Data    SVC_CONST
  56AD80      5D5 Initialized Data    SVC_DATA
  56B358        0 Initialized Data    __CPPINI_CONS
  56B358      524 Initialized Data    __CPPINI_CONST
  56B87C        4 Initialized Data    __CPPINI_END
  56B880        0 Initialized Data    __INIVMT_CONS
  56B880       58 Initialized Data    __INIVMT_CONST
  56B8D8        0 Initialized Data    __INIVMT_CONST_END
  56B8E0   140CD3 Un-initialized Data $GSCM:CHANGESERVICECONFIG2AGRP_B
  6AC5B4     6401 Un-initialized Data $GSCM:DEPENDENCIESARRAYGRP_BSS
  6B29B8   140DD2 Un-initialized Data $GSCM:QUERYSERVICECONFIG2AGRP_BS
  7F378C     6B25 Un-initialized Data $GSCM:QUERYSERVICECONFIGAGRP_BSS
  7FA2B4       40 Un-initialized Data ABEIP_BSS
  7FA2F4      404 Un-initialized Data ABERROR_BSS
  7FA6F8       10 Un-initialized Data ABFILE_BSS
  7FA708        4 Un-initialized Data ABFUZZY_BSS
  7FA70C      104 Un-initialized Data ABUTIL_BSS
  7FA810        0 Un-initialized Data CWUTIL_BSS
  7FA810     4B0C Un-initialized Data SVC_BSS
  800000        8 __T_L_S__DAT
  800008      130 __T_L_S__DATA
  800138        0 __T_L_S__DATA_END
  800140        0 __T_L_S__BS
  800140    11044 __T_L_S__BSS
  811184        0 __T_L_S__BSS_END

  401238 REPLACE@FsbsbRsc
  401360 KILL_@_WINDOWCOMPONENT_@_HISTHANDLERCLASS@F15WINDOWCOMPONENT
  40136C RESET_@_WINDOWCOMPONENT_@_HISTHANDLERCLASS@F15WINDOWCOMPONENTUc
  401380 RESETREQUIRED_@_WINDOWCOMPONENT_@_HISTHANDLERCLASS@F15WINDOWCOMPONENT
  401390 SETALERTS_@_WINDOWCOMPONENT_@_HISTHANDLERCLASS@F15WINDOWCOMPONENT
  40139C TAKEEVENT_@_WINDOWCOMPONENT_@_HISTHANDLERCLASS@F15WINDOWCOMPONENT
  4013B8 UPDATE_@_WINDOWCOMPONENT_@_HISTHANDLERCLASS@F15WINDOWCOMPONENT
  4013C4 UPDATEWINDOW_@_WINDOWCOMPONENT_@_HISTHANDLERCLASS@F15WINDOWCOMPONENT
  4013E4 VLBPROC@F16HISTHANDLERCLASSls
  4014E0 TAKEEVENT@F16HISTHANDLERCLASS
  4015C0 INIT@F16HISTHANDLERCLASSBw10ERRORCLASS16ERRORHISTORYLIST
  4015F8 _VLBPROC@F16HISTHANDLERCLASSls
  401630 TAKEACCEPTED@F11MSGBOXCLASS
  401680 SETUPADDITIONALFEQS@F11MSGBOXCLASS
  401718 KILL@F11MSGBOXCLASS
  40176C INIT@F11MSGBOXCLASS
  401A58 INIT@F11MSGBOXCLASSBw10ERRORCLASSOsbllll
  401B14 FETCHSTDBUTTON@F11MSGBOXCLASSs
  401B68 GETALLSTATUSVARIABLES@F10ERRORCLASS16ERRORSTATUSGROUP
  401BE0 GETERRORBUFFERFATALITY@F10ERRORCLASS
  401C4C GETERRORBUFFERTITLE@F10ERRORCLASS
  401CC0 GETERRORBUFFERID@F10ERRORCLASS
  401D1C STOREERRORENTRY@F10ERRORCLASSUs
  401EAC GETHISTORYRESETONVIEW@F10ERRORCLASS
  401F00 SETHISTORYRESETONVIEW@F10ERRORCLASSUc
  401F58 GETHISTORYVIEWLEVEL@F10ERRORCLASS
  401FAC SETHISTORYVIEWLEVEL@F10ERRORCLASSl
  402004 GETHISTORYTHRESHOLD@F10ERRORCLASS
  402058 SETHISTORYTHRESHOLD@F10ERRORCLASSl
  4020B0 GETLOGERRORS@F10ERRORCLASS
  402104 GETSILENT@F10ERRORCLASS
  402158 SETDEFAULTCATEGORY@F10ERRORCLASSsa
  4021B0 GETDEFAULTCATEGORY@F10ERRORCLASS
  402204 VIEWHISTORY@F10ERRORCLASS
  402268 THROW@F10ERRORCLASSs
  402294 TAKEUSER@F10ERRORCLASS
  402304 TAKEPROGRAM@F10ERRORCLASS
  402320 TAKEOTHER@F10ERRORCLASS
  40233C TAKENOTIFY@F10ERRORCLASS
  402398 TAKEFATAL@F10ERRORCLASS
  402428 TAKEERROR@F10ERRORCLASSs
  40261C TAKEBENIGN@F10ERRORCLASS
  40262C SUBSSTRING@F10ERRORCLASS
  402A40 GETERRORENTRY@F10ERRORCLASSUs15ERRORENTRYGROUPl
  402AF0 GETERRORENTRY@F10ERRORCLASSUs15ERRORENTRYGROUP
  402B54 SETID@F10ERRORCLASSUsl
  402BD4 SETID@F10ERRORCLASSUs
  402C38 SETERRORS@F10ERRORCLASS
  402CFC SETERRORLOG@F10ERRORCLASS17ERRORLOGINTERFACE
  402DE4 SETCATEGORY@F10ERRORCLASSssa
  402E7C RESETHISTORY@F10ERRORCLASS
  402EE0 REMOVEERROR@F10ERRORCLASSUs
  402F80 MESSAGEBOX@F10ERRORCLASSUcsbOsbOsblll
  403014 MSG@F10ERRORCLASSsbOsbOsblll
  4033EC MESSAGE@F10ERRORCLASSsll
  403480 KILL@F10ERRORCLASS
  403550 INIT@F10ERRORCLASS16ERRORSTATUSCLASS
  4035BC INIT@F10ERRORCLASS
  4036DC HISTORYMSG@F10ERRORCLASSsblll
  4038A0 GETPROCEDURENAME@F10ERRORCLASS
  4039E4 GETCATEGORY@F10ERRORCLASSs
  403A98 ADDHISTORY@F10ERRORCLASS
  403B2C ADDERRORS@F10ERRORCLASS10ERRORBLOCK
  403D04 ADDERROR@F10ERRORCLASSUsRsbRsbUcsa
  403E2C DESTRUCT@F10ERRORCLASS
  403E54 CONSTRUCT@F10ERRORCLASS
  403E78 DESTRUCT@F16ERRORSTATUSCLASS
  403EBC CONSTRUCT@F16ERRORSTATUSCLASS
  404030 CLOSE_@_ERRORLOGINTERFACE_@_STANDARDERRORLOGCLASS@F17ERRORLOGINTERFACEUc
  404050 OPEN_@_ERRORLOGINTERFACE_@_STANDARDERRORLOGCLASS@F17ERRORLOGINTERFACEUc
  404070 TAKE_@_ERRORLOGINTERFACE_@_STANDARDERRORLOGCLASS@F17ERRORLOGINTERFACEsb
  404118 CLOSE@F21STANDARDERRORLOGCLASSUc
  4041A4 OPEN@F21STANDARDERRORLOGCLASSUc
  404258 DESTRUCT@F21STANDARDERRORLOGCLASS
  404270 CONSTRUCT@F21STANDARDERRORLOGCLASS
  404288 DESTRUCT@F12FILESMANAGER
  4042E4 CONSTRUCT@F12FILESMANAGER
  404348 TRYREGET@F11FILEMANAGERsb
  4043F8 POSITION@F11FILEMANAGER
  404484 SETOPTION@F10FUZZYCLASSUcUc
  40450C KILL@F10FUZZYCLASS
  404518 INIT@F10FUZZYCLASS
  404540 CONSTRUCT@F10FUZZYCLASS
  4046D0 TAKERESIZE@F17WINDOWRESIZECLASS
  4046EC KILL@F17WINDOWRESIZECLASS
  404794 SETTARGET@F12TOOLBARCLASSl
  404898 UPDATEQUEUE@F8INICLASSsbsbBqRuPuPuPu
  404AC4 UPDATE@F8INICLASSsbsbsb
  404B84 UPDATE@F8INICLASS
  404B90 TRYFETCH@F8INICLASSsbsb
  404C08 REMOVE@F8INICLASSsbsb
  404D98 KILL@F8INICLASS
  404EDC INIT@F8INICLASSsbll
  405018 FETCHQUEUE@F8INICLASSsbsbBqRuPuPuPu
  405284 FETCHFIELD@F8INICLASSsbsbUc
  4053F0 FETCH@F8INICLASSsbsb
  405578 FETCH@F8INICLASS
  405584 UPDATE@F8INICLASSsbsbsbsb
  405784 FETCH@F8INICLASSsbsbsbsb
  4059C8 DESTRUCT@F8INICLASS
  4059F0 CONSTRUCT@F8INICLASS
  405A0C SAVEONINSERTACTION@F13WINDOWMANAGER
  405AF0 SAVEONCHANGEACTION@F13WINDOWMANAGER
  405C44 DELETEACTION@F13WINDOWMANAGER
  405E40 CHANGEACTION@F13WINDOWMANAGER
  406258 INSERTACTION@F13WINDOWMANAGER
  4064BC TAKEDISABLEBUTTON@F13WINDOWMANAGERlUc
  406500 UPDATE@F13WINDOWMANAGER
  406558 TAKEWINDOWEVENT@F13WINDOWMANAGER
  4066BC TAKESELECTED@F13WINDOWMANAGER
  4066CC TAKEREJECTED@F13WINDOWMANAGER
  406714 TAKENOTIFY@F13WINDOWMANAGERlll
  40673C TAKENEWSELECTION@F13WINDOWMANAGER
  4067C0 TAKEFIELDEVENT@F13WINDOWMANAGER
  4067D0 TAKEEVENT@F13WINDOWMANAGER
  4069AC TAKECLOSEEVENT@F13WINDOWMANAGER
  406BA4 TAKECOMPLETED@F13WINDOWMANAGER
  406CC8 TAKEACCEPTED@F13WINDOWMANAGER
  406E00 SETRESPONSE@F13WINDOWMANAGERUc
  406E60 SETALERTS@F13WINDOWMANAGER
  406F38 SAVEHISTORY@F13WINDOWMANAGER
  407004 RUN@F13WINDOWMANAGERUsUc
  407024 RUN@F13WINDOWMANAGER
  407074 RESTOREFIELD@F13WINDOWMANAGERl
  407254 RESETBUFFERS@F13WINDOWMANAGERUc
  4072BC RESET@F13WINDOWMANAGERUc
  407374 PRIMEUPDATE@F13WINDOWMANAGER
  407520 PRIMEFIELDS@F13WINDOWMANAGER
  40752C POSTCOMPLETED@F13WINDOWMANAGER
  4075E0 OPEN@F13WINDOWMANAGERBwBw
  407644 OPEN@F13WINDOWMANAGER
  407690 KILL@F13WINDOWMANAGER
  40784C INIT@F13WINDOWMANAGER
  4078F4 ASK@F13WINDOWMANAGER
  407964 ADDITEM@F13WINDOWMANAGER15WINDOWCOMPONENT
  4079D4 DISABLECANCELCONTROLS@F13WINDOWMANAGER
  407A40 ENABLECANCELCONTROLS@F13WINDOWMANAGER
  407AAC DESTRUCT@F15CRITICALSECTION
  407ACC CONSTRUCT@F15CRITICALSECTION
  407AE8 KILL@F17CRITICALPROCEDURE
  407B1C INIT@F17CRITICALPROCEDURE11ISYNCOBJECT
  407B54 DESTRUCT@F17CRITICALPROCEDURE
  407B68 CONSTRUCT@F17CRITICALPROCEDURE
  407F84 __thr_inst0
  407F94 ISWA_WaitForMultipleObjectsEx
  407FCC ISWA_SetEvent
  407FEC ISWA_CreateEventExA
  408024 ISWA_Process32Next
  40804C ISWA_Process32First
  408074 ISWA_CreateToolhelp32Snapshot
  40809C ISWA_GetACP
  4080B0 ISWA_WideCharToMultiByte
  4080F4 ISWA_GetCurrentProcess
  408108 ISWA_NtQueryInformationProcess
  408140 ISWA_ExitProcess
  408150 ISWA_GetVersionExA
  408170 ISWA_SetServiceStatus
  408198 ISWA_RegisterServiceCtrlHandlerExA
  4081C8 ISWA_StartServiceCtrlDispatcherA
  4081E8 ISWA_ChangeServiceConfig2A
  408218 ISWA_ChangeServiceConfigA
  408264 ISWA_QueryServiceConfig2A
  40829C ISWA_QueryServiceConfigA
  4082D4 ISWA_DeleteService
  4082F4 ISWA_OpenServiceA
  408324 ISWA_CreateServiceA
  408374 ISWA_CloseServiceHandle
  408394 ISWA_OpenSCManagerA
  4083C4 MAIN@F
  4083F8 SERVICEHANDLEREXA
  40A488 LOADLIBRARYEX@F
  40AC90 COUNT_SERVICE_INSTANCES@F
  40AE28 FREELIBRARYEX@F
  40AFEC SERVICEMAIN
  40C46C SETSERVICESTATUS@F
  40C8E8 SETSERVICESTATUSSERVICETYPE@FOUl
  40CA40 SETSERVICESTATUSCONTROLSACCEPTED@FOUl
  40CCD4 SETSERVICESTATUSEXITCODE@FOUlOUl
  40D204 SETSERVICESTATUSCURRENTSTATE@FUlOUlOUl
  40D3FC DSS@Fsb
  40D46C DSC@FRsc
  40D49C COMMANDLINEPROCESSOR@F
  40D624 SVC016$CREATEWAITOBJECTEVENTS@F
  410F04 SVC017$OPENSCMANAGERA@F
  4117A4 SVC018$CHANGESERVICECONFIG2A@F
  4123E4 SVC019$CHANGESERVICECONFIGA@F
  41272C SVC020$CLOSESCMANAGERHANDLE@F
  4128AC SVC021$CLOSESERVICEHANDLE@F
  4129F4 SVC022$CREATESERVICEA@F
  4131F4 SVC023$DELETESERVICE@F
  4132EC NTQUERYINFORMATIONPROCESS@F
  413A4C UNICODESTRINGTOANSISTRING@FlRsc
  413B04 SVC026$OPENSERVICEA@F
  413E84 SVC027$QUERYSERVICECONFIG2A@F
  415B10 SVC028$QUERYSERVICECONFIGA@F
  415DA4 SERVICECHECK@F
  4162DC GETVERSIONEXA@F
  416448 SVCBC0$SVCBC0:FILESINIT@F
  416450 SVCBC0$SVCBC0:DCTKILL@F
  416458 SVCBC0$SVCBC0:DCTINIT@F
  416460 DCTKILL@F
  41646C DCTINIT@F
  41647C _main
  4169EC DESTRUCT@F10DICTIONARY
  416A00 CONSTRUCT@F10DICTIONARY
  417000 $GSCM:DEFAULTSERVICECONFIG2AGRP
  557CD4 $GSCM:DEFAULTSERVICECONFIGAGRP
  55E82C TYPE$COLORMAP
  55E858 TCB$COLORMAP
  55EF50 STDERRORFILE$TYPE$RECORD
  55EF68 $STDERRORFILE
  55EFB4 TYPE$PNQ
  55EFD4 TYPE$DEFAULTERRORS
  55F234 $DEFAULTERRORS
  5603A8 TYPE$HISTHANDLERCLASS
  5603F0 VMT$HISTHANDLERCLASS
  560420 TYPE$MSGBOXCLASS
  560698 VMT$MSGBOXCLASS
  560720 TYPE$ERRORCLASS
  5609A4 VMT$ERRORCLASS
  5609F0 TYPE$STANDARDERRORLOGCLASS
  560A28 VMT$STANDARDERRORLOGCLASS
  560A40 TYPE$ERRORSTATUSCLASS
  560B34 VMT$ERRORSTATUSCLASS
  560B40 TYPE$UNTHREADEDFILEOPENERMAP
  560B64 TCB$UNTHREADEDFILEOPENERMAP
  560B74 TYPE$FILESMANAGER
  560BB8 VMT$FILESMANAGER
  560BC4 TYPE$FILEMAPPING_T
  560BF0 TYPE$FILEMAPPING_R
  560C20 TYPE$STATUSQ_T
  560C88 TYPE$FUZZYCLASS
  560D30 VMT$FUZZYCLASS
  560EBC TYPE$INICLASS
  560F04 VMT$INICLASS
  560F8C TYPE$BUTTONLIST
  560FB0 TYPE$COMPONENTLIST
  560FCC TYPE$CRITICALSECTION
  560FE4 VMT$CRITICALSECTION
  560FF0 TYPE$CRITICALPROCEDURE
  561008 VMT$CRITICALPROCEDURE
  56AD80 TYPE$GLLQ:GLOBALLOADLIBRARYQ
  56ADF8 TCB$GLLQ:GLOBALLOADLIBRARYQ
  56AE08 TYPE$DICTIONARY
  56AE18 VMT$DICTIONARY
  56AE24 $GSCM:SERVICENAME
  56AF24 $GSS:SERVICESTATUS
  56AF40 $GSCM:SERVICESTARTNAME
  56B340 $GSCM:ERRORCONTROL
  56B344 $GSCM:STARTTYPE
  56B348 $GSCM:SERVICETYPE
  56B34C $GSCM:SERVICEDESIREDACCESS
  56B350 $GSCM:SCMDESIREDACCESS
  56B354 $GCL:COMMANDLINEACTION
  56B880 VMTP$DICTIONARY
  56B888 VMTP$FILESMANAGER
  56B890 VMTP$INICLASS
  56B898 VMTP$HISTHANDLERCLASS
  56B8A0 VMTP$MSGBOXCLASS
  56B8A8 VMTP$ERRORCLASS
  56B8B0 VMTP$STANDARDERRORLOGCLASS
  56B8B8 VMTP$ERRORSTATUSCLASS
  56B8C0 VMTP$FUZZYCLASS
  56B8C8 VMTP$CRITICALSECTION
  56B8D0 VMTP$CRITICALPROCEDURE
  56B8E0 $GSCM:CHANGESERVICECONFIG2AGRP
  6AC5B4 $GSCM:DEPENDENCIESARRAYGRP
  6B29B8 $GSCM:QUERYSERVICECONFIG2AGRP
  7F378C $GSCM:QUERYSERVICECONFIGAGRP
  7FA2B4 $COLORMAP
  7FA2EC $MULTIWINDOW
  7FA2F0 $TXTWINDOW
  7FA2F4 $WINDOW
  7FA2F8 STDERRORFILE$RECORD
  7FA6F8 $UNTHREADEDFILEOPENERMAP
  7FA700 $CREATEOPENERCRIT
  7FA708 P197$MEMOS$DBTEXTLOGFILE
  7FA810 $GOVIE:OSVERSIONINFOEXA
  7FA8AC $GSCV:SERVICETABLEENTRYA
  7FA8FC $GLLQ:GLOBALLOADLIBRARYQ
  7FB108 $FUZZYMATCHER
  7FC72C $GLOBALERRORS
  7FC760 $INIMGR
  7FC878 $GEC:EXITAPP
  7FC87C $GEC:EXITCODE
  7FC880 $GLLA:EXITPROCESS
  7FC884 $GLO:SERVICEINSTANCES
  7FC888 $GLO:RVBOOL
  7FC88C $GLLA:STARTSERVICECTRLDISPATCHERA
  7FC890 $GLO:LASTERROR
  7FC894 $LCURRENTFDSETTING
  7FC898 $LADJFDSETTING
  7FC89C $GSCV:SERVICECTRLHANDLERHANDLE
  7FC8A0 $GSCV:SERVICEMODE
  7FC8A4 $GLLA:WAITFORMULTIPLEOBJECTSEX
  7FC8A8 $GLLA:WAITFORSINGLEOBJECT
  7FC8AC $GLLA:GETPROCADDRESS
  7FC8B0 $GLLA:GETMODULEHANDLEA
  7FC8B4 $GLLA:RESETEVENT
  7FC8B8 $GLLA:SETEVENT
  7FC8BC $GLLA:PROCESS32NEXT
  7FC8C0 $GLLA:PROCESS32FIRST
  7FC8C4 $GLLA:CREATETOOLHELP32SNAPSHOT
  7FC8C8 $GLLA:GETCURRENTPROCESSID
  7FC8CC $GLLA:GETPROCESSIMAGEFILENAMEA
  7FC8D0 $GLLA:LSTRLENW
  7FC8D4 $GLLA:GETACP
  7FC8D8 $GLLA:WIDECHARTOMULTIBYTE
  7FC8DC $GLLA:GETCURRENTPROCESS
  7FC8E0 $GLLA:NTQUERYINFORMATIONPROCESS
  7FC8E4 $GLLA:SHGETFOLDERPATHA
  7FC8E8 $GLLA:GETMODULEFILENAMEEXA
  7FC8EC $GLLA:OPENPROCESS
  7FC8F0 $GLLA:GETVERSIONEXA
  7FC8F4 $GLLA:CREATEEVENTEXA
  7FC8F8 $GLLA:CREATEEVENTA
  7FC8FC $GLLA:SETSERVICESTATUS
  7FC900 $GLLA:REGISTERSERVICECTRLHANDLERA
  7FC904 $GLLA:CHANGESERVICECONFIG2A
  7FC908 $GLLA:CHANGESERVICECONFIGA
  7FC90C $GLLA:QUERYSERVICECONFIG2A
  7FC910 $GLLA:QUERYSERVICECONFIGA
  7FC914 $GLLA:DELETESERVICE
  7FC918 $GLLA:OPENSERVICEA
  7FC91C $GLLA:CREATESERVICEA
  7FC920 $GLLA:CLOSESERVICEHANDLE
  7FC924 $GLLA:OPENSCMANAGERA
  7FC928 $GS:PROCESSENTRY32
  7FCA50 $GSCM:CHANGESERVICECONFIGAGRP
  7FCA78 $GSCM:PASSWORD
  7FCE78 $GSCM:TAGID
  7FCE7C $GSCM:LOADORDERGROUP
  7FCF7C $GSCM:BINARYPATHNAME
  7FD37C $GSCM:SERVICELASTERROR
  7FD380 $GSCM:SERVICEHANDLE
  7FD384 $GSCM:SCMLASTERROR
  7FD388 $GSCM:SCMHANDLE
  7FD38C $GSCM:DATABASENAME
  7FD78C $GSCM:MACHINENAME
  7FDB8C $GCL:BINARYFILENAME
  7FDF8C $GCL:BINARYPATH
  7FE38C $GCL:COMMANDLINEFLAGS
  7FE78C $GCL:COMMANDLINE
  7FEB8C $GWOS:RV:WAITOBJECT:SIGNALEVENT
  7FEB90 $GWOE:EVENT:SERVICE_ACCEPT_USERMODEREBOOT
  7FEB94 $GWOE:EVENT:SERVICE_ACCEPT_TRIGGEREVENT
  7FEB98 $GWOE:EVENT:SERVICE_ACCEPT_TIMECHANGE
  7FEB9C $GWOE:EVENT:SERVICE_ACCEPT_PRESHUTDOWN
  7FEBA0 $GWOE:EVENT:SERVICE_ACCEPT_SESSIONCHANGE
  7FEBA4 $GWOE:EVENT:SERVICE_ACCEPT_POWEREVENT
  7FEBA8 $GWOE:EVENT:SERVICE_ACCEPT_HARDWAREPROFILECHANGE
  7FEBAC $GWOE:EVENT:SERVICE_ACCEPT_DEVICEEVENT
  7FEBB0 $GWOE:EVENT:SERVICE_ACCEPT_NETBINDDISABLE
  7FEBB4 $GWOE:EVENT:SERVICE_ACCEPT_NETBINDENABLE
  7FEBB8 $GWOE:EVENT:SERVICE_ACCEPT_NETBINDREMOVE
  7FEBBC $GWOE:EVENT:SERVICE_ACCEPT_NETBINDCHANGE
  7FEBC0 $GWOE:EVENT:SERVICE_ACCEPT_NETBINDADD
  7FEBC4 $GWOE:EVENT:SERVICE_ACCEPT_PARAMCHANGE
  7FEBC8 $GWOE:EVENT:SERVICE_ACCEPT_SHUTDOWN
  7FEBCC $GWOE:EVENT:SERVICE_ACCEPT_INTERROGATE
  7FEBD0 $GWOE:EVENT:SERVICE_ACCEPT_CONTINUE
  7FEBD4 $GWOE:EVENT:SERVICE_ACCEPT_PAUSE
  7FEBD8 $GWOE:EVENT:SERVICE_ACCEPT_STOP
  7FEBDC $GWOE:EVENT:WAITOBJECTHANDLESARRAYCNT
  7FEBE0 $GWOE:EVENT:WAITOBJECTHANDLESARRAY
  7FECE0 $GNN:HIGHESTNODENUMBER
  7FECE4 $GNTQ:RTL_USER_PROCESS_PARAMETERS
  7FED2C $GNTQ:PEB
  7FEF04 $GNTQ:PROCESSBASICINFORMATIONGRP
  7FEF1C $GPP:MODULEFILENAME
  800008 P20$OUTFILE
  800054 P21$INFILE
  8000A0 P197$DBTEXTLOGFILE
  8000EC P82$EXTRACTFILE
  800144 P20$OUTFILE$OUTFILE@:RECORD
  808148 P21$INFILE$INFILE@:RECORD
  810148 $GLOBALERRORSTATUS
  810868 $GLOBALREQUEST
  81086C $GLOBALRESPONSE
  810870 $VCRREQUEST
  810874 $DICTIONARY
  810878 $FILESMANAGER
  810890 $SZDBTEXTLOG
  810998 P197$DBTEXTLOGFILE$RECORD
  810D84 P82$EXTRACTFILE$EXTRACTFILE@:RECORD
  812000 __import_section_start
  813064 __import_section_end

Imports
c60ascx:ASCII 812080
c60dosx:DOS 812090
c60runx:AttachThreadToClarion 8122B4,401000
c60runx:Cla$ACCEPTED 8122B8,401008
c60runx:Cla$ADDqueue 8122BC
c60runx:Cla$AssertFailed 8122C0
c60runx:Cla$AssertFailedM 8122C4
c60runx:Cla$AssignRefUfo 8122C8
c60runx:Cla$BEEP 8122CC,401010
c60runx:Cla$CLEAR 8122D0
c60runx:Cla$clearstr 8122D4
c60runx:Cla$ClearType 8122D8
c60runx:Cla$CLOCK 8122DC,401018
c60runx:Cla$CLOSEwindow 8122E0,401020
c60runx:Cla$code 8122E4
c60runx:Cla$COMMAND 8122E8,401028
c60runx:Cla$comparestr 8122EC
c60runx:Cla$DecAdd 8122F0
c60runx:Cla$DecDistinct 8122F4
c60runx:Cla$DecDistinctR 8122F8
c60runx:Cla$DecSub 8122FC
c60runx:Cla$DELETEqueue 812300,401030
c60runx:Cla$DELETEREG 812304,401038
c60runx:Cla$DISABLE 812308,401040
c60runx:Cla$DISPLAY 81230C,401048
c60runx:Cla$DISPOSEqueue 812310
c60runx:Cla$DISPOSEref 812314
c60runx:Cla$Dlongpower 812318
c60runx:Cla$DPopLong 81231C
c60runx:Cla$DPopReal 812320
c60runx:Cla$DPopUlong 812324
c60runx:Cla$DPushLong 812328
c60runx:Cla$DPushULong 81232C
c60runx:Cla$duplicate 812330
c60runx:Cla$ENABLE 812334,401050
c60runx:Cla$EndEventLoop 812338
c60runx:Cla$ERRORCODE 81233C,401058
c60runx:Cla$EVENT 812340,401060
c60runx:Cla$FIELD 812344,401068
c60runx:Cla$FILEERRORCODE 812348,401070
c60runx:Cla$FILEERRORMSG 81234C,401078
c60runx:Cla$FileExists 812350,401080
c60runx:Cla$FILE_ADDf 812354
c60runx:Cla$FILE_CLOSE 812358,401088
c60runx:Cla$FILE_CREATE 81235C
c60runx:CLA$FILE_DESTROY 812360
c60runx:Cla$FILE_NAME 812364,401090
c60runx:Cla$FILE_OPEN 812368,401098
c60runx:Cla$FILE_POSITIONf 81236C,4010A0
c60runx:Cla$FILE_POSITIONk 812370,4010A8
c60runx:Cla$FILE_REGETf 812374,4010B0
c60runx:Cla$FILE_REGETk 812378,4010B8
c60runx:Cla$FOCUS 81237C,4010C0
c60runx:Cla$FREEqueue 812380
c60runx:Cla$FREEqueuea 812384,4010C8
c60runx:Cla$freestr 812388
c60runx:Cla$FreeUfo 81238C
c60runx:Cla$freewindow 812390
c60runx:Cla$GETINI 812394,4010D0
c60runx:Cla$GetPropS 812398
c60runx:Cla$GETqueuekey 81239C,4010D8
c60runx:Cla$GETqueueptr 8123A0
c60runx:Cla$GETREG 8123A4,4010E0
c60runx:Cla$HALT 8123A8,4010E8
c60runx:Cla$init 8123AC
c60runx:Cla$INSTANCE 8123B0,4010F0
c60runx:Cla$KEYCODE 8123B4,4010F8
c60runx:Cla$longtostr 8123B8
c60runx:Cla$Mem2Ufo 8123BC
c60runx:Cla$MessageBox 8123C0,401100
c60runx:Cla$NewCriticalSection 8123C4,401108
c60runx:Cla$NewMemB 8123C8
c60runx:Cla$NewMemT 8123CC
c60runx:Cla$NewMemZ 8123D0
c60runx:Cla$NEWqueue 8123D4
c60runx:Cla$NOTIFICATION 8123D8,401110
c60runx:Cla$OPENowned 8123DC,401118
c60runx:Cla$OPENwindow 8123E0,401120
c60runx:Cla$PEEK 8123E4
c60runx:Cla$POINTERqueue 8123E8,401128
c60runx:Cla$PopAString 8123EC
c60runx:Cla$PopBind 8123F0,401130
c60runx:Cla$PopCString 8123F4
c60runx:Cla$PopString 8123F8
c60runx:Cla$PopTemp 8123FC
c60runx:Cla$POST 812400,401138
c60runx:Cla$PushAString 812404
c60runx:Cla$PushBind 812408,401140
c60runx:Cla$PushCString 81240C
c60runx:Cla$PushLong 812410
c60runx:Cla$PushPictLong 812414
c60runx:Cla$PushReal 812418
c60runx:Cla$PushString 81241C
c60runx:Cla$PushUfo 812420
c60runx:Cla$PUTINI 812424,401148
c60runx:Cla$PUTqueue 812428
c60runx:Cla$PUTREG 81242C,401150
c60runx:Cla$pwopen 812430,401158
c60runx:Cla$realdistinct 812434
c60runx:Cla$RECORDSqueue 812438,401160
c60runx:Cla$RefAssignAny 81243C
c60runx:Cla$REGULAR 812440,401168
c60runx:Cla$SELECT 812444,401170
c60runx:Cla$SETCURSOR 812448,401178
c60runx:Cla$SETKEYCODE 81244C,401180
c60runx:Cla$SetPropS 812450
c60runx:Cla$SetPropV 812454
c60runx:Cla$Stack2DStack 812458
c60runx:Cla$Stack2Ufo 81245C
c60runx:Cla$StackCLIP 812460,401188
c60runx:Cla$StackCompareN 812464
c60runx:Cla$StackCompareNEQ 812468
c60runx:Cla$StackConcat 81246C
c60runx:Cla$StackConcatR 812470
c60runx:Cla$StackErrstr 812474,401190
c60runx:Cla$StackHeap 812478
c60runx:Cla$StackINSTRING 81247C,401198
c60runx:Cla$StackLen 812480,4011A0
c60runx:Cla$StackRotate 812484
c60runx:Cla$StackSUB 812488,4011A8
c60runx:Cla$StackUPPER 81248C,4011B0
c60runx:Cla$StartEventLoop 812490
c60runx:Cla$storecstr 812494
c60runx:Cla$storestr 812498
c60runx:Cla$THREAD 81249C,4011B8
c60runx:Cla$TODAY 8124A0,4011C0
c60runx:Cla$UNHIDE 8124A4,4011C8
c60runx:Cla$UNREGISTEREVENT 8124A8,4011D0
c60runx:Cla$WHAT 8124AC,4011D8
c60runx:THR$GetInstance 8124B0,4011E0
c60runx:Wsl$CloseDown 8124B4,4011E8
c60runx:_exit 8124B8,4011F0
c60runx:_free 8124BC
c60runx:_malloc 8124C0
c60runx:__sysinit 8124C4,4011F8
c60runx:__sysstart 8124C8,401200
KERNEL32.dll:FreeLibrary 8124EC,401208
KERNEL32.dll:GetLastError 8124F0,401210
KERNEL32.dll:GetProcAddress 8124F4,401218
KERNEL32.dll:LoadLibraryExA 8124F8,401220
KERNEL32.dll:lstrcpyA 8124FC,401228
KERNEL32.dll:OutputDebugStringA 812500,401230
USER32.dll:SystemParametersInfoA 812510



Entry Point:   407B80