  401220     304E Code                ABERROR_TEXT
  404270      1F9 Code                ABFILE_TEXT
  40446C      249 Code                ABFUZZY_TEXT
  4046B8       C2 Code                ABRESIZE_TEXT
  40477C      102 Code                ABTOOLBA_TEXT
  404880     1174 Code                ABUTIL_TEXT
  4059F4     20A0 Code                ABWINDOW_TEXT
  407A94       D2 Code                CWSYNCHC_TEXT
  407B68       2D Code                IEXE32_TEXT
  407B98      386 Code                INIT_TEXT
  407F20        D Code                INST00_TEXT
  407F30       D8 Code                SCLOADLIBRARYHACK_TEXT
  408008      2A4 Code                SVC001_TEXT
  4082AC      248 Code                SVC003_TEXT
  4084F4      80C Code                SVC004_TEXT
  408D00       84 Code                SVC005_TEXT
  408D84       15 Code                SVCBC0_TEXT
  408D9C       1B Code                SVCBC_TEXT
  408DB8      51F Code                SVC_TEXT
  40A000       2A Initialized Data    ABEIP_CONST
  40A02C       3C Initialized Data    ABEIP_DATA
  40A068      6E8 Initialized Data    ABERROR_CONST
  40A750     1BF0 Initialized Data    ABERROR_DATA
  40C340        0 Initialized Data    ABFILE_CONST
  40C340      147 Initialized Data    ABFILE_DATA
  40C488       B4 Initialized Data    ABFUZZY_DATA
  40C53C       1D Initialized Data    ABTOOLBA_CONST
  40C55C      145 Initialized Data    ABUTIL_CONST
  40C6A4       AB Initialized Data    ABUTIL_DATA
  40C750       39 Initialized Data    ABWINDOW_CONST
  40C78C       3F Initialized Data    ABWINDOW_DATA
  40C7CC       48 Initialized Data    CWSYNCHC_DATA
  40C814        E Initialized Data    CWUTIL_CONST
  40C824       36 Initialized Data    CWUTIL_DATA
  40C85C       3C Initialized Data    IEXE32_DATA
  40C898        C Initialized Data    SVC001_CONST
  40C8A4       8B Initialized Data    SVC003_CONST
  40C930      3A9 Initialized Data    SVC004_CONST
  40CCDC      211 Initialized Data    SVC_CONST
  40CEF0      1A4 Initialized Data    SVC_DATA
  40D094        0 Initialized Data    __CPPINI_CONS
  40D094      284 Initialized Data    __CPPINI_CONST
  40D318        4 Initialized Data    __CPPINI_END
  40D31C        0 Initialized Data    __INIVMT_CONS
  40D31C       58 Initialized Data    __INIVMT_CONST
  40D374        0 Initialized Data    __INIVMT_CONST_END
  40D380       40 Un-initialized Data ABEIP_BSS
  40D3C0      404 Un-initialized Data ABERROR_BSS
  40D7C4       10 Un-initialized Data ABFILE_BSS
  40D7D4        4 Un-initialized Data ABFUZZY_BSS
  40D7D8      104 Un-initialized Data ABUTIL_BSS
  40D8DC        0 Un-initialized Data CWUTIL_BSS
  40D8DC     2480 Un-initialized Data SVC_BSS
  410000        8 __T_L_S__DAT
  410008      130 __T_L_S__DATA
  410138        0 __T_L_S__DATA_END
  410140        0 __T_L_S__BS
  410140    11044 __T_L_S__BSS
  421184        0 __T_L_S__BSS_END

  401220 REPLACE@FsbsbRsc
  401348 KILL_@_WINDOWCOMPONENT_@_HISTHANDLERCLASS@F15WINDOWCOMPONENT
  401354 RESET_@_WINDOWCOMPONENT_@_HISTHANDLERCLASS@F15WINDOWCOMPONENTUc
  401368 RESETREQUIRED_@_WINDOWCOMPONENT_@_HISTHANDLERCLASS@F15WINDOWCOMPONENT
  401378 SETALERTS_@_WINDOWCOMPONENT_@_HISTHANDLERCLASS@F15WINDOWCOMPONENT
  401384 TAKEEVENT_@_WINDOWCOMPONENT_@_HISTHANDLERCLASS@F15WINDOWCOMPONENT
  4013A0 UPDATE_@_WINDOWCOMPONENT_@_HISTHANDLERCLASS@F15WINDOWCOMPONENT
  4013AC UPDATEWINDOW_@_WINDOWCOMPONENT_@_HISTHANDLERCLASS@F15WINDOWCOMPONENT
  4013CC VLBPROC@F16HISTHANDLERCLASSls
  4014C8 TAKEEVENT@F16HISTHANDLERCLASS
  4015A8 INIT@F16HISTHANDLERCLASSBw10ERRORCLASS16ERRORHISTORYLIST
  4015E0 _VLBPROC@F16HISTHANDLERCLASSls
  401618 TAKEACCEPTED@F11MSGBOXCLASS
  401668 SETUPADDITIONALFEQS@F11MSGBOXCLASS
  401700 KILL@F11MSGBOXCLASS
  401754 INIT@F11MSGBOXCLASS
  401A40 INIT@F11MSGBOXCLASSBw10ERRORCLASSOsbllll
  401AFC FETCHSTDBUTTON@F11MSGBOXCLASSs
  401B50 GETALLSTATUSVARIABLES@F10ERRORCLASS16ERRORSTATUSGROUP
  401BC8 GETERRORBUFFERFATALITY@F10ERRORCLASS
  401C34 GETERRORBUFFERTITLE@F10ERRORCLASS
  401CA8 GETERRORBUFFERID@F10ERRORCLASS
  401D04 STOREERRORENTRY@F10ERRORCLASSUs
  401E94 GETHISTORYRESETONVIEW@F10ERRORCLASS
  401EE8 SETHISTORYRESETONVIEW@F10ERRORCLASSUc
  401F40 GETHISTORYVIEWLEVEL@F10ERRORCLASS
  401F94 SETHISTORYVIEWLEVEL@F10ERRORCLASSl
  401FEC GETHISTORYTHRESHOLD@F10ERRORCLASS
  402040 SETHISTORYTHRESHOLD@F10ERRORCLASSl
  402098 GETLOGERRORS@F10ERRORCLASS
  4020EC GETSILENT@F10ERRORCLASS
  402140 SETDEFAULTCATEGORY@F10ERRORCLASSsa
  402198 GETDEFAULTCATEGORY@F10ERRORCLASS
  4021EC VIEWHISTORY@F10ERRORCLASS
  402250 THROW@F10ERRORCLASSs
  40227C TAKEUSER@F10ERRORCLASS
  4022EC TAKEPROGRAM@F10ERRORCLASS
  402308 TAKEOTHER@F10ERRORCLASS
  402324 TAKENOTIFY@F10ERRORCLASS
  402380 TAKEFATAL@F10ERRORCLASS
  402410 TAKEERROR@F10ERRORCLASSs
  402604 TAKEBENIGN@F10ERRORCLASS
  402614 SUBSSTRING@F10ERRORCLASS
  402A28 GETERRORENTRY@F10ERRORCLASSUs15ERRORENTRYGROUPl
  402AD8 GETERRORENTRY@F10ERRORCLASSUs15ERRORENTRYGROUP
  402B3C SETID@F10ERRORCLASSUsl
  402BBC SETID@F10ERRORCLASSUs
  402C20 SETERRORS@F10ERRORCLASS
  402CE4 SETERRORLOG@F10ERRORCLASS17ERRORLOGINTERFACE
  402DCC SETCATEGORY@F10ERRORCLASSssa
  402E64 RESETHISTORY@F10ERRORCLASS
  402EC8 REMOVEERROR@F10ERRORCLASSUs
  402F68 MESSAGEBOX@F10ERRORCLASSUcsbOsbOsblll
  402FFC MSG@F10ERRORCLASSsbOsbOsblll
  4033D4 MESSAGE@F10ERRORCLASSsll
  403468 KILL@F10ERRORCLASS
  403538 INIT@F10ERRORCLASS16ERRORSTATUSCLASS
  4035A4 INIT@F10ERRORCLASS
  4036C4 HISTORYMSG@F10ERRORCLASSsblll
  403888 GETPROCEDURENAME@F10ERRORCLASS
  4039CC GETCATEGORY@F10ERRORCLASSs
  403A80 ADDHISTORY@F10ERRORCLASS
  403B14 ADDERRORS@F10ERRORCLASS10ERRORBLOCK
  403CEC ADDERROR@F10ERRORCLASSUsRsbRsbUcsa
  403E14 DESTRUCT@F10ERRORCLASS
  403E3C CONSTRUCT@F10ERRORCLASS
  403E60 DESTRUCT@F16ERRORSTATUSCLASS
  403EA4 CONSTRUCT@F16ERRORSTATUSCLASS
  404018 CLOSE_@_ERRORLOGINTERFACE_@_STANDARDERRORLOGCLASS@F17ERRORLOGINTERFACEUc
  404038 OPEN_@_ERRORLOGINTERFACE_@_STANDARDERRORLOGCLASS@F17ERRORLOGINTERFACEUc
  404058 TAKE_@_ERRORLOGINTERFACE_@_STANDARDERRORLOGCLASS@F17ERRORLOGINTERFACEsb
  404100 CLOSE@F21STANDARDERRORLOGCLASSUc
  40418C OPEN@F21STANDARDERRORLOGCLASSUc
  404240 DESTRUCT@F21STANDARDERRORLOGCLASS
  404258 CONSTRUCT@F21STANDARDERRORLOGCLASS
  404270 DESTRUCT@F12FILESMANAGER
  4042CC CONSTRUCT@F12FILESMANAGER
  404330 TRYREGET@F11FILEMANAGERsb
  4043E0 POSITION@F11FILEMANAGER
  40446C SETOPTION@F10FUZZYCLASSUcUc
  4044F4 KILL@F10FUZZYCLASS
  404500 INIT@F10FUZZYCLASS
  404528 CONSTRUCT@F10FUZZYCLASS
  4046B8 TAKERESIZE@F17WINDOWRESIZECLASS
  4046D4 KILL@F17WINDOWRESIZECLASS
  40477C SETTARGET@F12TOOLBARCLASSl
  404880 UPDATEQUEUE@F8INICLASSsbsbBqRuPuPuPu
  404AAC UPDATE@F8INICLASSsbsbsb
  404B6C UPDATE@F8INICLASS
  404B78 TRYFETCH@F8INICLASSsbsb
  404BF0 REMOVE@F8INICLASSsbsb
  404D80 KILL@F8INICLASS
  404EC4 INIT@F8INICLASSsbll
  405000 FETCHQUEUE@F8INICLASSsbsbBqRuPuPuPu
  40526C FETCHFIELD@F8INICLASSsbsbUc
  4053D8 FETCH@F8INICLASSsbsb
  405560 FETCH@F8INICLASS
  40556C UPDATE@F8INICLASSsbsbsbsb
  40576C FETCH@F8INICLASSsbsbsbsb
  4059B0 DESTRUCT@F8INICLASS
  4059D8 CONSTRUCT@F8INICLASS
  4059F4 SAVEONINSERTACTION@F13WINDOWMANAGER
  405AD8 SAVEONCHANGEACTION@F13WINDOWMANAGER
  405C2C DELETEACTION@F13WINDOWMANAGER
  405E28 CHANGEACTION@F13WINDOWMANAGER
  406240 INSERTACTION@F13WINDOWMANAGER
  4064A4 TAKEDISABLEBUTTON@F13WINDOWMANAGERlUc
  4064E8 UPDATE@F13WINDOWMANAGER
  406540 TAKEWINDOWEVENT@F13WINDOWMANAGER
  4066A4 TAKESELECTED@F13WINDOWMANAGER
  4066B4 TAKEREJECTED@F13WINDOWMANAGER
  4066FC TAKENOTIFY@F13WINDOWMANAGERlll
  406724 TAKENEWSELECTION@F13WINDOWMANAGER
  4067A8 TAKEFIELDEVENT@F13WINDOWMANAGER
  4067B8 TAKEEVENT@F13WINDOWMANAGER
  406994 TAKECLOSEEVENT@F13WINDOWMANAGER
  406B8C TAKECOMPLETED@F13WINDOWMANAGER
  406CB0 TAKEACCEPTED@F13WINDOWMANAGER
  406DE8 SETRESPONSE@F13WINDOWMANAGERUc
  406E48 SETALERTS@F13WINDOWMANAGER
  406F20 SAVEHISTORY@F13WINDOWMANAGER
  406FEC RUN@F13WINDOWMANAGERUsUc
  40700C RUN@F13WINDOWMANAGER
  40705C RESTOREFIELD@F13WINDOWMANAGERl
  40723C RESETBUFFERS@F13WINDOWMANAGERUc
  4072A4 RESET@F13WINDOWMANAGERUc
  40735C PRIMEUPDATE@F13WINDOWMANAGER
  407508 PRIMEFIELDS@F13WINDOWMANAGER
  407514 POSTCOMPLETED@F13WINDOWMANAGER
  4075C8 OPEN@F13WINDOWMANAGERBwBw
  40762C OPEN@F13WINDOWMANAGER
  407678 KILL@F13WINDOWMANAGER
  407834 INIT@F13WINDOWMANAGER
  4078DC ASK@F13WINDOWMANAGER
  40794C ADDITEM@F13WINDOWMANAGER15WINDOWCOMPONENT
  4079BC DISABLECANCELCONTROLS@F13WINDOWMANAGER
  407A28 ENABLECANCELCONTROLS@F13WINDOWMANAGER
  407A94 DESTRUCT@F15CRITICALSECTION
  407AB4 CONSTRUCT@F15CRITICALSECTION
  407AD0 KILL@F17CRITICALPROCEDURE
  407B04 INIT@F17CRITICALPROCEDURE11ISYNCOBJECT
  407B3C DESTRUCT@F17CRITICALPROCEDURE
  407B50 CONSTRUCT@F17CRITICALPROCEDURE
  407F20 __thr_inst0
  407F30 ISWA_SetEvent
  407F50 api_WaitForSingleObject
  407F78 ISWA_CreateEventA
  407FB0 ISWA_SetServiceStatus
  407FD8 ISWA_RegisterServiceCtrlHandlerExA
  408008 MAIN@F
  4082AC SERVICEHANDLEREXA
  40863C LOADLIBRARYEX@F
  408D00 FREELIBRARYEX@F
  408D84 SVCBC0$SVCBC0:FILESINIT@F
  408D8C SVCBC0$SVCBC0:DCTKILL@F
  408D94 SVCBC0$SVCBC0:DCTINIT@F
  408D9C DCTKILL@F
  408DA8 DCTINIT@F
  408DB8 _main
  4092A8 DESTRUCT@F10DICTIONARY
  4092BC CONSTRUCT@F10DICTIONARY
  40A02C TYPE$COLORMAP
  40A058 TCB$COLORMAP
  40A750 STDERRORFILE$TYPE$RECORD
  40A768 $STDERRORFILE
  40A7B4 TYPE$PNQ
  40A7D4 TYPE$DEFAULTERRORS
  40AA34 $DEFAULTERRORS
  40BBA8 TYPE$HISTHANDLERCLASS
  40BBF0 VMT$HISTHANDLERCLASS
  40BC20 TYPE$MSGBOXCLASS
  40BE98 VMT$MSGBOXCLASS
  40BF20 TYPE$ERRORCLASS
  40C1A4 VMT$ERRORCLASS
  40C1F0 TYPE$STANDARDERRORLOGCLASS
  40C228 VMT$STANDARDERRORLOGCLASS
  40C240 TYPE$ERRORSTATUSCLASS
  40C334 VMT$ERRORSTATUSCLASS
  40C340 TYPE$UNTHREADEDFILEOPENERMAP
  40C364 TCB$UNTHREADEDFILEOPENERMAP
  40C374 TYPE$FILESMANAGER
  40C3B8 VMT$FILESMANAGER
  40C3C4 TYPE$FILEMAPPING_T
  40C3F0 TYPE$FILEMAPPING_R
  40C420 TYPE$STATUSQ_T
  40C488 TYPE$FUZZYCLASS
  40C530 VMT$FUZZYCLASS
  40C6BC TYPE$INICLASS
  40C704 VMT$INICLASS
  40C78C TYPE$BUTTONLIST
  40C7B0 TYPE$COMPONENTLIST
  40C7CC TYPE$CRITICALSECTION
  40C7E4 VMT$CRITICALSECTION
  40C7F0 TYPE$CRITICALPROCEDURE
  40C808 VMT$CRITICALPROCEDURE
  40CEF0 TYPE$GLLQ:GLOBALLOADLIBRARYQ
  40CF68 TCB$GLLQ:GLOBALLOADLIBRARYQ
  40CF78 TYPE$DICTIONARY
  40CF88 VMT$DICTIONARY
  40CF94 $GSCM:SERVICENAME
  40D31C VMTP$DICTIONARY
  40D324 VMTP$FILESMANAGER
  40D32C VMTP$INICLASS
  40D334 VMTP$HISTHANDLERCLASS
  40D33C VMTP$MSGBOXCLASS
  40D344 VMTP$ERRORCLASS
  40D34C VMTP$STANDARDERRORLOGCLASS
  40D354 VMTP$ERRORSTATUSCLASS
  40D35C VMTP$FUZZYCLASS
  40D364 VMTP$CRITICALSECTION
  40D36C VMTP$CRITICALPROCEDURE
  40D380 $COLORMAP
  40D3B8 $MULTIWINDOW
  40D3BC $TXTWINDOW
  40D3C0 $WINDOW
  40D3C4 STDERRORFILE$RECORD
  40D7C4 $UNTHREADEDFILEOPENERMAP
  40D7CC $CREATEOPENERCRIT
  40D7D4 P197$MEMOS$DBTEXTLOGFILE
  40D8DC P82$KEYS$EXTRACTFILE
  40D92C $GLLQ:GLOBALLOADLIBRARYQ
  40E138 $FUZZYMATCHER
  40F75C $GLOBALERRORS
  40F790 $INIMGR
  40F8A8 $GLO:DBMSG
  40FCA8 $GSCV:SERVICECTRLHANDLERHANDLE
  40FCAC $GLLA:REGISTERSERVICECTRLHANDLERA
  40FCB0 $GLO:LASTERROR
  40FCB4 $GSS:SERVICESTATUS
  40FCD0 $GLLA:SETSERVICESTATUS
  40FCD4 $GLO:RVBOOL
  40FCD8 $LCURRENTFDSETTING
  40FCDC $LADJFDSETTING
  40FCE0 $GSCV:EVENTKILLSERVICE
  40FCE4 $GLLA:GETPROCADDRESS
  40FCE8 $GLLA:GETMODULEHANDLEA
  40FCEC $GLLA:SETEVENT
  40FCF0 $GLLA:EVENTKILLSERVICE
  40FCF4 $GLLA:PROCESS32NEXT
  40FCF8 $GLLA:PROCESS32FIRST
  40FCFC $GLLA:CREATETOOLHELP32SNAPSHOT
  40FD00 $GLLA:GETCURRENTPROCESSID
  40FD04 $GLLA:GETPROCESSIMAGEFILENAMEA
  40FD08 $GLLA:LSTRLENW
  40FD0C $GLLA:GETACP
  40FD10 $GLLA:WIDECHARTOMULTIBYTE
  40FD14 $GLLA:GETCURRENTPROCESS
  40FD18 $GLLA:NTQUERYINFORMATIONPROCESS
  40FD1C $GLLA:SHGETFOLDERPATHA
  40FD20 $GLLA:GETMODULEFILENAMEEXA
  40FD24 $GLLA:OPENPROCESS
  40FD28 $GLLA:EXITPROCESS
  40FD2C $GLLA:GETVERSIONEXA
  40FD30 $GLLA:CREATEEVENTA
  40FD34 $GLLA:STARTSERVICECTRLDISPATCHERA
  40FD38 $GLLA:CHANGESERVICECONFIG2A
  40FD3C $GLLA:CHANGESERVICECONFIGA
  40FD40 $GLLA:QUERYSERVICECONFIG2A
  40FD44 $GLLA:QUERYSERVICECONFIGA
  40FD48 $GLLA:DELETESERVICE
  40FD4C $GLLA:OPENSERVICEA
  40FD50 $GLLA:CREATESERVICEA
  40FD54 $GLLA:CLOSESERVICEHANDLE
  40FD58 $GLLA:OPENSCMANAGERA
  410008 P20$OUTFILE
  410054 P21$INFILE
  4100A0 P197$DBTEXTLOGFILE
  4100EC P82$EXTRACTFILE
  410144 P20$OUTFILE$OUTFILE@:RECORD
  418148 P21$INFILE$INFILE@:RECORD
  420148 $GLOBALERRORSTATUS
  420868 $GLOBALREQUEST
  42086C $GLOBALRESPONSE
  420870 $VCRREQUEST
  420874 $DICTIONARY
  420878 $FILESMANAGER
  420890 $SZDBTEXTLOG
  420998 P197$DBTEXTLOGFILE$RECORD
  420D84 P82$EXTRACTFILE$EXTRACTFILE@:RECORD
  422000 __import_section_start
  422F58 __import_section_end

Imports
c60ascx:ASCII 422080
c60dosx:DOS 422090
c60runx:Cla$ACCEPTED 422290,401000
c60runx:Cla$ADDqueue 422294
c60runx:Cla$AssertFailed 422298
c60runx:Cla$AssertFailedM 42229C
c60runx:Cla$AssignRefUfo 4222A0
c60runx:Cla$BEEP 4222A4,401008
c60runx:Cla$CLEAR 4222A8
c60runx:Cla$CLOCK 4222AC,401010
c60runx:Cla$CLOSEwindow 4222B0,401018
c60runx:Cla$code 4222B4
c60runx:Cla$COMMAND 4222B8,401020
c60runx:Cla$comparestr 4222BC
c60runx:Cla$DecAdd 4222C0
c60runx:Cla$DecDistinct 4222C4
c60runx:Cla$DecDistinctR 4222C8
c60runx:Cla$DELETEqueue 4222CC,401028
c60runx:Cla$DELETEREG 4222D0,401030
c60runx:Cla$DISABLE 4222D4,401038
c60runx:Cla$DISPLAY 4222D8,401040
c60runx:Cla$DISPOSEqueue 4222DC
c60runx:Cla$DISPOSEref 4222E0
c60runx:Cla$Dlongpower 4222E4
c60runx:Cla$DPopLong 4222E8
c60runx:Cla$DPopUlong 4222EC
c60runx:Cla$DPushLong 4222F0
c60runx:Cla$DPushULong 4222F4
c60runx:Cla$duplicate 4222F8
c60runx:Cla$ENABLE 4222FC,401048
c60runx:Cla$EndEventLoop 422300
c60runx:Cla$ERRORCODE 422304,401050
c60runx:Cla$EVENT 422308,401058
c60runx:Cla$FIELD 42230C,401060
c60runx:Cla$FILEERRORCODE 422310,401068
c60runx:Cla$FILEERRORMSG 422314,401070
c60runx:Cla$FileExists 422318,401078
c60runx:Cla$FILE_ADDf 42231C
c60runx:Cla$FILE_CLOSE 422320,401080
c60runx:Cla$FILE_CREATE 422324
c60runx:CLA$FILE_DESTROY 422328
c60runx:Cla$FILE_NAME 42232C,401088
c60runx:Cla$FILE_OPEN 422330,401090
c60runx:Cla$FILE_POSITIONf 422334,401098
c60runx:Cla$FILE_POSITIONk 422338,4010A0
c60runx:Cla$FILE_REGETf 42233C,4010A8
c60runx:Cla$FILE_REGETk 422340,4010B0
c60runx:Cla$FOCUS 422344,4010B8
c60runx:Cla$FREEqueue 422348
c60runx:Cla$FREEqueuea 42234C,4010C0
c60runx:Cla$freestr 422350
c60runx:Cla$FreeUfo 422354
c60runx:Cla$freewindow 422358
c60runx:Cla$GETINI 42235C,4010C8
c60runx:Cla$GetPropS 422360
c60runx:Cla$GETqueuekey 422364,4010D0
c60runx:Cla$GETqueueptr 422368
c60runx:Cla$GETREG 42236C,4010D8
c60runx:Cla$HALT 422370,4010E0
c60runx:Cla$init 422374
c60runx:Cla$INSTANCE 422378,4010E8
c60runx:Cla$KEYCODE 42237C,4010F0
c60runx:Cla$longtostr 422380
c60runx:Cla$Mem2Ufo 422384
c60runx:Cla$MessageBox 422388,4010F8
c60runx:Cla$NewCriticalSection 42238C,401100
c60runx:Cla$NewMemB 422390
c60runx:Cla$NewMemT 422394
c60runx:Cla$NEWqueue 422398
c60runx:Cla$NOTIFICATION 42239C,401108
c60runx:Cla$OPENowned 4223A0,401110
c60runx:Cla$OPENwindow 4223A4,401118
c60runx:Cla$POINTERqueue 4223A8,401120
c60runx:Cla$PopAString 4223AC
c60runx:Cla$PopBind 4223B0,401128
c60runx:Cla$PopCString 4223B4
c60runx:Cla$PopString 4223B8
c60runx:Cla$PopTemp 4223BC
c60runx:Cla$POST 4223C0,401130
c60runx:Cla$PushAString 4223C4
c60runx:Cla$PushBind 4223C8,401138
c60runx:Cla$PushCString 4223CC
c60runx:Cla$PushLong 4223D0
c60runx:Cla$PushPictLong 4223D4
c60runx:Cla$PushString 4223D8
c60runx:Cla$PushUfo 4223DC
c60runx:Cla$PUTINI 4223E0,401140
c60runx:Cla$PUTqueue 4223E4
c60runx:Cla$PUTREG 4223E8,401148
c60runx:Cla$pwopen 4223EC,401150
c60runx:Cla$realdistinct 4223F0
c60runx:Cla$RECORDSqueue 4223F4,401158
c60runx:Cla$RefAssignAny 4223F8
c60runx:Cla$SELECT 4223FC,401160
c60runx:Cla$SETCURSOR 422400,401168
c60runx:Cla$SETKEYCODE 422404,401170
c60runx:Cla$SetPropS 422408
c60runx:Cla$SetPropV 42240C
c60runx:Cla$Stack2DStack 422410
c60runx:Cla$Stack2Ufo 422414
c60runx:Cla$StackCLIP 422418,401178
c60runx:Cla$StackCompareN 42241C
c60runx:Cla$StackCompareNEQ 422420
c60runx:Cla$StackConcat 422424
c60runx:Cla$StackConcatR 422428
c60runx:Cla$StackErrstr 42242C,401180
c60runx:Cla$StackHeap 422430
c60runx:Cla$StackINSTRING 422434,401188
c60runx:Cla$StackLen 422438,401190
c60runx:Cla$StackRotate 42243C
c60runx:Cla$StackSUB 422440,401198
c60runx:Cla$StackUPPER 422444,4011A0
c60runx:Cla$StartEventLoop 422448
c60runx:Cla$storecstr 42244C
c60runx:Cla$storestr 422450
c60runx:Cla$THREAD 422454,4011A8
c60runx:Cla$TODAY 422458,4011B0
c60runx:Cla$UNHIDE 42245C,4011B8
c60runx:Cla$UNREGISTEREVENT 422460,4011C0
c60runx:Cla$WHAT 422464,4011C8
c60runx:THR$GetInstance 422468,4011D0
c60runx:Wsl$CloseDown 42246C,4011D8
c60runx:_exit 422470,4011E0
c60runx:_free 422474
c60runx:_malloc 422478
c60runx:__sysinit 42247C,4011E8
c60runx:__sysstart 422480,4011F0
KERNEL32.dll:FreeLibrary 4224A0,4011F8
KERNEL32.dll:GetLastError 4224A4,401200
KERNEL32.dll:GetProcAddress 4224A8,401208
KERNEL32.dll:LoadLibraryExA 4224AC,401210
KERNEL32.dll:OutputDebugStringA 4224B0,401218
USER32.dll:SystemParametersInfoA 4224C0



Entry Point:   407B68